Archive member included because of file (symbol)

c:/altera/12.0sp2/nios2eds/bin/gnu/h-i686-mingw32/bin/../lib/gcc/nios2-elf/4.1.2/../../../../nios2-elf/lib\libm.a(lib_a-w_sqrt.o)
                              obj/default/Game.o (sqrt)
c:/altera/12.0sp2/nios2eds/bin/gnu/h-i686-mingw32/bin/../lib/gcc/nios2-elf/4.1.2/../../../../nios2-elf/lib\libm.a(lib_a-e_sqrt.o)
                              c:/altera/12.0sp2/nios2eds/bin/gnu/h-i686-mingw32/bin/../lib/gcc/nios2-elf/4.1.2/../../../../nios2-elf/lib\libm.a(lib_a-w_sqrt.o) (__ieee754_sqrt)
c:/altera/12.0sp2/nios2eds/bin/gnu/h-i686-mingw32/bin/../lib/gcc/nios2-elf/4.1.2/../../../../nios2-elf/lib\libm.a(lib_a-s_isnand.o)
                              c:/altera/12.0sp2/nios2eds/bin/gnu/h-i686-mingw32/bin/../lib/gcc/nios2-elf/4.1.2/../../../../nios2-elf/lib\libm.a(lib_a-w_sqrt.o) (__isnand)
c:/altera/12.0sp2/nios2eds/bin/gnu/h-i686-mingw32/bin/../lib/gcc/nios2-elf/4.1.2/../../../../nios2-elf/lib\libm.a(lib_a-s_lib_ver.o)
                              c:/altera/12.0sp2/nios2eds/bin/gnu/h-i686-mingw32/bin/../lib/gcc/nios2-elf/4.1.2/../../../../nios2-elf/lib\libm.a(lib_a-w_sqrt.o) (__fdlib_version)
c:/altera/12.0sp2/nios2eds/bin/gnu/h-i686-mingw32/bin/../lib/gcc/nios2-elf/4.1.2/../../../../nios2-elf/lib\libm.a(lib_a-s_matherr.o)
                              c:/altera/12.0sp2/nios2eds/bin/gnu/h-i686-mingw32/bin/../lib/gcc/nios2-elf/4.1.2/../../../../nios2-elf/lib\libm.a(lib_a-w_sqrt.o) (matherr)
c:/altera/12.0sp2/nios2eds/bin/gnu/h-i686-mingw32/bin/../lib/gcc/nios2-elf/4.1.2\libgcc.a(_le_sf.o)
                              obj/default/Game.o (__lesf2)
c:/altera/12.0sp2/nios2eds/bin/gnu/h-i686-mingw32/bin/../lib/gcc/nios2-elf/4.1.2\libgcc.a(_si_to_sf.o)
                              obj/default/Game.o (__floatsisf)
c:/altera/12.0sp2/nios2eds/bin/gnu/h-i686-mingw32/bin/../lib/gcc/nios2-elf/4.1.2\libgcc.a(_sf_to_df.o)
                              obj/default/Game.o (__extendsfdf2)
c:/altera/12.0sp2/nios2eds/bin/gnu/h-i686-mingw32/bin/../lib/gcc/nios2-elf/4.1.2\libgcc.a(_addsub_df.o)
                              c:/altera/12.0sp2/nios2eds/bin/gnu/h-i686-mingw32/bin/../lib/gcc/nios2-elf/4.1.2/../../../../nios2-elf/lib\libm.a(lib_a-e_sqrt.o) (__subdf3)
c:/altera/12.0sp2/nios2eds/bin/gnu/h-i686-mingw32/bin/../lib/gcc/nios2-elf/4.1.2\libgcc.a(_mul_df.o)
                              obj/default/animation.o (__muldf3)
c:/altera/12.0sp2/nios2eds/bin/gnu/h-i686-mingw32/bin/../lib/gcc/nios2-elf/4.1.2\libgcc.a(_div_df.o)
                              c:/altera/12.0sp2/nios2eds/bin/gnu/h-i686-mingw32/bin/../lib/gcc/nios2-elf/4.1.2/../../../../nios2-elf/lib\libm.a(lib_a-w_sqrt.o) (__divdf3)
c:/altera/12.0sp2/nios2eds/bin/gnu/h-i686-mingw32/bin/../lib/gcc/nios2-elf/4.1.2\libgcc.a(_lt_df.o)
                              c:/altera/12.0sp2/nios2eds/bin/gnu/h-i686-mingw32/bin/../lib/gcc/nios2-elf/4.1.2/../../../../nios2-elf/lib\libm.a(lib_a-w_sqrt.o) (__ltdf2)
c:/altera/12.0sp2/nios2eds/bin/gnu/h-i686-mingw32/bin/../lib/gcc/nios2-elf/4.1.2\libgcc.a(_si_to_df.o)
                              obj/default/animation.o (__floatsidf)
c:/altera/12.0sp2/nios2eds/bin/gnu/h-i686-mingw32/bin/../lib/gcc/nios2-elf/4.1.2\libgcc.a(_df_to_si.o)
                              obj/default/animation.o (__fixdfsi)
c:/altera/12.0sp2/nios2eds/bin/gnu/h-i686-mingw32/bin/../lib/gcc/nios2-elf/4.1.2\libgcc.a(_make_df.o)
                              c:/altera/12.0sp2/nios2eds/bin/gnu/h-i686-mingw32/bin/../lib/gcc/nios2-elf/4.1.2\libgcc.a(_sf_to_df.o) (__make_dp)
c:/altera/12.0sp2/nios2eds/bin/gnu/h-i686-mingw32/bin/../lib/gcc/nios2-elf/4.1.2\libgcc.a(_df_to_sf.o)
                              obj/default/Game.o (__truncdfsf2)
c:/altera/12.0sp2/nios2eds/bin/gnu/h-i686-mingw32/bin/../lib/gcc/nios2-elf/4.1.2\libgcc.a(_thenan_df.o)
                              c:/altera/12.0sp2/nios2eds/bin/gnu/h-i686-mingw32/bin/../lib/gcc/nios2-elf/4.1.2\libgcc.a(_addsub_df.o) (__thenan_df)
c:/altera/12.0sp2/nios2eds/bin/gnu/h-i686-mingw32/bin/../lib/gcc/nios2-elf/4.1.2\libgcc.a(lib2-divmod.o)
                              obj/default/Game.o (__modsi3)
c:/altera/12.0sp2/nios2eds/bin/gnu/h-i686-mingw32/bin/../lib/gcc/nios2-elf/4.1.2\libgcc.a(_muldi3.o)
                              c:/altera/12.0sp2/nios2eds/bin/gnu/h-i686-mingw32/bin/../lib/gcc/nios2-elf/4.1.2\libgcc.a(_mul_df.o) (__muldi3)
c:/altera/12.0sp2/nios2eds/bin/gnu/h-i686-mingw32/bin/../lib/gcc/nios2-elf/4.1.2\libgcc.a(_clzsi2.o)
                              c:/altera/12.0sp2/nios2eds/bin/gnu/h-i686-mingw32/bin/../lib/gcc/nios2-elf/4.1.2\libgcc.a(_si_to_sf.o) (__clzsi2)
c:/altera/12.0sp2/nios2eds/bin/gnu/h-i686-mingw32/bin/../lib/gcc/nios2-elf/4.1.2\libgcc.a(_pack_sf.o)
                              c:/altera/12.0sp2/nios2eds/bin/gnu/h-i686-mingw32/bin/../lib/gcc/nios2-elf/4.1.2\libgcc.a(_si_to_sf.o) (__pack_f)
c:/altera/12.0sp2/nios2eds/bin/gnu/h-i686-mingw32/bin/../lib/gcc/nios2-elf/4.1.2\libgcc.a(_unpack_sf.o)
[...]
Memory Configuration

Name             Origin             Length             Attributes
reset            0x00800000         0x00000020
sdram            0x00800020         0x007fffe0
*default*        0x00000000         0xffffffff

Linker script and memory map

LOAD ../TowerDefence_bsp//obj/HAL/src/crt0.o
LOAD obj/default/Env.o
LOAD obj/default/Frame.o
LOAD obj/default/Game.o
LOAD obj/default/GameInfo.o
LOAD obj/default/Object.o
LOAD obj/default/animation.o
LOAD obj/default/hardCode.o
LOAD c:/altera/12.0sp2/nios2eds/bin/gnu/h-i686-mingw32/bin/../lib/gcc/nios2-elf/4.1.2/../../../../nios2-elf/lib\libstdc++.a
LOAD c:/altera/12.0sp2/nios2eds/bin/gnu/h-i686-mingw32/bin/../lib/gcc/nios2-elf/4.1.2/../../../../nios2-elf/lib\libm.a
LOAD c:/altera/12.0sp2/nios2eds/bin/gnu/h-i686-mingw32/bin/../lib/gcc/nios2-elf/4.1.2\libgcc.a
START GROUP
LOAD c:/altera/12.0sp2/nios2eds/bin/gnu/h-i686-mingw32/bin/../lib/gcc/nios2-elf/4.1.2/../../../../nios2-elf/lib\libc.a
LOAD c:/altera/12.0sp2/nios2eds/bin/gnu/h-i686-mingw32/bin/../lib/gcc/nios2-elf/4.1.2\libgcc.a
LOAD ../TowerDefence_bsp/\libhal_bsp.a
END GROUP
LOAD c:/altera/12.0sp2/nios2eds/bin/gnu/h-i686-mingw32/bin/../lib/gcc/nios2-elf/4.1.2\libgcc.a
                0x00800000                __alt_mem_sdram = 0x800000

.entry          0x00800000       0x20
 *(.entry)
 .entry         0x00800000       0x20 ../TowerDefence_bsp//obj/HAL/src/crt0.o
                0x00800000                __reset

.exceptions     0x00800020      0x194
                0x00800020                PROVIDE (__ram_exceptions_start, ABSOLUTE (.))
                0x00800020                . = ALIGN (0x20)
 *(.irq)
 *(.exceptions.entry.label)
 .exceptions.entry.label
                0x00800020        0x0 ../TowerDefence_bsp/\libhal_bsp.a(alt_irq_entry.o)
                0x00800020                alt_irq_entry
 .exceptions.entry.label
                0x00800020        0x0 ../TowerDefence_bsp/\libhal_bsp.a(alt_exception_entry.o)
                0x00800020                alt_exception
 *(.exceptions.entry.user)
 *(.exceptions.entry)
 .exceptions.entry
                0x00800020       0x54 ../TowerDefence_bsp/\libhal_bsp.a(alt_exception_entry.o)
 *(.exceptions.irqtest.user)
 *(.exceptions.irqtest)
 .exceptions.irqtest
                0x00800074       0x10 ../TowerDefence_bsp/\libhal_bsp.a(alt_irq_entry.o)
 *(.exceptions.irqhandler.user)
 *(.exceptions.irqhandler)
 .exceptions.irqhandler
                0x00800084        0x4 ../TowerDefence_bsp/\libhal_bsp.a(alt_irq_entry.o)
 *(.exceptions.irqreturn.user)
 *(.exceptions.irqreturn)
 .exceptions.irqreturn
                0x00800088        0x4 ../TowerDefence_bsp/\libhal_bsp.a(alt_irq_entry.o)
 *(.exceptions.notirq.label)
 .exceptions.notirq.label
                0x0080008c        0x0 ../TowerDefence_bsp/\libhal_bsp.a(alt_irq_entry.o)
 *(.exceptions.notirq.user)
 *(.exceptions.notirq)
 .exceptions.notirq
                0x0080008c        0x8 ../TowerDefence_bsp/\libhal_bsp.a(alt_exception_entry.o)
 *(.exceptions.soft.user)
 *(.exceptions.soft)
 *(.exceptions.unknown.user)
 *(.exceptions.unknown)
 .exceptions.unknown
                0x00800094        0x4 ../TowerDefence_bsp/\libhal_bsp.a(alt_exception_entry.o)
 *(.exceptions.exit.label)
 .exceptions.exit.label
                0x00800098        0x0 ../TowerDefence_bsp/\libhal_bsp.a(alt_irq_entry.o)
 .exceptions.exit.label
                0x00800098        0x0 ../TowerDefence_bsp/\libhal_bsp.a(alt_exception_entry.o)
 *(.exceptions.exit.user)
 *(.exceptions.exit)
 .exceptions.exit
                0x00800098       0x54 ../TowerDefence_bsp/\libhal_bsp.a(alt_exception_entry.o)
 *(.exceptions)
 .exceptions    0x008000ec       0xc8 ../TowerDefence_bsp/\libhal_bsp.a(alt_irq_handler.o)
                0x008000ec                alt_irq_handler
                0x008001b4                PROVIDE (__ram_exceptions_end, ABSOLUTE (.))
                0x00800020                PROVIDE (__flash_exceptions_start, LOADADDR (.exceptions))

.text           0x008001b4    0x15360
                0x008001b4                PROVIDE (stext, ABSOLUTE (.))
 *(.interp)
 *(.hash)
 *(.dynsym)
 *(.dynstr)
 *(.gnu.version)
 *(.gnu.version_d)
 *(.gnu.version_r)
 *(.rel.init)
 *(.rela.init)
 *(.rel.text .rel.text.* .rel.gnu.linkonce.t.*)
 *(.rela.text .rela.text.* .rela.gnu.linkonce.t.*)
 *(.rel.fini)
 *(.rela.fini)
 *(.rel.rodata .rel.rodata.* .rel.gnu.linkonce.r.*)
 *(.rela.rodata .rela.rodata.* .rela.gnu.linkonce.r.*)
 *(.rel.data .rel.data.* .rel.gnu.linkonce.d.*)
 *(.rela.data .rela.data.* .rela.gnu.linkonce.d.*)
 *(.rel.tdata .rel.tdata.* .rel.gnu.linkonce.td.*)
 *(.rela.tdata .rela.tdata.* .rela.gnu.linkonce.td.*)
 *(.rel.tbss .rel.tbss.* .rel.gnu.linkonce.tb.*)
 *(.rela.tbss .rela.tbss.* .rela.gnu.linkonce.tb.*)
 *(.rel.ctors)
 *(.rela.ctors)
 *(.rel.dtors)
 *(.rela.dtors)
 *(.rel.got)
 *(.rela.got)
 *(.rel.sdata .rel.sdata.* .rel.gnu.linkonce.s.*)
 *(.rela.sdata .rela.sdata.* .rela.gnu.linkonce.s.*)
 *(.rel.sbss .rel.sbss.* .rel.gnu.linkonce.sb.*)
 *(.rela.sbss .rela.sbss.* .rela.gnu.linkonce.sb.*)
 *(.rel.sdata2 .rel.sdata2.* .rel.gnu.linkonce.s2.*)
 *(.rela.sdata2 .rela.sdata2.* .rela.gnu.linkonce.s2.*)
 *(.rel.sbss2 .rel.sbss2.* .rel.gnu.linkonce.sb2.*)
 *(.rela.sbss2 .rela.sbss2.* .rela.gnu.linkonce.sb2.*)
 *(.rel.bss .rel.bss.* .rel.gnu.linkonce.b.*)
 *(.rela.bss .rela.bss.* .rela.gnu.linkonce.b.*)
 *(.rel.plt)
 *(.rela.plt)
 *(.rel.dyn)
 *(.init)
 *(.plt)
 *(.text .stub .text.* .gnu.linkonce.t.*)
 .text          0x008001b4       0x4c ../TowerDefence_bsp//obj/HAL/src/crt0.o
                0x008001b4                _start
 .text          0x00800200      0x1b0 obj/default/Env.o
                0x00800200                initEnv
                0x0080026c                addToEnv
                0x008002c8                removeFromEnv
 .text          0x008003b0      0x4e8 obj/default/Frame.o
                0x008003b0                initFrame
                0x00800470                drawFrame
                0x008005a0                updateScoreFrame
                0x008005f8                updateStatusFrame
                0x00800878                updateControlFrame
 .text          0x00800898      0xfa4 obj/default/Game.o
                0x00800898                distance
                0x0080093c                my_alarm_callback
                0x00800a64                initVGA
                0x00800af4                loadSDCard
                0x00800b88                loadSDImage
                0x00800e5c                backgroundImage
                0x00800ebc                checkCollision
                0x00801010                displayString
                0x0080105c                main
 .text          0x0080183c       0x70 obj/default/GameInfo.o
                0x0080183c                initGameInfo
                0x00801888                loadGameInfo
 .text          0x008018ac      0x304 obj/default/Object.o
                0x008018ac                initObject
                0x008019b0                killObject
                0x00801a5c                setStats
                0x00801aa4                addStats
                0x00801b00                setXY
 .text          0x00801bb0      0x7ec obj/default/animation.o
                0x00801bb0                initAnimation
                0x00801c58                killAnimation
                0x00801cdc                addImage
                0x00801d5c                draw
                0x00801e44                cleanDrawing
                0x00801efc                animated
                0x00801fe0                backgroundAnimation
                0x00802224                getColor
 .text          0x0080239c        0x0 obj/default/hardCode.o
 .text          0x0080239c      0x130 c:/altera/12.0sp2/nios2eds/bin/gnu/h-i686-mingw32/bin/../lib/gcc/nios2-elf/4.1.2/../../../../nios2-elf/lib\libm.a(lib_a-w_sqrt.o)
                0x0080239c                sqrt
 .text          0x008024cc      0x2c8 c:/altera/12.0sp2/nios2eds/bin/gnu/h-i686-mingw32/bin/../lib/gcc/nios2-elf/4.1.2/../../../../nios2-elf/lib\libm.a(lib_a-e_sqrt.o)
                0x008024cc                __ieee754_sqrt
 .text          0x00802794       0x30 c:/altera/12.0sp2/nios2eds/bin/gnu/h-i686-mingw32/bin/../lib/gcc/nios2-elf/4.1.2/../../../../nios2-elf/lib\libm.a(lib_a-s_isnand.o)
                0x00802794                __isnand
 .text          0x008027c4        0x0 c:/altera/12.0sp2/nios2eds/bin/gnu/h-i686-mingw32/bin/../lib/gcc/nios2-elf/4.1.2/../../../../nios2-elf/lib\libm.a(lib_a-s_lib_ver.o)
 .text          0x008027c4        0x8 c:/altera/12.0sp2/nios2eds/bin/gnu/h-i686-mingw32/bin/../lib/gcc/nios2-elf/4.1.2/../../../../nios2-elf/lib\libm.a(lib_a-s_matherr.o)
                0x008027c4                matherr
 .text          0x008027cc       0x78 c:/altera/12.0sp2/nios2eds/bin/gnu/h-i686-mingw32/bin/../lib/gcc/nios2-elf/4.1.2\libgcc.a(_le_sf.o)
                0x008027cc                __lesf2
 .text          0x00802844       0x98 c:/altera/12.0sp2/nios2eds/bin/gnu/h-i686-mingw32/bin/../lib/gcc/nios2-elf/4.1.2\libgcc.a(_si_to_sf.o)
                0x00802844                __floatsisf
 .text          0x008028dc       0x54 c:/altera/12.0sp2/nios2eds/bin/gnu/h-i686-mingw32/bin/../lib/gcc/nios2-elf/4.1.2\libgcc.a(_sf_to_df.o)
                0x008028dc                __extendsfdf2
 .text          0x00802930      0x504 c:/altera/12.0sp2/nios2eds/bin/gnu/h-i686-mingw32/bin/../lib/gcc/nios2-elf/4.1.2\libgcc.a(_addsub_df.o)
                0x00802d40                __subdf3
                0x00802dc0                __adddf3
 .text          0x00802e34      0x3c4 c:/altera/12.0sp2/nios2eds/bin/gnu/h-i686-mingw32/bin/../lib/gcc/nios2-elf/4.1.2\libgcc.a(_mul_df.o)
                0x00802e34                __muldf3
 .text          0x008031f8      0x258 c:/altera/12.0sp2/nios2eds/bin/gnu/h-i686-mingw32/bin/../lib/gcc/nios2-elf/4.1.2\libgcc.a(_div_df.o)
                0x008031f8                __divdf3
 .text          0x00803450       0x88 c:/altera/12.0sp2/nios2eds/bin/gnu/h-i686-mingw32/bin/../lib/gcc/nios2-elf/4.1.2\libgcc.a(_lt_df.o)
                0x00803450                __ltdf2
 .text          0x008034d8       0xf8 c:/altera/12.0sp2/nios2eds/bin/gnu/h-i686-mingw32/bin/../lib/gcc/nios2-elf/4.1.2\libgcc.a(_si_to_df.o)
                0x008034d8                __floatsidf
 .text          0x008035d0       0xd8 c:/altera/12.0sp2/nios2eds/bin/gnu/h-i686-mingw32/bin/../lib/gcc/nios2-elf/4.1.2\libgcc.a(_df_to_si.o)
                0x008035d0                __fixdfsi
 .text          0x008036a8       0x38 c:/altera/12.0sp2/nios2eds/bin/gnu/h-i686-mingw32/bin/../lib/gcc/nios2-elf/4.1.2\libgcc.a(_make_df.o)
                0x008036a8                __make_dp
 .text          0x008036e0       0x74 c:/altera/12.0sp2/nios2eds/bin/gnu/h-i686-mingw32/bin/../lib/gcc/nios2-elf/4.1.2\libgcc.a(_df_to_sf.o)
                0x008036e0                __truncdfsf2
 .text          0x00803754        0x0 c:/altera/12.0sp2/nios2eds/bin/gnu/h-i686-mingw32/bin/../lib/gcc/nios2-elf/4.1.2\libgcc.a(_thenan_df.o)
 .text          0x00803754      0x14c c:/altera/12.0sp2/nios2eds/bin/gnu/h-i686-mingw32/bin/../lib/gcc/nios2-elf/4.1.2\libgcc.a(lib2-divmod.o)
                0x008037d0                __divsi3
                0x00803830                __modsi3
                0x00803890                __udivsi3
                0x00803898                __umodsi3
 .text          0x008038a0       0x98 c:/altera/12.0sp2/nios2eds/bin/gnu/h-i686-mingw32/bin/../lib/gcc/nios2-elf/4.1.2\libgcc.a(_muldi3.o)
                0x008038a0                __muldi3
 .text          0x00803938       0x80 c:/altera/12.0sp2/nios2eds/bin/gnu/h-i686-mingw32/bin/../lib/gcc/nios2-elf/4.1.2\libgcc.a(_clzsi2.o)
                0x00803938                __clzsi2
 .text          0x008039b8      0x160 c:/altera/12.0sp2/nios2eds/bin/gnu/h-i686-mingw32/bin/../lib/gcc/nios2-elf/4.1.2\libgcc.a(_pack_sf.o)
                0x008039b8                __pack_f
 .text          0x00803b18       0xc8 c:/altera/12.0sp2/nios2eds/bin/gnu/h-i686-mingw32/bin/../lib/gcc/nios2-elf/4.1.2\libgcc.a(_unpack_sf.o)
                0x00803b18                __unpack_f
 .text          0x00803be0       0xa8 c:/altera/12.0sp2/nios2eds/bin/gnu/h-i686-mingw32/bin/../lib/gcc/nios2-elf/4.1.2\libgcc.a(_fpcmp_parts_sf.o)
                0x00803be0                __fpcmp_parts_f
 .text          0x00803c88       0x2c c:/altera/12.0sp2/nios2eds/bin/gnu/h-i686-mingw32/bin/../lib/gcc/nios2-elf/4.1.2\libgcc.a(_make_sf.o)
                0x00803c88                __make_fp
 .text          0x00803cb4      0x314 c:/altera/12.0sp2/nios2eds/bin/gnu/h-i686-mingw32/bin/../lib/gcc/nios2-elf/4.1.2\libgcc.a(_pack_df.o)
                0x00803cb4                __pack_d
 .text          0x00803fc8      0x138 c:/altera/12.0sp2/nios2eds/bin/gnu/h-i686-mingw32/bin/../lib/gcc/nios2-elf/4.1.2\libgcc.a(_unpack_df.o)
                0x00803fc8                __unpack_d
 .text          0x00804100       0xc8 c:/altera/12.0sp2/nios2eds/bin/gnu/h-i686-mingw32/bin/../lib/gcc/nios2-elf/4.1.2\libgcc.a(_fpcmp_parts_df.o)
                0x00804100                __fpcmp_parts_d
 .text          0x008041c8        0x0 c:/altera/12.0sp2/nios2eds/bin/gnu/h-i686-mingw32/bin/../lib/gcc/nios2-elf/4.1.2\libgcc.a(_clz.o)
 .text          0x008041c8       0x10 c:/altera/12.0sp2/nios2eds/bin/gnu/h-i686-mingw32/bin/../lib/gcc/nios2-elf/4.1.2/../../../../nios2-elf/lib\libc.a(lib_a-errno.o)
                0x008041c8                __errno
 .text          0x008041d8        0x0 c:/altera/12.0sp2/nios2eds/bin/gnu/h-i686-mingw32/bin/../lib/gcc/nios2-elf/4.1.2/../../../../nios2-elf/lib\libc.a(lib_a-impure.o)
 .text          0x008041d8       0x28 c:/altera/12.0sp2/nios2eds/bin/gnu/h-i686-mingw32/bin/../lib/gcc/nios2-elf/4.1.2/../../../../nios2-elf/lib\libc.a(lib_a-malloc.o)
                0x008041d8                free
                0x008041ec                malloc
 .text          0x00804200      0x740 c:/altera/12.0sp2/nios2eds/bin/gnu/h-i686-mingw32/bin/../lib/gcc/nios2-elf/4.1.2/../../../../nios2-elf/lib\libc.a(lib_a-mallocr.o)
                0x00804200                _malloc_r
 .text          0x00804940       0x78 c:/altera/12.0sp2/nios2eds/bin/gnu/h-i686-mingw32/bin/../lib/gcc/nios2-elf/4.1.2/../../../../nios2-elf/lib\libc.a(lib_a-printf.o)
                0x00804940                printf
                0x00804984                _printf_r
 .text          0x008049b8       0xb4 c:/altera/12.0sp2/nios2eds/bin/gnu/h-i686-mingw32/bin/../lib/gcc/nios2-elf/4.1.2/../../../../nios2-elf/lib\libc.a(lib_a-puts.o)
                0x008049b8                _puts_r
                0x00804a58                puts
 .text          0x00804a6c       0x94 c:/altera/12.0sp2/nios2eds/bin/gnu/h-i686-mingw32/bin/../lib/gcc/nios2-elf/4.1.2/../../../../nios2-elf/lib\libc.a(lib_a-rand.o)
                0x00804a6c                srand
                0x00804a88                rand
 .text          0x00804b00       0x70 c:/altera/12.0sp2/nios2eds/bin/gnu/h-i686-mingw32/bin/../lib/gcc/nios2-elf/4.1.2/../../../../nios2-elf/lib\libc.a(lib_a-sbrkr.o)
                0x00804b00                _sbrk_r
 .text          0x00804b70       0xd4 c:/altera/12.0sp2/nios2eds/bin/gnu/h-i686-mingw32/bin/../lib/gcc/nios2-elf/4.1.2/../../../../nios2-elf/lib\libc.a(lib_a-sprintf.o)
                0x00804b70                sprintf
                0x00804be4                _sprintf_r
 .text          0x00804c44       0xbc c:/altera/12.0sp2/nios2eds/bin/gnu/h-i686-mingw32/bin/../lib/gcc/nios2-elf/4.1.2/../../../../nios2-elf/lib\libc.a(lib_a-strcmp.o)
                0x00804c44                strcmp
 .text          0x00804d00       0x8c c:/altera/12.0sp2/nios2eds/bin/gnu/h-i686-mingw32/bin/../lib/gcc/nios2-elf/4.1.2/../../../../nios2-elf/lib\libc.a(lib_a-strcpy.o)
                0x00804d00                strcpy
 .text          0x00804d8c       0x74 c:/altera/12.0sp2/nios2eds/bin/gnu/h-i686-mingw32/bin/../lib/gcc/nios2-elf/4.1.2/../../../../nios2-elf/lib\libc.a(lib_a-strlen.o)
                0x00804d8c                strlen
 .text          0x00804e00       0xb0 c:/altera/12.0sp2/nios2eds/bin/gnu/h-i686-mingw32/bin/../lib/gcc/nios2-elf/4.1.2/../../../../nios2-elf/lib\libc.a(lib_a-strncat.o)
                0x00804e00                strncat
 .text          0x00804eb0       0x10 c:/altera/12.0sp2/nios2eds/bin/gnu/h-i686-mingw32/bin/../lib/gcc/nios2-elf/4.1.2/../../../../nios2-elf/lib\libc.a(lib_a-strsep.o)
                0x00804eb0                strsep
 .text          0x00804ec0       0xac c:/altera/12.0sp2/nios2eds/bin/gnu/h-i686-mingw32/bin/../lib/gcc/nios2-elf/4.1.2/../../../../nios2-elf/lib\libc.a(lib_a-strtok_r.o)
                0x00804ec0                __strtok_r
                0x00804f64                strtok_r
 .text          0x00804f6c     0x1f28 c:/altera/12.0sp2/nios2eds/bin/gnu/h-i686-mingw32/bin/../lib/gcc/nios2-elf/4.1.2/../../../../nios2-elf/lib\libc.a(lib_a-vfprintf.o)
                0x00804fc4                ___vfprintf_internal_r
                0x00806e70                __vfprintf_internal
 .text          0x00806e94      0x13c c:/altera/12.0sp2/nios2eds/bin/gnu/h-i686-mingw32/bin/../lib/gcc/nios2-elf/4.1.2/../../../../nios2-elf/lib\libc.a(lib_a-wsetup.o)
                0x00806e94                __swsetup_r
 .text          0x00806fd0     0x17cc c:/altera/12.0sp2/nios2eds/bin/gnu/h-i686-mingw32/bin/../lib/gcc/nios2-elf/4.1.2/../../../../nios2-elf/lib\libc.a(lib_a-dtoa.o)
                0x008071e8                _dtoa_r
 .text          0x0080879c      0x230 c:/altera/12.0sp2/nios2eds/bin/gnu/h-i686-mingw32/bin/../lib/gcc/nios2-elf/4.1.2/../../../../nios2-elf/lib\libc.a(lib_a-fflush.o)
                0x0080879c                _fflush_r
                0x00808998                fflush
 .text          0x008089cc      0x2c0 c:/altera/12.0sp2/nios2eds/bin/gnu/h-i686-mingw32/bin/../lib/gcc/nios2-elf/4.1.2/../../../../nios2-elf/lib\libc.a(lib_a-findfp.o)
                0x00808a24                __sfp_lock_acquire
                0x00808a28                __sfp_lock_release
                0x00808a2c                __sinit_lock_acquire
                0x00808a30                __sinit_lock_release
                0x00808a34                __sinit
                0x00808ae8                __fp_unlock_all
                0x00808b00                __fp_lock_all
                0x00808b18                _cleanup_r
                0x00808b24                _cleanup
                0x00808b34                __sfmoreglue
                0x00808b9c                __sfp
 .text          0x00808c8c      0x440 c:/altera/12.0sp2/nios2eds/bin/gnu/h-i686-mingw32/bin/../lib/gcc/nios2-elf/4.1.2/../../../../nios2-elf/lib\libc.a(lib_a-freer.o)
                0x00808c8c                _malloc_trim_r
                0x00808db8                _free_r
 .text          0x008090cc      0x49c c:/altera/12.0sp2/nios2eds/bin/gnu/h-i686-mingw32/bin/../lib/gcc/nios2-elf/4.1.2/../../../../nios2-elf/lib\libc.a(lib_a-fvwrite.o)
                0x008090cc                __sfvwrite_r
 .text          0x00809568      0x180 c:/altera/12.0sp2/nios2eds/bin/gnu/h-i686-mingw32/bin/../lib/gcc/nios2-elf/4.1.2/../../../../nios2-elf/lib\libc.a(lib_a-fwalk.o)
                0x00809568                _fwalk_reent
                0x00809630                _fwalk
 .text          0x008096e8        0x0 c:/altera/12.0sp2/nios2eds/bin/gnu/h-i686-mingw32/bin/../lib/gcc/nios2-elf/4.1.2/../../../../nios2-elf/lib\libc.a(lib_a-int_errno.o)
 .text          0x008096e8       0xc4 c:/altera/12.0sp2/nios2eds/bin/gnu/h-i686-mingw32/bin/../lib/gcc/nios2-elf/4.1.2/../../../../nios2-elf/lib\libc.a(lib_a-locale.o)
                0x008096e8                __locale_charset
                0x008096f0                _localeconv_r
                0x008096fc                localeconv
                0x0080970c                _setlocale_r
                0x00809790                setlocale
 .text          0x008097ac      0x194 c:/altera/12.0sp2/nios2eds/bin/gnu/h-i686-mingw32/bin/../lib/gcc/nios2-elf/4.1.2/../../../../nios2-elf/lib\libc.a(lib_a-makebuf.o)
                0x008097ac                __smakebuf_r
 .text          0x00809940       0xe4 c:/altera/12.0sp2/nios2eds/bin/gnu/h-i686-mingw32/bin/../lib/gcc/nios2-elf/4.1.2/../../../../nios2-elf/lib\libc.a(lib_a-memchr.o)
                0x00809940                memchr
 .text          0x00809a24       0xa0 c:/altera/12.0sp2/nios2eds/bin/gnu/h-i686-mingw32/bin/../lib/gcc/nios2-elf/4.1.2/../../../../nios2-elf/lib\libc.a(lib_a-memcpy.o)
                0x00809a24                memcpy
 .text          0x00809ac4       0xe0 c:/altera/12.0sp2/nios2eds/bin/gnu/h-i686-mingw32/bin/../lib/gcc/nios2-elf/4.1.2/../../../../nios2-elf/lib\libc.a(lib_a-memmove.o)
                0x00809ac4                memmove
 .text          0x00809ba4       0x98 c:/altera/12.0sp2/nios2eds/bin/gnu/h-i686-mingw32/bin/../lib/gcc/nios2-elf/4.1.2/../../../../nios2-elf/lib\libc.a(lib_a-memset.o)
                0x00809ba4                memset
 .text          0x00809c3c      0xff4 c:/altera/12.0sp2/nios2eds/bin/gnu/h-i686-mingw32/bin/../lib/gcc/nios2-elf/4.1.2/../../../../nios2-elf/lib\libc.a(lib_a-mprec.o)
                0x00809c3c                _Bfree
                0x00809c64                __hi0bits
                0x00809cd4                __lo0bits
                0x00809d98                __mcmp
                0x00809df8                __ulp
                0x00809e78                __b2d
                0x00809f98                __ratio
                0x0080a048                _mprec_log10
                0x0080a0dc                __copybits
                0x0080a134                __any_on
                0x0080a1bc                _Balloc
                0x0080a278                __d2b
                0x0080a3f4                __mdiff
                0x0080a580                __lshift
                0x0080a6cc                __multiply
                0x0080a8b4                __i2b
                0x0080a8f0                __multadd
                0x0080a9f0                __pow5mult
                0x0080ab10                __s2b
 .text          0x0080ac30      0x5f4 c:/altera/12.0sp2/nios2eds/bin/gnu/h-i686-mingw32/bin/../lib/gcc/nios2-elf/4.1.2/../../../../nios2-elf/lib\libc.a(lib_a-reallocr.o)
                0x0080ac30                _realloc_r
 .text          0x0080b224       0x40 c:/altera/12.0sp2/nios2eds/bin/gnu/h-i686-mingw32/bin/../lib/gcc/nios2-elf/4.1.2/../../../../nios2-elf/lib\libc.a(lib_a-s_isinfd.o)
                0x0080b224                __isinfd
 .text          0x0080b264      0x14c c:/altera/12.0sp2/nios2eds/bin/gnu/h-i686-mingw32/bin/../lib/gcc/nios2-elf/4.1.2/../../../../nios2-elf/lib\libc.a(lib_a-stdio.o)
                0x0080b264                __sclose
                0x0080b26c                __sseek
                0x0080b2d4                __swrite
                0x0080b350                __sread
 .text          0x0080b3b0       0x78 c:/altera/12.0sp2/nios2eds/bin/gnu/h-i686-mingw32/bin/../lib/gcc/nios2-elf/4.1.2/../../../../nios2-elf/lib\libc.a(lib_a-writer.o)
                0x0080b3b0                _write_r
 .text          0x0080b428       0xb4 c:/altera/12.0sp2/nios2eds/bin/gnu/h-i686-mingw32/bin/../lib/gcc/nios2-elf/4.1.2/../../../../nios2-elf/lib\libc.a(lib_a-callocr.o)
                0x0080b428                _calloc_r
 .text          0x0080b4dc       0x70 c:/altera/12.0sp2/nios2eds/bin/gnu/h-i686-mingw32/bin/../lib/gcc/nios2-elf/4.1.2/../../../../nios2-elf/lib\libc.a(lib_a-closer.o)
                0x0080b4dc                _close_r
 .text          0x0080b54c      0x124 c:/altera/12.0sp2/nios2eds/bin/gnu/h-i686-mingw32/bin/../lib/gcc/nios2-elf/4.1.2/../../../../nios2-elf/lib\libc.a(lib_a-fclose.o)
                0x0080b54c                _fclose_r
                0x0080b65c                fclose
 .text          0x0080b670       0x74 c:/altera/12.0sp2/nios2eds/bin/gnu/h-i686-mingw32/bin/../lib/gcc/nios2-elf/4.1.2/../../../../nios2-elf/lib\libc.a(lib_a-fstatr.o)
                0x0080b670                _fstat_r
 .text          0x0080b6e4       0x70 c:/altera/12.0sp2/nios2eds/bin/gnu/h-i686-mingw32/bin/../lib/gcc/nios2-elf/4.1.2/../../../../nios2-elf/lib\libc.a(lib_a-isattyr.o)
                0x0080b6e4                _isatty_r
 .text          0x0080b754       0x78 c:/altera/12.0sp2/nios2eds/bin/gnu/h-i686-mingw32/bin/../lib/gcc/nios2-elf/4.1.2/../../../../nios2-elf/lib\libc.a(lib_a-lseekr.o)
                0x0080b754                _lseek_r
 .text          0x0080b7cc       0x78 c:/altera/12.0sp2/nios2eds/bin/gnu/h-i686-mingw32/bin/../lib/gcc/nios2-elf/4.1.2/../../../../nios2-elf/lib\libc.a(lib_a-readr.o)
                0x0080b7cc                _read_r
 .text          0x0080b844      0x5dc c:/altera/12.0sp2/nios2eds/bin/gnu/h-i686-mingw32/bin/../lib/gcc/nios2-elf/4.1.2\libgcc.a(_udivdi3.o)
                0x0080b844                __udivdi3
 .text          0x0080be20      0x5b0 c:/altera/12.0sp2/nios2eds/bin/gnu/h-i686-mingw32/bin/../lib/gcc/nios2-elf/4.1.2\libgcc.a(_umoddi3.o)
                0x0080be20                __umoddi3
 .text          0x0080c3d0       0x88 c:/altera/12.0sp2/nios2eds/bin/gnu/h-i686-mingw32/bin/../lib/gcc/nios2-elf/4.1.2\libgcc.a(_eq_df.o)
                0x0080c3d0                __eqdf2
 .text          0x0080c458       0x88 c:/altera/12.0sp2/nios2eds/bin/gnu/h-i686-mingw32/bin/../lib/gcc/nios2-elf/4.1.2\libgcc.a(_ne_df.o)
                0x0080c458                __nedf2
 .text          0x0080c4e0       0x88 c:/altera/12.0sp2/nios2eds/bin/gnu/h-i686-mingw32/bin/../lib/gcc/nios2-elf/4.1.2\libgcc.a(_gt_df.o)
                0x0080c4e0                __gtdf2
 .text          0x0080c568       0x88 c:/altera/12.0sp2/nios2eds/bin/gnu/h-i686-mingw32/bin/../lib/gcc/nios2-elf/4.1.2\libgcc.a(_ge_df.o)
                0x0080c568                __gedf2
 .text          0x0080c5f0      0x194 c:/altera/12.0sp2/nios2eds/bin/gnu/h-i686-mingw32/bin/../lib/gcc/nios2-elf/4.1.2\libgcc.a(_usi_to_df.o)
                0x0080c5f0                __floatunsidf
 .text          0x0080c784      0x154 ../TowerDefence_bsp/\libhal_bsp.a(alt_alarm_start.o)
                0x0080c784                alt_alarm_start
 .text          0x0080c8d8      0x15c ../TowerDefence_bsp/\libhal_bsp.a(alt_close.o)
                0x0080c8d8                close
 .text          0x0080ca34       0x2c ../TowerDefence_bsp/\libhal_bsp.a(alt_dev.o)
 .text          0x0080ca60        0x0 ../TowerDefence_bsp/\libhal_bsp.a(alt_errno.o)
 .text          0x0080ca60      0x134 ../TowerDefence_bsp/\libhal_bsp.a(alt_fstat.o)
                0x0080ca60                fstat
 .text          0x0080cb94      0x120 ../TowerDefence_bsp/\libhal_bsp.a(alt_isatty.o)
                0x0080cb94                isatty
 .text          0x0080ccb4       0xec ../TowerDefence_bsp/\libhal_bsp.a(alt_load.o)
                0x0080ccb4                alt_load
 .text          0x0080cda0      0x150 ../TowerDefence_bsp/\libhal_bsp.a(alt_lseek.o)
                0x0080cda0                lseek
 .text          0x0080cef0       0x6c ../TowerDefence_bsp/\libhal_bsp.a(alt_main.o)
                0x0080cef0                alt_main
 .text          0x0080cf5c       0x40 ../TowerDefence_bsp/\libhal_bsp.a(alt_malloc_lock.o)
                0x0080cf5c                __malloc_lock
                0x0080cf7c                __malloc_unlock
 .text          0x0080cf9c      0x180 ../TowerDefence_bsp/\libhal_bsp.a(alt_read.o)
                0x0080cf9c                read
 .text          0x0080d11c       0x60 ../TowerDefence_bsp/\libhal_bsp.a(alt_release_fd.o)
                0x0080d11c                alt_release_fd
 .text          0x0080d17c       0xbc ../TowerDefence_bsp/\libhal_bsp.a(alt_sbrk.o)
                0x0080d17c                sbrk
 .text          0x0080d238      0x1a4 ../TowerDefence_bsp/\libhal_bsp.a(alt_tick.o)
                0x0080d238                alt_alarm_stop
                0x0080d2d0                alt_tick
 .text          0x0080d3dc       0x30 ../TowerDefence_bsp/\libhal_bsp.a(alt_usleep.o)
                0x0080d3dc                usleep
 .text          0x0080d40c      0x180 ../TowerDefence_bsp/\libhal_bsp.a(alt_write.o)
                0x0080d40c                write
 .text          0x0080d58c      0x3b0 ../TowerDefence_bsp/\libhal_bsp.a(alt_sys_init.o)
                0x0080d58c                alt_irq_init
                0x0080d5c0                alt_sys_init
 .text          0x0080d93c      0x148 ../TowerDefence_bsp/\libhal_bsp.a(altera_avalon_jtag_uart_fd.o)
                0x0080d93c                altera_avalon_jtag_uart_read_fd
                0x0080d994                altera_avalon_jtag_uart_write_fd
                0x0080d9ec                altera_avalon_jtag_uart_close_fd
                0x0080da34                altera_avalon_jtag_uart_ioctl_fd
 .text          0x0080da84      0x40c ../TowerDefence_bsp/\libhal_bsp.a(altera_avalon_jtag_uart_init.o)
                0x0080da84                altera_avalon_jtag_uart_init
                0x0080de1c                altera_avalon_jtag_uart_close
 .text          0x0080de90       0xf4 ../TowerDefence_bsp/\libhal_bsp.a(altera_avalon_jtag_uart_ioctl.o)
                0x0080de90                altera_avalon_jtag_uart_ioctl
 .text          0x0080df84      0x224 ../TowerDefence_bsp/\libhal_bsp.a(altera_avalon_jtag_uart_read.o)
                0x0080df84                altera_avalon_jtag_uart_read
 .text          0x0080e1a8      0x240 ../TowerDefence_bsp/\libhal_bsp.a(altera_avalon_jtag_uart_write.o)
                0x0080e1a8                altera_avalon_jtag_uart_write
 .text          0x0080e3e8      0x100 ../TowerDefence_bsp/\libhal_bsp.a(altera_avalon_timer_sc.o)
                0x0080e458                alt_avalon_timer_sc_init
 .text          0x0080e4e8        0x0 ../TowerDefence_bsp/\libhal_bsp.a(altera_avalon_timer_vars.o)
 .text          0x0080e4e8      0x304 ../TowerDefence_bsp/\libhal_bsp.a(altera_up_avalon_video_character_buffer_with_dma.o)
                0x0080e4e8                alt_up_char_buffer_init
                0x0080e56c                alt_up_char_buffer_open_dev
                0x0080e5ac                alt_up_char_buffer_draw
                0x0080e67c                alt_up_char_buffer_string
                0x0080e790                alt_up_char_buffer_clear
 .text          0x0080e7ec     0x156c ../TowerDefence_bsp/\libhal_bsp.a(altera_up_avalon_video_pixel_buffer_dma.o)
                0x0080e7ec                alt_up_pixel_buffer_dma_open_dev
                0x0080e82c                alt_up_pixel_buffer_dma_draw
                0x0080e9cc                alt_up_pixel_buffer_dma_change_back_buffer_address
                0x0080ea24                alt_up_pixel_buffer_dma_swap_buffers
                0x0080ea7c                alt_up_pixel_buffer_dma_check_swap_buffers_status
                0x0080eab0                alt_up_pixel_buffer_dma_clear_screen
                0x0080ec14                alt_up_pixel_buffer_dma_draw_box
                0x0080f108                alt_up_pixel_buffer_dma_draw_hline
                0x0080f458                alt_up_pixel_buffer_dma_draw_vline
                0x0080f828                alt_up_pixel_buffer_dma_draw_rectangle
                0x0080f8ec                helper_plot_pixel
                0x0080f9bc                alt_up_pixel_buffer_dma_draw_line
 .text          0x0080fd58     0x45c0 ../TowerDefence_bsp/\libhal_bsp.a(altera_up_sd_card_avalon_interface.o)
                0x0080fd58                Write_Sector_Data
                0x0080fe20                Save_Modified_Sector
                0x0080fe70                Read_Sector_Data
                0x0080ff6c                get_cluster_flag
                0x00810024                mark_cluster
                0x00810108                Check_for_Master_Boot_Record
                0x008102b8                Read_File_Record_At_Offset
                0x0081053c                Write_File_Record_At_Offset
                0x008107f4                Check_for_DOS_FAT
                0x00810e3c                Look_for_FAT16
                0x00810f40                filename_to_upper_case
                0x00811010                check_file_name_for_FAT16_compliance
                0x008112a0                get_dir_divider_location
                0x00811360                match_file_record_to_name_ext
                0x0081164c                get_home_directory_cluster_for_file
                0x00811b60                find_file_in_directory
                0x00811fc4                find_first_empty_cluster
                0x00812168                find_first_empty_record_in_a_subdirectory
                0x008123b4                find_first_empty_record_in_root_directory
                0x008124e0                convert_filename_to_name_extension
                0x00812698                create_file
                0x0081296c                copy_file_record_name_to_string
                0x00812ac0                alt_up_sd_card_open_dev
                0x00812b84                alt_up_sd_card_is_Present
                0x00812c4c                alt_up_sd_card_is_FAT16
                0x00812cc0                alt_up_sd_card_find_first
                0x00812d94                alt_up_sd_card_find_next
                0x00813144                alt_up_sd_card_fopen
                0x008134ec                alt_up_sd_card_set_attributes
                0x0081357c                alt_up_sd_card_get_attributes
                0x00813608                alt_up_sd_card_read
                0x0081399c                alt_up_sd_card_write
                0x00813fc0                alt_up_sd_card_fclose
                0x0081418c                Read_Sector_Data_CRC
                0x00814288                Read_Sector_Data_Attempt_CRC
 .text          0x00814318      0x14c ../TowerDefence_bsp/\libhal_bsp.a(alt_busy_sleep.o)
                0x00814318                alt_busy_sleep
 .text          0x00814464       0x44 ../TowerDefence_bsp/\libhal_bsp.a(alt_dcache_flush_all.o)
                0x00814464                alt_dcache_flush_all
 .text          0x008144a8      0x114 ../TowerDefence_bsp/\libhal_bsp.a(alt_dev_llist_insert.o)
                0x008144a8                alt_dev_llist_insert
 .text          0x008145bc       0x64 ../TowerDefence_bsp/\libhal_bsp.a(alt_do_ctors.o)
                0x008145bc                _do_ctors
 .text          0x00814620       0x64 ../TowerDefence_bsp/\libhal_bsp.a(alt_do_dtors.o)
                0x00814620                _do_dtors
 .text          0x00814684       0x94 ../TowerDefence_bsp/\libhal_bsp.a(alt_find_dev.o)
                0x00814684                alt_find_dev
 .text          0x00814718       0x30 ../TowerDefence_bsp/\libhal_bsp.a(alt_icache_flush_all.o)
                0x00814718                alt_icache_flush_all
 .text          0x00814748      0x1d4 ../TowerDefence_bsp/\libhal_bsp.a(alt_iic.o)
                0x00814748                alt_ic_isr_register
                0x00814798                alt_ic_irq_enable
                0x00814834                alt_ic_irq_disable
                0x008148d4                alt_ic_irq_enabled
 .text          0x0081491c       0xf8 ../TowerDefence_bsp/\libhal_bsp.a(alt_iic_isr_register.o)
                0x0081491c                alt_iic_isr_register
 .text          0x00814a14      0x13c ../TowerDefence_bsp/\libhal_bsp.a(alt_io_redirect.o)
                0x00814ad8                alt_io_redirect
 .text          0x00814b50        0x0 ../TowerDefence_bsp/\libhal_bsp.a(alt_irq_entry.o)
 .text          0x00814b50        0x0 ../TowerDefence_bsp/\libhal_bsp.a(alt_irq_handler.o)
 .text          0x00814b50        0x0 ../TowerDefence_bsp/\libhal_bsp.a(alt_irq_vars.o)
 .text          0x00814b50      0x2c4 ../TowerDefence_bsp/\libhal_bsp.a(alt_open.o)
                0x00814c2c                open
 .text          0x00814e14       0x20 ../TowerDefence_bsp/\libhal_bsp.a(altera_nios2_qsys_irq.o)
                0x00814e14                altera_nios2_qsys_irq_init
 .text          0x00814e34        0x0 ../TowerDefence_bsp/\libhal_bsp.a(alt_exception_entry.o)
 .text          0x00814e34      0x120 ../TowerDefence_bsp/\libhal_bsp.a(alt_find_file.o)
                0x00814e34                alt_find_file
 .text          0x00814f54       0xb8 ../TowerDefence_bsp/\libhal_bsp.a(alt_get_fd.o)
                0x00814f54                alt_get_fd
 .text          0x0081500c       0x90 ../TowerDefence_bsp/\libhal_bsp.a(alt_icache_flush.o)
                0x0081500c                alt_icache_flush
 .text          0x0081509c       0x14 c:/altera/12.0sp2/nios2eds/bin/gnu/h-i686-mingw32/bin/../lib/gcc/nios2-elf/4.1.2/../../../../nios2-elf/lib\libc.a(lib_a-atexit.o)
                0x0081509c                atexit
 .text          0x008150b0       0x38 c:/altera/12.0sp2/nios2eds/bin/gnu/h-i686-mingw32/bin/../lib/gcc/nios2-elf/4.1.2/../../../../nios2-elf/lib\libc.a(lib_a-exit.o)
                0x008150b0                exit
 .text          0x008150e8       0x74 c:/altera/12.0sp2/nios2eds/bin/gnu/h-i686-mingw32/bin/../lib/gcc/nios2-elf/4.1.2/../../../../nios2-elf/lib\libc.a(lib_a-memcmp.o)
                0x008150e8                memcmp
 .text          0x0081515c      0x134 c:/altera/12.0sp2/nios2eds/bin/gnu/h-i686-mingw32/bin/../lib/gcc/nios2-elf/4.1.2/../../../../nios2-elf/lib\libc.a(lib_a-__atexit.o)
                0x0081515c                __register_exitproc
 .text          0x00815290      0x1b4 c:/altera/12.0sp2/nios2eds/bin/gnu/h-i686-mingw32/bin/../lib/gcc/nios2-elf/4.1.2/../../../../nios2-elf/lib\libc.a(lib_a-__call_atexit.o)
                0x00815294                __call_exitprocs
 .text          0x00815444       0x60 ../TowerDefence_bsp/\libhal_bsp.a(alt_exit.o)
                0x00815484                _exit
 *(.gnu.warning.*)
 *(.fini)
                0x008154a4                PROVIDE (__etext, ABSOLUTE (.))
                0x008154a4                PROVIDE (_etext, ABSOLUTE (.))
                0x008154a4                PROVIDE (etext, ABSOLUTE (.))
 *(.eh_frame_hdr)
                0x008154a4                . = ALIGN (0x4)
                0x008154a4                PROVIDE (__preinit_array_start, ABSOLUTE (.))
 *(.preinit_array)
                0x008154a4                PROVIDE (__preinit_array_end, ABSOLUTE (.))
                0x008154a4                PROVIDE (__init_array_start, ABSOLUTE (.))
 *(.init_array)
                0x008154a4                PROVIDE (__init_array_end, ABSOLUTE (.))
                0x008154a4                PROVIDE (__fini_array_start, ABSOLUTE (.))
 *(.fini_array)
                0x008154a4                PROVIDE (__fini_array_end, ABSOLUTE (.))
 *(.eh_frame)
 .eh_frame      0x008154a4       0x40 c:/altera/12.0sp2/nios2eds/bin/gnu/h-i686-mingw32/bin/../lib/gcc/nios2-elf/4.1.2\libgcc.a(_udivdi3.o)
 .eh_frame      0x008154e4       0x2c c:/altera/12.0sp2/nios2eds/bin/gnu/h-i686-mingw32/bin/../lib/gcc/nios2-elf/4.1.2\libgcc.a(_umoddi3.o)
                                 0x40 (size before relaxing)
 *(.gcc_except_table)
 *(.dynamic)
                0x00815510                PROVIDE (__CTOR_LIST__, ABSOLUTE (.))
 *(.ctors)
 *(SORT(.ctors.*))
 .ctors.65535   0x00815510        0x4 c:/altera/12.0sp2/nios2eds/bin/gnu/h-i686-mingw32/bin/../lib/gcc/nios2-elf/4.1.2/../../../../nios2-elf/lib\libc.a(lib_a-__call_atexit.o)
                0x00815514                PROVIDE (__CTOR_END__, ABSOLUTE (.))
                0x00815514                PROVIDE (__DTOR_LIST__, ABSOLUTE (.))
 *(.dtors)
 *(SORT(.dtors.*))
                0x00815514                PROVIDE (__DTOR_END__, ABSOLUTE (.))
 *(.jcr)
                0x00815514                . = ALIGN (0x4)

.rodata         0x00815514      0x560
                0x00815514                PROVIDE (__ram_rodata_start, ABSOLUTE (.))
                0x00815514                . = ALIGN (0x4)
 *(.rodata .rodata.* .gnu.linkonce.r.*)
 .rodata        0x00815514       0x24 obj/default/Frame.o
 .rodata        0x00815538      0x188 obj/default/Game.o
 .rodata.str1.4
                0x008156c0        0x5 c:/altera/12.0sp2/nios2eds/bin/gnu/h-i686-mingw32/bin/../lib/gcc/nios2-elf/4.1.2/../../../../nios2-elf/lib\libm.a(lib_a-w_sqrt.o)
                                  0x8 (size before relaxing)
 *fill*         0x008156c5        0x3 00
 .rodata        0x008156c8       0x14 c:/altera/12.0sp2/nios2eds/bin/gnu/h-i686-mingw32/bin/../lib/gcc/nios2-elf/4.1.2\libgcc.a(_thenan_df.o)
                0x008156c8                __thenan_df
 .rodata        0x008156dc      0x100 c:/altera/12.0sp2/nios2eds/bin/gnu/h-i686-mingw32/bin/../lib/gcc/nios2-elf/4.1.2\libgcc.a(_clz.o)
                0x008156dc                __clz_tab
 .rodata.str1.4
                0x008157dc        0x2 c:/altera/12.0sp2/nios2eds/bin/gnu/h-i686-mingw32/bin/../lib/gcc/nios2-elf/4.1.2/../../../../nios2-elf/lib\libc.a(lib_a-impure.o)
                                  0x4 (size before relaxing)
 *fill*         0x008157de        0x2 00
 .rodata.str1.4
                0x008157e0        0x2 c:/altera/12.0sp2/nios2eds/bin/gnu/h-i686-mingw32/bin/../lib/gcc/nios2-elf/4.1.2/../../../../nios2-elf/lib\libc.a(lib_a-puts.o)
                                  0x4 (size before relaxing)
 *fill*         0x008157e2        0x2 00
 .rodata.str1.4
                0x008157e4       0x5e c:/altera/12.0sp2/nios2eds/bin/gnu/h-i686-mingw32/bin/../lib/gcc/nios2-elf/4.1.2/../../../../nios2-elf/lib\libc.a(lib_a-vfprintf.o)
                                 0x60 (size before relaxing)
 .rodata        0x00815842       0x20 c:/altera/12.0sp2/nios2eds/bin/gnu/h-i686-mingw32/bin/../lib/gcc/nios2-elf/4.1.2/../../../../nios2-elf/lib\libc.a(lib_a-vfprintf.o)
 *fill*         0x00815862        0x2 00
 .rodata.str1.4
                0x00815864       0x10 c:/altera/12.0sp2/nios2eds/bin/gnu/h-i686-mingw32/bin/../lib/gcc/nios2-elf/4.1.2/../../../../nios2-elf/lib\libc.a(lib_a-dtoa.o)
                                 0x14 (size before relaxing)
 .rodata.str1.4
                0x00815874       0x10 c:/altera/12.0sp2/nios2eds/bin/gnu/h-i686-mingw32/bin/../lib/gcc/nios2-elf/4.1.2/../../../../nios2-elf/lib\libc.a(lib_a-locale.o)
                                 0x18 (size before relaxing)
 .rodata        0x00815884       0x30 c:/altera/12.0sp2/nios2eds/bin/gnu/h-i686-mingw32/bin/../lib/gcc/nios2-elf/4.1.2/../../../../nios2-elf/lib\libc.a(lib_a-locale.o)
 .rodata        0x008158b4      0x124 c:/altera/12.0sp2/nios2eds/bin/gnu/h-i686-mingw32/bin/../lib/gcc/nios2-elf/4.1.2/../../../../nios2-elf/lib\libc.a(lib_a-mprec.o)
                0x008158b4                __mprec_tens
                0x0081597c                __mprec_bigtens
                0x008159a4                __mprec_tinytens
 .rodata        0x008159d8        0xc ../TowerDefence_bsp/\libhal_bsp.a(alt_dev.o)
 .rodata        0x008159e4       0x10 ../TowerDefence_bsp/\libhal_bsp.a(alt_main.o)
 .rodata        0x008159f4       0x64 ../TowerDefence_bsp/\libhal_bsp.a(alt_sys_init.o)
 .rodata        0x00815a58       0x1c ../TowerDefence_bsp/\libhal_bsp.a(altera_up_avalon_video_character_buffer_with_dma.o)
 *(.rodata1)
                0x00815a74                . = ALIGN (0x4)
                0x00815a74                PROVIDE (__ram_rodata_end, ABSOLUTE (.))
                0x00815514                PROVIDE (__flash_rodata_start, LOADADDR (.rodata))

.rwdata         0x00815a74     0x6f7c load address 0x0081c9f0
                0x00815a74                PROVIDE (__ram_rwdata_start, ABSOLUTE (.))
                0x00815a74                . = ALIGN (0x4)
 *(.got.plt)
 *(.got)
 *(.data1)
 *(.data .data.* .gnu.linkonce.d.*)
 .data          0x00815a74        0x0 ../TowerDefence_bsp//obj/HAL/src/crt0.o
 .data          0x00815a74        0x0 obj/default/Env.o
 .data          0x00815a74        0x0 obj/default/Frame.o
 .data          0x00815a74        0x0 obj/default/Game.o
 .data          0x00815a74        0x0 obj/default/GameInfo.o
 .data          0x00815a74        0x0 obj/default/Object.o
 .data          0x00815a74        0x0 obj/default/animation.o
 .data          0x00815a74     0x5450 obj/default/hardCode.o
                0x00815a74                explode05
                0x00815c04                explode04
                0x00815d94                explode03
                0x00815f24                explode02
                0x008160b4                explode01
                0x00816244                explode11
                0x008163d4                explode12
                0x00816564                explode13
                0x008166f4                explode14
                0x00816884                pacman01
                0x00816a14                pacman02
                0x00816ba4                pacman03
                0x00816d34                pacman04
                0x00816ec4                earth
 .data          0x0081aec4        0x0 c:/altera/12.0sp2/nios2eds/bin/gnu/h-i686-mingw32/bin/../lib/gcc/nios2-elf/4.1.2/../../../../nios2-elf/lib\libm.a(lib_a-w_sqrt.o)
 .data          0x0081aec4        0x0 c:/altera/12.0sp2/nios2eds/bin/gnu/h-i686-mingw32/bin/../lib/gcc/nios2-elf/4.1.2/../../../../nios2-elf/lib\libm.a(lib_a-e_sqrt.o)
 .data          0x0081aec4        0x0 c:/altera/12.0sp2/nios2eds/bin/gnu/h-i686-mingw32/bin/../lib/gcc/nios2-elf/4.1.2/../../../../nios2-elf/lib\libm.a(lib_a-s_isnand.o)
 .data          0x0081aec4        0x0 c:/altera/12.0sp2/nios2eds/bin/gnu/h-i686-mingw32/bin/../lib/gcc/nios2-elf/4.1.2/../../../../nios2-elf/lib\libm.a(lib_a-s_lib_ver.o)
 .data          0x0081aec4        0x0 c:/altera/12.0sp2/nios2eds/bin/gnu/h-i686-mingw32/bin/../lib/gcc/nios2-elf/4.1.2/../../../../nios2-elf/lib\libm.a(lib_a-s_matherr.o)
 .data          0x0081aec4        0x0 c:/altera/12.0sp2/nios2eds/bin/gnu/h-i686-mingw32/bin/../lib/gcc/nios2-elf/4.1.2\libgcc.a(_le_sf.o)
 .data          0x0081aec4        0x0 c:/altera/12.0sp2/nios2eds/bin/gnu/h-i686-mingw32/bin/../lib/gcc/nios2-elf/4.1.2\libgcc.a(_si_to_sf.o)
 .data          0x0081aec4        0x0 c:/altera/12.0sp2/nios2eds/bin/gnu/h-i686-mingw32/bin/../lib/gcc/nios2-elf/4.1.2\libgcc.a(_sf_to_df.o)
 .data          0x0081aec4        0x0 c:/altera/12.0sp2/nios2eds/bin/gnu/h-i686-mingw32/bin/../lib/gcc/nios2-elf/4.1.2\libgcc.a(_addsub_df.o)
 .data          0x0081aec4        0x0 c:/altera/12.0sp2/nios2eds/bin/gnu/h-i686-mingw32/bin/../lib/gcc/nios2-elf/4.1.2\libgcc.a(_mul_df.o)
 .data          0x0081aec4        0x0 c:/altera/12.0sp2/nios2eds/bin/gnu/h-i686-mingw32/bin/../lib/gcc/nios2-elf/4.1.2\libgcc.a(_div_df.o)
 .data          0x0081aec4        0x0 c:/altera/12.0sp2/nios2eds/bin/gnu/h-i686-mingw32/bin/../lib/gcc/nios2-elf/4.1.2\libgcc.a(_lt_df.o)
 .data          0x0081aec4        0x0 c:/altera/12.0sp2/nios2eds/bin/gnu/h-i686-mingw32/bin/../lib/gcc/nios2-elf/4.1.2\libgcc.a(_si_to_df.o)
 .data          0x0081aec4        0x0 c:/altera/12.0sp2/nios2eds/bin/gnu/h-i686-mingw32/bin/../lib/gcc/nios2-elf/4.1.2\libgcc.a(_df_to_si.o)
 .data          0x0081aec4        0x0 c:/altera/12.0sp2/nios2eds/bin/gnu/h-i686-mingw32/bin/../lib/gcc/nios2-elf/4.1.2\libgcc.a(_make_df.o)
 .data          0x0081aec4        0x0 c:/altera/12.0sp2/nios2eds/bin/gnu/h-i686-mingw32/bin/../lib/gcc/nios2-elf/4.1.2\libgcc.a(_df_to_sf.o)
 .data          0x0081aec4        0x0 c:/altera/12.0sp2/nios2eds/bin/gnu/h-i686-mingw32/bin/../lib/gcc/nios2-elf/4.1.2\libgcc.a(_thenan_df.o)
 .data          0x0081aec4        0x0 c:/altera/12.0sp2/nios2eds/bin/gnu/h-i686-mingw32/bin/../lib/gcc/nios2-elf/4.1.2\libgcc.a(lib2-divmod.o)
 .data          0x0081aec4        0x0 c:/altera/12.0sp2/nios2eds/bin/gnu/h-i686-mingw32/bin/../lib/gcc/nios2-elf/4.1.2\libgcc.a(_muldi3.o)
 .data          0x0081aec4        0x0 c:/altera/12.0sp2/nios2eds/bin/gnu/h-i686-mingw32/bin/../lib/gcc/nios2-elf/4.1.2\libgcc.a(_clzsi2.o)
 .data          0x0081aec4        0x0 c:/altera/12.0sp2/nios2eds/bin/gnu/h-i686-mingw32/bin/../lib/gcc/nios2-elf/4.1.2\libgcc.a(_pack_sf.o)
 .data          0x0081aec4        0x0 c:/altera/12.0sp2/nios2eds/bin/gnu/h-i686-mingw32/bin/../lib/gcc/nios2-elf/4.1.2\libgcc.a(_unpack_sf.o)
 .data          0x0081aec4        0x0 c:/altera/12.0sp2/nios2eds/bin/gnu/h-i686-mingw32/bin/../lib/gcc/nios2-elf/4.1.2\libgcc.a(_fpcmp_parts_sf.o)
 .data          0x0081aec4        0x0 c:/altera/12.0sp2/nios2eds/bin/gnu/h-i686-mingw32/bin/../lib/gcc/nios2-elf/4.1.2\libgcc.a(_make_sf.o)
 .data          0x0081aec4        0x0 c:/altera/12.0sp2/nios2eds/bin/gnu/h-i686-mingw32/bin/../lib/gcc/nios2-elf/4.1.2\libgcc.a(_pack_df.o)
 .data          0x0081aec4        0x0 c:/altera/12.0sp2/nios2eds/bin/gnu/h-i686-mingw32/bin/../lib/gcc/nios2-elf/4.1.2\libgcc.a(_unpack_df.o)
 .data          0x0081aec4        0x0 c:/altera/12.0sp2/nios2eds/bin/gnu/h-i686-mingw32/bin/../lib/gcc/nios2-elf/4.1.2\libgcc.a(_fpcmp_parts_df.o)
 .data          0x0081aec4        0x0 c:/altera/12.0sp2/nios2eds/bin/gnu/h-i686-mingw32/bin/../lib/gcc/nios2-elf/4.1.2\libgcc.a(_clz.o)
 .data          0x0081aec4        0x0 c:/altera/12.0sp2/nios2eds/bin/gnu/h-i686-mingw32/bin/../lib/gcc/nios2-elf/4.1.2/../../../../nios2-elf/lib\libc.a(lib_a-errno.o)
 .data          0x0081aec4      0x400 c:/altera/12.0sp2/nios2eds/bin/gnu/h-i686-mingw32/bin/../lib/gcc/nios2-elf/4.1.2/../../../../nios2-elf/lib\libc.a(lib_a-impure.o)
 .data          0x0081b2c4        0x0 c:/altera/12.0sp2/nios2eds/bin/gnu/h-i686-mingw32/bin/../lib/gcc/nios2-elf/4.1.2/../../../../nios2-elf/lib\libc.a(lib_a-malloc.o)
 .data          0x0081b2c4      0x408 c:/altera/12.0sp2/nios2eds/bin/gnu/h-i686-mingw32/bin/../lib/gcc/nios2-elf/4.1.2/../../../../nios2-elf/lib\libc.a(lib_a-mallocr.o)
                0x0081b2c4                __malloc_av_
 .data          0x0081b6cc        0x0 c:/altera/12.0sp2/nios2eds/bin/gnu/h-i686-mingw32/bin/../lib/gcc/nios2-elf/4.1.2/../../../../nios2-elf/lib\libc.a(lib_a-printf.o)
 .data          0x0081b6cc        0x0 c:/altera/12.0sp2/nios2eds/bin/gnu/h-i686-mingw32/bin/../lib/gcc/nios2-elf/4.1.2/../../../../nios2-elf/lib\libc.a(lib_a-puts.o)
 .data          0x0081b6cc        0x0 c:/altera/12.0sp2/nios2eds/bin/gnu/h-i686-mingw32/bin/../lib/gcc/nios2-elf/4.1.2/../../../../nios2-elf/lib\libc.a(lib_a-rand.o)
 .data          0x0081b6cc        0x0 c:/altera/12.0sp2/nios2eds/bin/gnu/h-i686-mingw32/bin/../lib/gcc/nios2-elf/4.1.2/../../../../nios2-elf/lib\libc.a(lib_a-sbrkr.o)
 .data          0x0081b6cc        0x0 c:/altera/12.0sp2/nios2eds/bin/gnu/h-i686-mingw32/bin/../lib/gcc/nios2-elf/4.1.2/../../../../nios2-elf/lib\libc.a(lib_a-sprintf.o)
 .data          0x0081b6cc        0x0 c:/altera/12.0sp2/nios2eds/bin/gnu/h-i686-mingw32/bin/../lib/gcc/nios2-elf/4.1.2/../../../../nios2-elf/lib\libc.a(lib_a-strcmp.o)
 .data          0x0081b6cc        0x0 c:/altera/12.0sp2/nios2eds/bin/gnu/h-i686-mingw32/bin/../lib/gcc/nios2-elf/4.1.2/../../../../nios2-elf/lib\libc.a(lib_a-strcpy.o)
 .data          0x0081b6cc        0x0 c:/altera/12.0sp2/nios2eds/bin/gnu/h-i686-mingw32/bin/../lib/gcc/nios2-elf/4.1.2/../../../../nios2-elf/lib\libc.a(lib_a-strlen.o)
 .data          0x0081b6cc        0x0 c:/altera/12.0sp2/nios2eds/bin/gnu/h-i686-mingw32/bin/../lib/gcc/nios2-elf/4.1.2/../../../../nios2-elf/lib\libc.a(lib_a-strncat.o)
 .data          0x0081b6cc        0x0 c:/altera/12.0sp2/nios2eds/bin/gnu/h-i686-mingw32/bin/../lib/gcc/nios2-elf/4.1.2/../../../../nios2-elf/lib\libc.a(lib_a-strsep.o)
 .data          0x0081b6cc        0x0 c:/altera/12.0sp2/nios2eds/bin/gnu/h-i686-mingw32/bin/../lib/gcc/nios2-elf/4.1.2/../../../../nios2-elf/lib\libc.a(lib_a-strtok_r.o)
 .data          0x0081b6cc        0x0 c:/altera/12.0sp2/nios2eds/bin/gnu/h-i686-mingw32/bin/../lib/gcc/nios2-elf/4.1.2/../../../../nios2-elf/lib\libc.a(lib_a-vfprintf.o)
 .data          0x0081b6cc        0x0 c:/altera/12.0sp2/nios2eds/bin/gnu/h-i686-mingw32/bin/../lib/gcc/nios2-elf/4.1.2/../../../../nios2-elf/lib\libc.a(lib_a-wsetup.o)
 .data          0x0081b6cc        0x0 c:/altera/12.0sp2/nios2eds/bin/gnu/h-i686-mingw32/bin/../lib/gcc/nios2-elf/4.1.2/../../../../nios2-elf/lib\libc.a(lib_a-dtoa.o)
 .data          0x0081b6cc        0x0 c:/altera/12.0sp2/nios2eds/bin/gnu/h-i686-mingw32/bin/../lib/gcc/nios2-elf/4.1.2/../../../../nios2-elf/lib\libc.a(lib_a-fflush.o)
 .data          0x0081b6cc        0x0 c:/altera/12.0sp2/nios2eds/bin/gnu/h-i686-mingw32/bin/../lib/gcc/nios2-elf/4.1.2/../../../../nios2-elf/lib\libc.a(lib_a-findfp.o)
 .data          0x0081b6cc        0x0 c:/altera/12.0sp2/nios2eds/bin/gnu/h-i686-mingw32/bin/../lib/gcc/nios2-elf/4.1.2/../../../../nios2-elf/lib\libc.a(lib_a-freer.o)
 .data          0x0081b6cc        0x0 c:/altera/12.0sp2/nios2eds/bin/gnu/h-i686-mingw32/bin/../lib/gcc/nios2-elf/4.1.2/../../../../nios2-elf/lib\libc.a(lib_a-fvwrite.o)
 .data          0x0081b6cc        0x0 c:/altera/12.0sp2/nios2eds/bin/gnu/h-i686-mingw32/bin/../lib/gcc/nios2-elf/4.1.2/../../../../nios2-elf/lib\libc.a(lib_a-fwalk.o)
 .data          0x0081b6cc        0x0 c:/altera/12.0sp2/nios2eds/bin/gnu/h-i686-mingw32/bin/../lib/gcc/nios2-elf/4.1.2/../../../../nios2-elf/lib\libc.a(lib_a-int_errno.o)
 .data          0x0081b6cc        0xc c:/altera/12.0sp2/nios2eds/bin/gnu/h-i686-mingw32/bin/../lib/gcc/nios2-elf/4.1.2/../../../../nios2-elf/lib\libc.a(lib_a-locale.o)
                0x0081b6cc                __lc_ctype
 .data          0x0081b6d8        0x0 c:/altera/12.0sp2/nios2eds/bin/gnu/h-i686-mingw32/bin/../lib/gcc/nios2-elf/4.1.2/../../../../nios2-elf/lib\libc.a(lib_a-makebuf.o)
 .data          0x0081b6d8        0x0 c:/altera/12.0sp2/nios2eds/bin/gnu/h-i686-mingw32/bin/../lib/gcc/nios2-elf/4.1.2/../../../../nios2-elf/lib\libc.a(lib_a-memchr.o)
 .data          0x0081b6d8        0x0 c:/altera/12.0sp2/nios2eds/bin/gnu/h-i686-mingw32/bin/../lib/gcc/nios2-elf/4.1.2/../../../../nios2-elf/lib\libc.a(lib_a-memcpy.o)
 .data          0x0081b6d8        0x0 c:/altera/12.0sp2/nios2eds/bin/gnu/h-i686-mingw32/bin/../lib/gcc/nios2-elf/4.1.2/../../../../nios2-elf/lib\libc.a(lib_a-memmove.o)
 .data          0x0081b6d8        0x0 c:/altera/12.0sp2/nios2eds/bin/gnu/h-i686-mingw32/bin/../lib/gcc/nios2-elf/4.1.2/../../../../nios2-elf/lib\libc.a(lib_a-memset.o)
 .data          0x0081b6d8        0x0 c:/altera/12.0sp2/nios2eds/bin/gnu/h-i686-mingw32/bin/../lib/gcc/nios2-elf/4.1.2/../../../../nios2-elf/lib\libc.a(lib_a-mprec.o)
 .data          0x0081b6d8        0x0 c:/altera/12.0sp2/nios2eds/bin/gnu/h-i686-mingw32/bin/../lib/gcc/nios2-elf/4.1.2/../../../../nios2-elf/lib\libc.a(lib_a-reallocr.o)
 .data          0x0081b6d8        0x0 c:/altera/12.0sp2/nios2eds/bin/gnu/h-i686-mingw32/bin/../lib/gcc/nios2-elf/4.1.2/../../../../nios2-elf/lib\libc.a(lib_a-s_isinfd.o)
 .data          0x0081b6d8        0x0 c:/altera/12.0sp2/nios2eds/bin/gnu/h-i686-mingw32/bin/../lib/gcc/nios2-elf/4.1.2/../../../../nios2-elf/lib\libc.a(lib_a-stdio.o)
 .data          0x0081b6d8        0x0 c:/altera/12.0sp2/nios2eds/bin/gnu/h-i686-mingw32/bin/../lib/gcc/nios2-elf/4.1.2/../../../../nios2-elf/lib\libc.a(lib_a-writer.o)
 .data          0x0081b6d8        0x0 c:/altera/12.0sp2/nios2eds/bin/gnu/h-i686-mingw32/bin/../lib/gcc/nios2-elf/4.1.2/../../../../nios2-elf/lib\libc.a(lib_a-callocr.o)
 .data          0x0081b6d8        0x0 c:/altera/12.0sp2/nios2eds/bin/gnu/h-i686-mingw32/bin/../lib/gcc/nios2-elf/4.1.2/../../../../nios2-elf/lib\libc.a(lib_a-closer.o)
 .data          0x0081b6d8        0x0 c:/altera/12.0sp2/nios2eds/bin/gnu/h-i686-mingw32/bin/../lib/gcc/nios2-elf/4.1.2/../../../../nios2-elf/lib\libc.a(lib_a-fclose.o)
 .data          0x0081b6d8        0x0 c:/altera/12.0sp2/nios2eds/bin/gnu/h-i686-mingw32/bin/../lib/gcc/nios2-elf/4.1.2/../../../../nios2-elf/lib\libc.a(lib_a-fstatr.o)
 .data          0x0081b6d8        0x0 c:/altera/12.0sp2/nios2eds/bin/gnu/h-i686-mingw32/bin/../lib/gcc/nios2-elf/4.1.2/../../../../nios2-elf/lib\libc.a(lib_a-isattyr.o)
 .data          0x0081b6d8        0x0 c:/altera/12.0sp2/nios2eds/bin/gnu/h-i686-mingw32/bin/../lib/gcc/nios2-elf/4.1.2/../../../../nios2-elf/lib\libc.a(lib_a-lseekr.o)
 .data          0x0081b6d8        0x0 c:/altera/12.0sp2/nios2eds/bin/gnu/h-i686-mingw32/bin/../lib/gcc/nios2-elf/4.1.2/../../../../nios2-elf/lib\libc.a(lib_a-readr.o)
 .data          0x0081b6d8        0x0 c:/altera/12.0sp2/nios2eds/bin/gnu/h-i686-mingw32/bin/../lib/gcc/nios2-elf/4.1.2\libgcc.a(_udivdi3.o)
 .data          0x0081b6d8        0x0 c:/altera/12.0sp2/nios2eds/bin/gnu/h-i686-mingw32/bin/../lib/gcc/nios2-elf/4.1.2\libgcc.a(_umoddi3.o)
 .data          0x0081b6d8        0x0 c:/altera/12.0sp2/nios2eds/bin/gnu/h-i686-mingw32/bin/../lib/gcc/nios2-elf/4.1.2\libgcc.a(_eq_df.o)
 .data          0x0081b6d8        0x0 c:/altera/12.0sp2/nios2eds/bin/gnu/h-i686-mingw32/bin/../lib/gcc/nios2-elf/4.1.2\libgcc.a(_ne_df.o)
 .data          0x0081b6d8        0x0 c:/altera/12.0sp2/nios2eds/bin/gnu/h-i686-mingw32/bin/../lib/gcc/nios2-elf/4.1.2\libgcc.a(_gt_df.o)
 .data          0x0081b6d8        0x0 c:/altera/12.0sp2/nios2eds/bin/gnu/h-i686-mingw32/bin/../lib/gcc/nios2-elf/4.1.2\libgcc.a(_ge_df.o)
 .data          0x0081b6d8        0x0 c:/altera/12.0sp2/nios2eds/bin/gnu/h-i686-mingw32/bin/../lib/gcc/nios2-elf/4.1.2\libgcc.a(_usi_to_df.o)
 .data          0x0081b6d8        0x0 ../TowerDefence_bsp/\libhal_bsp.a(alt_alarm_start.o)
 .data          0x0081b6d8        0x0 ../TowerDefence_bsp/\libhal_bsp.a(alt_close.o)
 .data          0x0081b6d8      0x1a8 ../TowerDefence_bsp/\libhal_bsp.a(alt_dev.o)
                0x0081b6d8                alt_dev_null
                0x0081b700                alt_fd_list
 .data          0x0081b880        0x0 ../TowerDefence_bsp/\libhal_bsp.a(alt_errno.o)
 .data          0x0081b880        0x0 ../TowerDefence_bsp/\libhal_bsp.a(alt_fstat.o)
 .data          0x0081b880        0x0 ../TowerDefence_bsp/\libhal_bsp.a(alt_isatty.o)
 .data          0x0081b880        0x0 ../TowerDefence_bsp/\libhal_bsp.a(alt_load.o)
 .data          0x0081b880        0x0 ../TowerDefence_bsp/\libhal_bsp.a(alt_lseek.o)
 .data          0x0081b880        0x0 ../TowerDefence_bsp/\libhal_bsp.a(alt_main.o)
 .data          0x0081b880        0x0 ../TowerDefence_bsp/\libhal_bsp.a(alt_malloc_lock.o)
 .data          0x0081b880        0x0 ../TowerDefence_bsp/\libhal_bsp.a(alt_read.o)
 .data          0x0081b880        0x0 ../TowerDefence_bsp/\libhal_bsp.a(alt_release_fd.o)
 .data          0x0081b880        0x0 ../TowerDefence_bsp/\libhal_bsp.a(alt_sbrk.o)
 .data          0x0081b880        0x0 ../TowerDefence_bsp/\libhal_bsp.a(alt_tick.o)
 .data          0x0081b880        0x0 ../TowerDefence_bsp/\libhal_bsp.a(alt_usleep.o)
 .data          0x0081b880        0x0 ../TowerDefence_bsp/\libhal_bsp.a(alt_write.o)
 .data          0x0081b880     0x1128 ../TowerDefence_bsp/\libhal_bsp.a(alt_sys_init.o)
 .data          0x0081c9a8        0x0 ../TowerDefence_bsp/\libhal_bsp.a(altera_avalon_jtag_uart_fd.o)
 .data          0x0081c9a8        0x0 ../TowerDefence_bsp/\libhal_bsp.a(altera_avalon_jtag_uart_init.o)
 .data          0x0081c9a8        0x0 ../TowerDefence_bsp/\libhal_bsp.a(altera_avalon_jtag_uart_ioctl.o)
 .data          0x0081c9a8        0x0 ../TowerDefence_bsp/\libhal_bsp.a(altera_avalon_jtag_uart_read.o)
 .data          0x0081c9a8        0x0 ../TowerDefence_bsp/\libhal_bsp.a(altera_avalon_jtag_uart_write.o)
 .data          0x0081c9a8        0x0 ../TowerDefence_bsp/\libhal_bsp.a(altera_avalon_timer_sc.o)
 .data          0x0081c9a8        0x0 ../TowerDefence_bsp/\libhal_bsp.a(altera_avalon_timer_vars.o)
 .data          0x0081c9a8        0x0 ../TowerDefence_bsp/\libhal_bsp.a(altera_up_avalon_video_character_buffer_with_dma.o)
 .data          0x0081c9a8        0x0 ../TowerDefence_bsp/\libhal_bsp.a(altera_up_avalon_video_pixel_buffer_dma.o)
 .data          0x0081c9a8        0x0 ../TowerDefence_bsp/\libhal_bsp.a(altera_up_sd_card_avalon_interface.o)
 .data          0x0081c9a8        0x0 ../TowerDefence_bsp/\libhal_bsp.a(alt_busy_sleep.o)
 .data          0x0081c9a8        0x0 ../TowerDefence_bsp/\libhal_bsp.a(alt_dcache_flush_all.o)
 .data          0x0081c9a8        0x0 ../TowerDefence_bsp/\libhal_bsp.a(alt_dev_llist_insert.o)
 .data          0x0081c9a8        0x0 ../TowerDefence_bsp/\libhal_bsp.a(alt_do_ctors.o)
 .data          0x0081c9a8        0x0 ../TowerDefence_bsp/\libhal_bsp.a(alt_do_dtors.o)
 .data          0x0081c9a8        0x0 ../TowerDefence_bsp/\libhal_bsp.a(alt_find_dev.o)
 .data          0x0081c9a8        0x0 ../TowerDefence_bsp/\libhal_bsp.a(alt_icache_flush_all.o)
 .data          0x0081c9a8        0x0 ../TowerDefence_bsp/\libhal_bsp.a(alt_iic.o)
 .data          0x0081c9a8        0x0 ../TowerDefence_bsp/\libhal_bsp.a(alt_iic_isr_register.o)
 .data          0x0081c9a8        0x0 ../TowerDefence_bsp/\libhal_bsp.a(alt_io_redirect.o)
 .data          0x0081c9a8        0x0 ../TowerDefence_bsp/\libhal_bsp.a(alt_irq_entry.o)
 .data          0x0081c9a8        0x0 ../TowerDefence_bsp/\libhal_bsp.a(alt_irq_handler.o)
 .data          0x0081c9a8        0x0 ../TowerDefence_bsp/\libhal_bsp.a(alt_irq_vars.o)
 .data          0x0081c9a8        0x0 ../TowerDefence_bsp/\libhal_bsp.a(alt_open.o)
 .data          0x0081c9a8        0x0 ../TowerDefence_bsp/\libhal_bsp.a(altera_nios2_qsys_irq.o)
 .data          0x0081c9a8        0x0 ../TowerDefence_bsp/\libhal_bsp.a(alt_exception_entry.o)
 .data          0x0081c9a8        0x0 ../TowerDefence_bsp/\libhal_bsp.a(alt_find_file.o)
 .data          0x0081c9a8        0x0 ../TowerDefence_bsp/\libhal_bsp.a(alt_get_fd.o)
 .data          0x0081c9a8        0x0 ../TowerDefence_bsp/\libhal_bsp.a(alt_icache_flush.o)
 .data          0x0081c9a8        0x0 c:/altera/12.0sp2/nios2eds/bin/gnu/h-i686-mingw32/bin/../lib/gcc/nios2-elf/4.1.2/../../../../nios2-elf/lib\libc.a(lib_a-atexit.o)
 .data          0x0081c9a8        0x0 c:/altera/12.0sp2/nios2eds/bin/gnu/h-i686-mingw32/bin/../lib/gcc/nios2-elf/4.1.2/../../../../nios2-elf/lib\libc.a(lib_a-exit.o)
 .data          0x0081c9a8        0x0 c:/altera/12.0sp2/nios2eds/bin/gnu/h-i686-mingw32/bin/../lib/gcc/nios2-elf/4.1.2/../../../../nios2-elf/lib\libc.a(lib_a-memcmp.o)
 .data          0x0081c9a8        0x0 c:/altera/12.0sp2/nios2eds/bin/gnu/h-i686-mingw32/bin/../lib/gcc/nios2-elf/4.1.2/../../../../nios2-elf/lib\libc.a(lib_a-__atexit.o)
 .data          0x0081c9a8        0x0 c:/altera/12.0sp2/nios2eds/bin/gnu/h-i686-mingw32/bin/../lib/gcc/nios2-elf/4.1.2/../../../../nios2-elf/lib\libc.a(lib_a-__call_atexit.o)
 .data          0x0081c9a8        0x0 ../TowerDefence_bsp/\libhal_bsp.a(alt_exit.o)
                0x008249a8                _gp = ABSOLUTE ((. + 0x8000))
                0x008249a8                PROVIDE (gp, _gp)
 *(.rwdata .rwdata.*)
 *(.sdata .sdata.* .gnu.linkonce.s.*)
 .sdata         0x0081c9a8        0x4 obj/default/hardCode.o
                0x0081c9a8                star
 .sdata         0x0081c9ac        0x4 c:/altera/12.0sp2/nios2eds/bin/gnu/h-i686-mingw32/bin/../lib/gcc/nios2-elf/4.1.2/../../../../nios2-elf/lib\libm.a(lib_a-s_lib_ver.o)
                0x0081c9ac                __fdlib_version
 .sdata         0x0081c9b0        0x8 c:/altera/12.0sp2/nios2eds/bin/gnu/h-i686-mingw32/bin/../lib/gcc/nios2-elf/4.1.2/../../../../nios2-elf/lib\libc.a(lib_a-impure.o)
                0x0081c9b0                _impure_ptr
                0x0081c9b4                _global_impure_ptr
 .sdata         0x0081c9b8        0x8 c:/altera/12.0sp2/nios2eds/bin/gnu/h-i686-mingw32/bin/../lib/gcc/nios2-elf/4.1.2/../../../../nios2-elf/lib\libc.a(lib_a-mallocr.o)
                0x0081c9b8                __malloc_trim_threshold
                0x0081c9bc                __malloc_sbrk_base
 .sdata         0x0081c9c0        0x8 c:/altera/12.0sp2/nios2eds/bin/gnu/h-i686-mingw32/bin/../lib/gcc/nios2-elf/4.1.2/../../../../nios2-elf/lib\libc.a(lib_a-locale.o)
                0x0081c9c0                __mb_cur_max
 .sdata         0x0081c9c8       0x14 ../TowerDefence_bsp/\libhal_bsp.a(alt_dev.o)
                0x0081c9c8                alt_fs_list
                0x0081c9d0                alt_dev_list
                0x0081c9d8                alt_max_fd
 .sdata         0x0081c9dc        0x4 ../TowerDefence_bsp/\libhal_bsp.a(alt_errno.o)
                0x0081c9dc                alt_errno
 .sdata         0x0081c9e0        0x4 ../TowerDefence_bsp/\libhal_bsp.a(alt_sbrk.o)
 .sdata         0x0081c9e4        0x8 ../TowerDefence_bsp/\libhal_bsp.a(alt_tick.o)
                0x0081c9e4                alt_alarm_list
 .sdata         0x0081c9ec        0x4 ../TowerDefence_bsp/\libhal_bsp.a(alt_irq_vars.o)
                0x0081c9ec                alt_priority_mask
 *(.sdata2 .sdata2.* .gnu.linkonce.s2.*)
                0x0081c9f0                . = ALIGN (0x4)
                0x0081c9f0                _edata = ABSOLUTE (.)
                0x0081c9f0                PROVIDE (edata, ABSOLUTE (.))
                0x0081c9f0                PROVIDE (__ram_rwdata_end, ABSOLUTE (.))
                0x0081c9f0                PROVIDE (__flash_rwdata_start, LOADADDR (.rwdata))

.bss            0x0082396c      0x898
                0x0082396c                __bss_start = ABSOLUTE (.)
                0x0082396c                PROVIDE (__sbss_start, ABSOLUTE (.))
                0x0082396c                PROVIDE (___sbss_start, ABSOLUTE (.))
 *(.dynsbss)
 *(.sbss .sbss.* .gnu.linkonce.sb.*)
 .sbss          0x0082396c        0x8 obj/default/Env.o
                0x0082396c                char_buffer
                0x00823970                pixel_buffer
 .sbss          0x00823974        0xc c:/altera/12.0sp2/nios2eds/bin/gnu/h-i686-mingw32/bin/../lib/gcc/nios2-elf/4.1.2/../../../../nios2-elf/lib\libc.a(lib_a-mallocr.o)
                0x00823974                __malloc_top_pad
                0x00823978                __malloc_max_sbrked_mem
                0x0082397c                __malloc_max_total_mem
 .sbss          0x00823980        0x4 c:/altera/12.0sp2/nios2eds/bin/gnu/h-i686-mingw32/bin/../lib/gcc/nios2-elf/4.1.2/../../../../nios2-elf/lib\libc.a(lib_a-int_errno.o)
                0x00823980                errno
 .sbss          0x00823984        0xc c:/altera/12.0sp2/nios2eds/bin/gnu/h-i686-mingw32/bin/../lib/gcc/nios2-elf/4.1.2/../../../../nios2-elf/lib\libc.a(lib_a-locale.o)
                0x00823984                __nlocale_changed
                0x00823988                __mlocale_changed
                0x0082398c                _PathLocale
 .sbss          0x00823990        0xc ../TowerDefence_bsp/\libhal_bsp.a(alt_main.o)
                0x00823990                alt_argc
                0x00823994                alt_argv
                0x00823998                alt_envp
 .sbss          0x0082399c        0x8 ../TowerDefence_bsp/\libhal_bsp.a(alt_tick.o)
                0x0082399c                _alt_tick_rate
                0x008239a0                _alt_nticks
 .sbss          0x008239a4        0x8 ../TowerDefence_bsp/\libhal_bsp.a(altera_avalon_timer_vars.o)
                0x008239a4                altera_avalon_timer_ts_base
                0x008239a8                altera_avalon_timer_ts_freq
 .sbss          0x008239ac       0x34 ../TowerDefence_bsp/\libhal_bsp.a(altera_up_sd_card_avalon_interface.o)
                0x008239ac                initialized
                0x008239b0                is_sd_card_formated_as_FAT16
                0x008239b4                aux_status_register
                0x008239b8                status_register
                0x008239bc                CSD_register_w0
                0x008239c0                command_register
                0x008239c4                command_argument_register
                0x008239c8                buffer_memory
                0x008239cc                fat_partition_offset_in_512_byte_sectors
                0x008239d0                fat_partition_size_in_512_byte_sectors
                0x008239d4                device_pointer
                0x008239d8                current_sector_modified
                0x008239dc                current_sector_index
 .sbss          0x008239e0        0x4 ../TowerDefence_bsp/\libhal_bsp.a(alt_irq_vars.o)
                0x008239e0                alt_irq_active
 *(.sbss2 .sbss2.* .gnu.linkonce.sb2.*)
 *(.scommon)
                0x008239e4                PROVIDE (__sbss_end, ABSOLUTE (.))
                0x008239e4                PROVIDE (___sbss_end, ABSOLUTE (.))
 *(.dynbss)
 *(.bss .bss.* .gnu.linkonce.b.*)
 .bss           0x008239e4        0x0 ../TowerDefence_bsp//obj/HAL/src/crt0.o
 .bss           0x008239e4        0x0 obj/default/Env.o
 .bss           0x008239e4        0x0 obj/default/Frame.o
 .bss           0x008239e4        0x0 obj/default/Game.o
 .bss           0x008239e4        0x0 obj/default/GameInfo.o
 .bss           0x008239e4        0x0 obj/default/Object.o
 .bss           0x008239e4        0x0 obj/default/animation.o
 .bss           0x008239e4        0x0 obj/default/hardCode.o
 .bss           0x008239e4        0x0 c:/altera/12.0sp2/nios2eds/bin/gnu/h-i686-mingw32/bin/../lib/gcc/nios2-elf/4.1.2/../../../../nios2-elf/lib\libm.a(lib_a-w_sqrt.o)
 .bss           0x008239e4        0x0 c:/altera/12.0sp2/nios2eds/bin/gnu/h-i686-mingw32/bin/../lib/gcc/nios2-elf/4.1.2/../../../../nios2-elf/lib\libm.a(lib_a-e_sqrt.o)
 .bss           0x008239e4        0x0 c:/altera/12.0sp2/nios2eds/bin/gnu/h-i686-mingw32/bin/../lib/gcc/nios2-elf/4.1.2/../../../../nios2-elf/lib\libm.a(lib_a-s_isnand.o)
 .bss           0x008239e4        0x0 c:/altera/12.0sp2/nios2eds/bin/gnu/h-i686-mingw32/bin/../lib/gcc/nios2-elf/4.1.2/../../../../nios2-elf/lib\libm.a(lib_a-s_lib_ver.o)
 .bss           0x008239e4        0x0 c:/altera/12.0sp2/nios2eds/bin/gnu/h-i686-mingw32/bin/../lib/gcc/nios2-elf/4.1.2/../../../../nios2-elf/lib\libm.a(lib_a-s_matherr.o)
 .bss           0x008239e4        0x0 c:/altera/12.0sp2/nios2eds/bin/gnu/h-i686-mingw32/bin/../lib/gcc/nios2-elf/4.1.2\libgcc.a(_le_sf.o)
 .bss           0x008239e4        0x0 c:/altera/12.0sp2/nios2eds/bin/gnu/h-i686-mingw32/bin/../lib/gcc/nios2-elf/4.1.2\libgcc.a(_si_to_sf.o)
 .bss           0x008239e4        0x0 c:/altera/12.0sp2/nios2eds/bin/gnu/h-i686-mingw32/bin/../lib/gcc/nios2-elf/4.1.2\libgcc.a(_sf_to_df.o)
 .bss           0x008239e4        0x0 c:/altera/12.0sp2/nios2eds/bin/gnu/h-i686-mingw32/bin/../lib/gcc/nios2-elf/4.1.2\libgcc.a(_addsub_df.o)
 .bss           0x008239e4        0x0 c:/altera/12.0sp2/nios2eds/bin/gnu/h-i686-mingw32/bin/../lib/gcc/nios2-elf/4.1.2\libgcc.a(_mul_df.o)
 .bss           0x008239e4        0x0 c:/altera/12.0sp2/nios2eds/bin/gnu/h-i686-mingw32/bin/../lib/gcc/nios2-elf/4.1.2\libgcc.a(_div_df.o)
 .bss           0x008239e4        0x0 c:/altera/12.0sp2/nios2eds/bin/gnu/h-i686-mingw32/bin/../lib/gcc/nios2-elf/4.1.2\libgcc.a(_lt_df.o)
 .bss           0x008239e4        0x0 c:/altera/12.0sp2/nios2eds/bin/gnu/h-i686-mingw32/bin/../lib/gcc/nios2-elf/4.1.2\libgcc.a(_si_to_df.o)
 .bss           0x008239e4        0x0 c:/altera/12.0sp2/nios2eds/bin/gnu/h-i686-mingw32/bin/../lib/gcc/nios2-elf/4.1.2\libgcc.a(_df_to_si.o)
 .bss           0x008239e4        0x0 c:/altera/12.0sp2/nios2eds/bin/gnu/h-i686-mingw32/bin/../lib/gcc/nios2-elf/4.1.2\libgcc.a(_make_df.o)
 .bss           0x008239e4        0x0 c:/altera/12.0sp2/nios2eds/bin/gnu/h-i686-mingw32/bin/../lib/gcc/nios2-elf/4.1.2\libgcc.a(_df_to_sf.o)
 .bss           0x008239e4        0x0 c:/altera/12.0sp2/nios2eds/bin/gnu/h-i686-mingw32/bin/../lib/gcc/nios2-elf/4.1.2\libgcc.a(_thenan_df.o)
 .bss           0x008239e4        0x0 c:/altera/12.0sp2/nios2eds/bin/gnu/h-i686-mingw32/bin/../lib/gcc/nios2-elf/4.1.2\libgcc.a(lib2-divmod.o)
 .bss           0x008239e4        0x0 c:/altera/12.0sp2/nios2eds/bin/gnu/h-i686-mingw32/bin/../lib/gcc/nios2-elf/4.1.2\libgcc.a(_muldi3.o)
 .bss           0x008239e4        0x0 c:/altera/12.0sp2/nios2eds/bin/gnu/h-i686-mingw32/bin/../lib/gcc/nios2-elf/4.1.2\libgcc.a(_clzsi2.o)
 .bss           0x008239e4        0x0 c:/altera/12.0sp2/nios2eds/bin/gnu/h-i686-mingw32/bin/../lib/gcc/nios2-elf/4.1.2\libgcc.a(_pack_sf.o)
 .bss           0x008239e4        0x0 c:/altera/12.0sp2/nios2eds/bin/gnu/h-i686-mingw32/bin/../lib/gcc/nios2-elf/4.1.2\libgcc.a(_unpack_sf.o)
 .bss           0x008239e4        0x0 c:/altera/12.0sp2/nios2eds/bin/gnu/h-i686-mingw32/bin/../lib/gcc/nios2-elf/4.1.2\libgcc.a(_fpcmp_parts_sf.o)
 .bss           0x008239e4        0x0 c:/altera/12.0sp2/nios2eds/bin/gnu/h-i686-mingw32/bin/../lib/gcc/nios2-elf/4.1.2\libgcc.a(_make_sf.o)
 .bss           0x008239e4        0x0 c:/altera/12.0sp2/nios2eds/bin/gnu/h-i686-mingw32/bin/../lib/gcc/nios2-elf/4.1.2\libgcc.a(_pack_df.o)
 .bss           0x008239e4        0x0 c:/altera/12.0sp2/nios2eds/bin/gnu/h-i686-mingw32/bin/../lib/gcc/nios2-elf/4.1.2\libgcc.a(_unpack_df.o)
 .bss           0x008239e4        0x0 c:/altera/12.0sp2/nios2eds/bin/gnu/h-i686-mingw32/bin/../lib/gcc/nios2-elf/4.1.2\libgcc.a(_fpcmp_parts_df.o)
 .bss           0x008239e4        0x0 c:/altera/12.0sp2/nios2eds/bin/gnu/h-i686-mingw32/bin/../lib/gcc/nios2-elf/4.1.2\libgcc.a(_clz.o)
 .bss           0x008239e4        0x0 c:/altera/12.0sp2/nios2eds/bin/gnu/h-i686-mingw32/bin/../lib/gcc/nios2-elf/4.1.2/../../../../nios2-elf/lib\libc.a(lib_a-errno.o)
 .bss           0x008239e4        0x0 c:/altera/12.0sp2/nios2eds/bin/gnu/h-i686-mingw32/bin/../lib/gcc/nios2-elf/4.1.2/../../../../nios2-elf/lib\libc.a(lib_a-impure.o)
 .bss           0x008239e4        0x0 c:/altera/12.0sp2/nios2eds/bin/gnu/h-i686-mingw32/bin/../lib/gcc/nios2-elf/4.1.2/../../../../nios2-elf/lib\libc.a(lib_a-malloc.o)
 .bss           0x008239e4       0x28 c:/altera/12.0sp2/nios2eds/bin/gnu/h-i686-mingw32/bin/../lib/gcc/nios2-elf/4.1.2/../../../../nios2-elf/lib\libc.a(lib_a-mallocr.o)
                0x008239e4                __malloc_current_mallinfo
 .bss           0x00823a0c        0x0 c:/altera/12.0sp2/nios2eds/bin/gnu/h-i686-mingw32/bin/../lib/gcc/nios2-elf/4.1.2/../../../../nios2-elf/lib\libc.a(lib_a-printf.o)
 .bss           0x00823a0c        0x0 c:/altera/12.0sp2/nios2eds/bin/gnu/h-i686-mingw32/bin/../lib/gcc/nios2-elf/4.1.2/../../../../nios2-elf/lib\libc.a(lib_a-puts.o)
 .bss           0x00823a0c        0x0 c:/altera/12.0sp2/nios2eds/bin/gnu/h-i686-mingw32/bin/../lib/gcc/nios2-elf/4.1.2/../../../../nios2-elf/lib\libc.a(lib_a-rand.o)
 .bss           0x00823a0c        0x0 c:/altera/12.0sp2/nios2eds/bin/gnu/h-i686-mingw32/bin/../lib/gcc/nios2-elf/4.1.2/../../../../nios2-elf/lib\libc.a(lib_a-sbrkr.o)
 .bss           0x00823a0c        0x0 c:/altera/12.0sp2/nios2eds/bin/gnu/h-i686-mingw32/bin/../lib/gcc/nios2-elf/4.1.2/../../../../nios2-elf/lib\libc.a(lib_a-sprintf.o)
 .bss           0x00823a0c        0x0 c:/altera/12.0sp2/nios2eds/bin/gnu/h-i686-mingw32/bin/../lib/gcc/nios2-elf/4.1.2/../../../../nios2-elf/lib\libc.a(lib_a-strcmp.o)
 .bss           0x00823a0c        0x0 c:/altera/12.0sp2/nios2eds/bin/gnu/h-i686-mingw32/bin/../lib/gcc/nios2-elf/4.1.2/../../../../nios2-elf/lib\libc.a(lib_a-strcpy.o)
 .bss           0x00823a0c        0x0 c:/altera/12.0sp2/nios2eds/bin/gnu/h-i686-mingw32/bin/../lib/gcc/nios2-elf/4.1.2/../../../../nios2-elf/lib\libc.a(lib_a-strlen.o)
 .bss           0x00823a0c        0x0 c:/altera/12.0sp2/nios2eds/bin/gnu/h-i686-mingw32/bin/../lib/gcc/nios2-elf/4.1.2/../../../../nios2-elf/lib\libc.a(lib_a-strncat.o)
 .bss           0x00823a0c        0x0 c:/altera/12.0sp2/nios2eds/bin/gnu/h-i686-mingw32/bin/../lib/gcc/nios2-elf/4.1.2/../../../../nios2-elf/lib\libc.a(lib_a-strsep.o)
 .bss           0x00823a0c        0x0 c:/altera/12.0sp2/nios2eds/bin/gnu/h-i686-mingw32/bin/../lib/gcc/nios2-elf/4.1.2/../../../../nios2-elf/lib\libc.a(lib_a-strtok_r.o)
 .bss           0x00823a0c        0x0 c:/altera/12.0sp2/nios2eds/bin/gnu/h-i686-mingw32/bin/../lib/gcc/nios2-elf/4.1.2/../../../../nios2-elf/lib\libc.a(lib_a-vfprintf.o)
 .bss           0x00823a0c        0x0 c:/altera/12.0sp2/nios2eds/bin/gnu/h-i686-mingw32/bin/../lib/gcc/nios2-elf/4.1.2/../../../../nios2-elf/lib\libc.a(lib_a-wsetup.o)
 .bss           0x00823a0c        0x0 c:/altera/12.0sp2/nios2eds/bin/gnu/h-i686-mingw32/bin/../lib/gcc/nios2-elf/4.1.2/../../../../nios2-elf/lib\libc.a(lib_a-dtoa.o)
 .bss           0x00823a0c        0x0 c:/altera/12.0sp2/nios2eds/bin/gnu/h-i686-mingw32/bin/../lib/gcc/nios2-elf/4.1.2/../../../../nios2-elf/lib\libc.a(lib_a-fflush.o)
 .bss           0x00823a0c        0x0 c:/altera/12.0sp2/nios2eds/bin/gnu/h-i686-mingw32/bin/../lib/gcc/nios2-elf/4.1.2/../../../../nios2-elf/lib\libc.a(lib_a-findfp.o)
 .bss           0x00823a0c        0x0 c:/altera/12.0sp2/nios2eds/bin/gnu/h-i686-mingw32/bin/../lib/gcc/nios2-elf/4.1.2/../../../../nios2-elf/lib\libc.a(lib_a-freer.o)
 .bss           0x00823a0c        0x0 c:/altera/12.0sp2/nios2eds/bin/gnu/h-i686-mingw32/bin/../lib/gcc/nios2-elf/4.1.2/../../../../nios2-elf/lib\libc.a(lib_a-fvwrite.o)
 .bss           0x00823a0c        0x0 c:/altera/12.0sp2/nios2eds/bin/gnu/h-i686-mingw32/bin/../lib/gcc/nios2-elf/4.1.2/../../../../nios2-elf/lib\libc.a(lib_a-fwalk.o)
 .bss           0x00823a0c        0x0 c:/altera/12.0sp2/nios2eds/bin/gnu/h-i686-mingw32/bin/../lib/gcc/nios2-elf/4.1.2/../../../../nios2-elf/lib\libc.a(lib_a-int_errno.o)
 .bss           0x00823a0c        0x0 c:/altera/12.0sp2/nios2eds/bin/gnu/h-i686-mingw32/bin/../lib/gcc/nios2-elf/4.1.2/../../../../nios2-elf/lib\libc.a(lib_a-locale.o)
 .bss           0x00823a0c        0x0 c:/altera/12.0sp2/nios2eds/bin/gnu/h-i686-mingw32/bin/../lib/gcc/nios2-elf/4.1.2/../../../../nios2-elf/lib\libc.a(lib_a-makebuf.o)
 .bss           0x00823a0c        0x0 c:/altera/12.0sp2/nios2eds/bin/gnu/h-i686-mingw32/bin/../lib/gcc/nios2-elf/4.1.2/../../../../nios2-elf/lib\libc.a(lib_a-memchr.o)
 .bss           0x00823a0c        0x0 c:/altera/12.0sp2/nios2eds/bin/gnu/h-i686-mingw32/bin/../lib/gcc/nios2-elf/4.1.2/../../../../nios2-elf/lib\libc.a(lib_a-memcpy.o)
 .bss           0x00823a0c        0x0 c:/altera/12.0sp2/nios2eds/bin/gnu/h-i686-mingw32/bin/../lib/gcc/nios2-elf/4.1.2/../../../../nios2-elf/lib\libc.a(lib_a-memmove.o)
 .bss           0x00823a0c        0x0 c:/altera/12.0sp2/nios2eds/bin/gnu/h-i686-mingw32/bin/../lib/gcc/nios2-elf/4.1.2/../../../../nios2-elf/lib\libc.a(lib_a-memset.o)
 .bss           0x00823a0c        0x0 c:/altera/12.0sp2/nios2eds/bin/gnu/h-i686-mingw32/bin/../lib/gcc/nios2-elf/4.1.2/../../../../nios2-elf/lib\libc.a(lib_a-mprec.o)
 .bss           0x00823a0c        0x0 c:/altera/12.0sp2/nios2eds/bin/gnu/h-i686-mingw32/bin/../lib/gcc/nios2-elf/4.1.2/../../../../nios2-elf/lib\libc.a(lib_a-reallocr.o)
 .bss           0x00823a0c        0x0 c:/altera/12.0sp2/nios2eds/bin/gnu/h-i686-mingw32/bin/../lib/gcc/nios2-elf/4.1.2/../../../../nios2-elf/lib\libc.a(lib_a-s_isinfd.o)
 .bss           0x00823a0c        0x0 c:/altera/12.0sp2/nios2eds/bin/gnu/h-i686-mingw32/bin/../lib/gcc/nios2-elf/4.1.2/../../../../nios2-elf/lib\libc.a(lib_a-stdio.o)
 .bss           0x00823a0c        0x0 c:/altera/12.0sp2/nios2eds/bin/gnu/h-i686-mingw32/bin/../lib/gcc/nios2-elf/4.1.2/../../../../nios2-elf/lib\libc.a(lib_a-writer.o)
 .bss           0x00823a0c        0x0 c:/altera/12.0sp2/nios2eds/bin/gnu/h-i686-mingw32/bin/../lib/gcc/nios2-elf/4.1.2/../../../../nios2-elf/lib\libc.a(lib_a-callocr.o)
 .bss           0x00823a0c        0x0 c:/altera/12.0sp2/nios2eds/bin/gnu/h-i686-mingw32/bin/../lib/gcc/nios2-elf/4.1.2/../../../../nios2-elf/lib\libc.a(lib_a-closer.o)
 .bss           0x00823a0c        0x0 c:/altera/12.0sp2/nios2eds/bin/gnu/h-i686-mingw32/bin/../lib/gcc/nios2-elf/4.1.2/../../../../nios2-elf/lib\libc.a(lib_a-fclose.o)
 .bss           0x00823a0c        0x0 c:/altera/12.0sp2/nios2eds/bin/gnu/h-i686-mingw32/bin/../lib/gcc/nios2-elf/4.1.2/../../../../nios2-elf/lib\libc.a(lib_a-fstatr.o)
 .bss           0x00823a0c        0x0 c:/altera/12.0sp2/nios2eds/bin/gnu/h-i686-mingw32/bin/../lib/gcc/nios2-elf/4.1.2/../../../../nios2-elf/lib\libc.a(lib_a-isattyr.o)
 .bss           0x00823a0c        0x0 c:/altera/12.0sp2/nios2eds/bin/gnu/h-i686-mingw32/bin/../lib/gcc/nios2-elf/4.1.2/../../../../nios2-elf/lib\libc.a(lib_a-lseekr.o)
 .bss           0x00823a0c        0x0 c:/altera/12.0sp2/nios2eds/bin/gnu/h-i686-mingw32/bin/../lib/gcc/nios2-elf/4.1.2/../../../../nios2-elf/lib\libc.a(lib_a-readr.o)
 .bss           0x00823a0c        0x0 c:/altera/12.0sp2/nios2eds/bin/gnu/h-i686-mingw32/bin/../lib/gcc/nios2-elf/4.1.2\libgcc.a(_udivdi3.o)
 .bss           0x00823a0c        0x0 c:/altera/12.0sp2/nios2eds/bin/gnu/h-i686-mingw32/bin/../lib/gcc/nios2-elf/4.1.2\libgcc.a(_umoddi3.o)
 .bss           0x00823a0c        0x0 c:/altera/12.0sp2/nios2eds/bin/gnu/h-i686-mingw32/bin/../lib/gcc/nios2-elf/4.1.2\libgcc.a(_eq_df.o)
 .bss           0x00823a0c        0x0 c:/altera/12.0sp2/nios2eds/bin/gnu/h-i686-mingw32/bin/../lib/gcc/nios2-elf/4.1.2\libgcc.a(_ne_df.o)
 .bss           0x00823a0c        0x0 c:/altera/12.0sp2/nios2eds/bin/gnu/h-i686-mingw32/bin/../lib/gcc/nios2-elf/4.1.2\libgcc.a(_gt_df.o)
 .bss           0x00823a0c        0x0 c:/altera/12.0sp2/nios2eds/bin/gnu/h-i686-mingw32/bin/../lib/gcc/nios2-elf/4.1.2\libgcc.a(_ge_df.o)
 .bss           0x00823a0c        0x0 c:/altera/12.0sp2/nios2eds/bin/gnu/h-i686-mingw32/bin/../lib/gcc/nios2-elf/4.1.2\libgcc.a(_usi_to_df.o)
 .bss           0x00823a0c        0x0 ../TowerDefence_bsp/\libhal_bsp.a(alt_alarm_start.o)
 .bss           0x00823a0c        0x0 ../TowerDefence_bsp/\libhal_bsp.a(alt_close.o)
 .bss           0x00823a0c        0x0 ../TowerDefence_bsp/\libhal_bsp.a(alt_dev.o)
 .bss           0x00823a0c        0x0 ../TowerDefence_bsp/\libhal_bsp.a(alt_errno.o)
 .bss           0x00823a0c        0x0 ../TowerDefence_bsp/\libhal_bsp.a(alt_fstat.o)
 .bss           0x00823a0c        0x0 ../TowerDefence_bsp/\libhal_bsp.a(alt_isatty.o)
 .bss           0x00823a0c        0x0 ../TowerDefence_bsp/\libhal_bsp.a(alt_load.o)
 .bss           0x00823a0c        0x0 ../TowerDefence_bsp/\libhal_bsp.a(alt_lseek.o)
 .bss           0x00823a0c        0x0 ../TowerDefence_bsp/\libhal_bsp.a(alt_main.o)
 .bss           0x00823a0c        0x0 ../TowerDefence_bsp/\libhal_bsp.a(alt_malloc_lock.o)
 .bss           0x00823a0c        0x0 ../TowerDefence_bsp/\libhal_bsp.a(alt_read.o)
 .bss           0x00823a0c        0x0 ../TowerDefence_bsp/\libhal_bsp.a(alt_release_fd.o)
 .bss           0x00823a0c        0x0 ../TowerDefence_bsp/\libhal_bsp.a(alt_sbrk.o)
 .bss           0x00823a0c        0x0 ../TowerDefence_bsp/\libhal_bsp.a(alt_tick.o)
 .bss           0x00823a0c        0x0 ../TowerDefence_bsp/\libhal_bsp.a(alt_usleep.o)
 .bss           0x00823a0c        0x0 ../TowerDefence_bsp/\libhal_bsp.a(alt_write.o)
 .bss           0x00823a0c        0x0 ../TowerDefence_bsp/\libhal_bsp.a(alt_sys_init.o)
 .bss           0x00823a0c        0x0 ../TowerDefence_bsp/\libhal_bsp.a(altera_avalon_jtag_uart_fd.o)
 .bss           0x00823a0c        0x0 ../TowerDefence_bsp/\libhal_bsp.a(altera_avalon_jtag_uart_init.o)
 .bss           0x00823a0c        0x0 ../TowerDefence_bsp/\libhal_bsp.a(altera_avalon_jtag_uart_ioctl.o)
 .bss           0x00823a0c        0x0 ../TowerDefence_bsp/\libhal_bsp.a(altera_avalon_jtag_uart_read.o)
 .bss           0x00823a0c        0x0 ../TowerDefence_bsp/\libhal_bsp.a(altera_avalon_jtag_uart_write.o)
 .bss           0x00823a0c        0x0 ../TowerDefence_bsp/\libhal_bsp.a(altera_avalon_timer_sc.o)
 .bss           0x00823a0c        0x0 ../TowerDefence_bsp/\libhal_bsp.a(altera_avalon_timer_vars.o)
 .bss           0x00823a0c        0x0 ../TowerDefence_bsp/\libhal_bsp.a(altera_up_avalon_video_character_buffer_with_dma.o)
 .bss           0x00823a0c        0x0 ../TowerDefence_bsp/\libhal_bsp.a(altera_up_avalon_video_pixel_buffer_dma.o)
 .bss           0x00823a0c        0x0 ../TowerDefence_bsp/\libhal_bsp.a(altera_up_sd_card_avalon_interface.o)
 .bss           0x00823a0c        0x0 ../TowerDefence_bsp/\libhal_bsp.a(alt_busy_sleep.o)
 .bss           0x00823a0c        0x0 ../TowerDefence_bsp/\libhal_bsp.a(alt_dcache_flush_all.o)
 .bss           0x00823a0c        0x0 ../TowerDefence_bsp/\libhal_bsp.a(alt_dev_llist_insert.o)
 .bss           0x00823a0c        0x0 ../TowerDefence_bsp/\libhal_bsp.a(alt_do_ctors.o)
 .bss           0x00823a0c        0x0 ../TowerDefence_bsp/\libhal_bsp.a(alt_do_dtors.o)
 .bss           0x00823a0c        0x0 ../TowerDefence_bsp/\libhal_bsp.a(alt_find_dev.o)
 .bss           0x00823a0c        0x0 ../TowerDefence_bsp/\libhal_bsp.a(alt_icache_flush_all.o)
 .bss           0x00823a0c        0x0 ../TowerDefence_bsp/\libhal_bsp.a(alt_iic.o)
 .bss           0x00823a0c        0x0 ../TowerDefence_bsp/\libhal_bsp.a(alt_iic_isr_register.o)
 .bss           0x00823a0c        0x0 ../TowerDefence_bsp/\libhal_bsp.a(alt_io_redirect.o)
 .bss           0x00823a0c        0x0 ../TowerDefence_bsp/\libhal_bsp.a(alt_irq_entry.o)
 .bss           0x00823a0c        0x0 ../TowerDefence_bsp/\libhal_bsp.a(alt_irq_handler.o)
 .bss           0x00823a0c        0x0 ../TowerDefence_bsp/\libhal_bsp.a(alt_irq_vars.o)
 .bss           0x00823a0c        0x0 ../TowerDefence_bsp/\libhal_bsp.a(alt_open.o)
 .bss           0x00823a0c        0x0 ../TowerDefence_bsp/\libhal_bsp.a(altera_nios2_qsys_irq.o)
 .bss           0x00823a0c        0x0 ../TowerDefence_bsp/\libhal_bsp.a(alt_exception_entry.o)
 .bss           0x00823a0c        0x0 ../TowerDefence_bsp/\libhal_bsp.a(alt_find_file.o)
 .bss           0x00823a0c        0x0 ../TowerDefence_bsp/\libhal_bsp.a(alt_get_fd.o)
 .bss           0x00823a0c        0x0 ../TowerDefence_bsp/\libhal_bsp.a(alt_icache_flush.o)
 .bss           0x00823a0c        0x0 c:/altera/12.0sp2/nios2eds/bin/gnu/h-i686-mingw32/bin/../lib/gcc/nios2-elf/4.1.2/../../../../nios2-elf/lib\libc.a(lib_a-atexit.o)
 .bss           0x00823a0c        0x0 c:/altera/12.0sp2/nios2eds/bin/gnu/h-i686-mingw32/bin/../lib/gcc/nios2-elf/4.1.2/../../../../nios2-elf/lib\libc.a(lib_a-exit.o)
 .bss           0x00823a0c        0x0 c:/altera/12.0sp2/nios2eds/bin/gnu/h-i686-mingw32/bin/../lib/gcc/nios2-elf/4.1.2/../../../../nios2-elf/lib\libc.a(lib_a-memcmp.o)
 .bss           0x00823a0c        0x0 c:/altera/12.0sp2/nios2eds/bin/gnu/h-i686-mingw32/bin/../lib/gcc/nios2-elf/4.1.2/../../../../nios2-elf/lib\libc.a(lib_a-__atexit.o)
 .bss           0x00823a0c        0x0 c:/altera/12.0sp2/nios2eds/bin/gnu/h-i686-mingw32/bin/../lib/gcc/nios2-elf/4.1.2/../../../../nios2-elf/lib\libc.a(lib_a-__call_atexit.o)
 .bss           0x00823a0c        0x0 ../TowerDefence_bsp/\libhal_bsp.a(alt_exit.o)
 *(COMMON)
 COMMON         0x00823a0c        0x0 obj/default/Env.o
 COMMON         0x00823a0c      0x568 ../TowerDefence_bsp/\libhal_bsp.a(altera_up_sd_card_avalon_interface.o)
                0x00823a0c                search_data
                0x00823a20                boot_sector_data
                0x00823a74                active_files
 COMMON         0x00823f74      0x100 ../TowerDefence_bsp/\libhal_bsp.a(alt_irq_handler.o)
                0x00823f74                alt_irq
 COMMON         0x00824074      0x190 c:/altera/12.0sp2/nios2eds/bin/gnu/h-i686-mingw32/bin/../lib/gcc/nios2-elf/4.1.2/../../../../nios2-elf/lib\libc.a(lib_a-atexit.o)
                0x00824074                _atexit0
                0x00824204                . = ALIGN (0x4)
                0x00824204                __bss_end = ABSOLUTE (.)

.sdram          0x00824204        0x0
                0x00824204                PROVIDE (_alt_partition_sdram_start, ABSOLUTE (.))
 *(.sdram. sdram.*)
                0x00824204                . = ALIGN (0x4)
                0x00824204                PROVIDE (_alt_partition_sdram_end, ABSOLUTE (.))
                0x00824204                _end = ABSOLUTE (.)
                0x00824204                end = ABSOLUTE (.)
                0x00824204                __alt_stack_base = ABSOLUTE (.)
                0x00824204                PROVIDE (_alt_partition_sdram_load_addr, LOADADDR (.sdram))

.stab
 *(.stab)

.stabstr
 *(.stabstr)

.stab.excl
 *(.stab.excl)

.stab.exclstr
 *(.stab.exclstr)

.stab.index
 *(.stab.index)

.stab.indexstr
 *(.stab.indexstr)

.comment        0x00000000       0x26
 *(.comment)
 .comment       0x00000000       0x26 obj/default/Env.o
                                 0x27 (size before relaxing)
 .comment       0x00000000       0x27 obj/default/Frame.o
 .comment       0x00000000       0x27 obj/default/Game.o
 .comment       0x00000000       0x27 obj/default/GameInfo.o
 .comment       0x00000000       0x27 obj/default/Object.o
 .comment       0x00000000       0x27 obj/default/animation.o
 .comment       0x00000000       0x27 obj/default/hardCode.o
 .comment       0x00000000       0x27 c:/altera/12.0sp2/nios2eds/bin/gnu/h-i686-mingw32/bin/../lib/gcc/nios2-elf/4.1.2/../../../../nios2-elf/lib\libm.a(lib_a-w_sqrt.o)
 .comment       0x00000000       0x27 c:/altera/12.0sp2/nios2eds/bin/gnu/h-i686-mingw32/bin/../lib/gcc/nios2-elf/4.1.2/../../../../nios2-elf/lib\libm.a(lib_a-e_sqrt.o)
 .comment       0x00000000       0x27 c:/altera/12.0sp2/nios2eds/bin/gnu/h-i686-mingw32/bin/../lib/gcc/nios2-elf/4.1.2/../../../../nios2-elf/lib\libm.a(lib_a-s_isnand.o)
 .comment       0x00000000       0x27 c:/altera/12.0sp2/nios2eds/bin/gnu/h-i686-mingw32/bin/../lib/gcc/nios2-elf/4.1.2/../../../../nios2-elf/lib\libm.a(lib_a-s_lib_ver.o)
 .comment       0x00000000       0x27 c:/altera/12.0sp2/nios2eds/bin/gnu/h-i686-mingw32/bin/../lib/gcc/nios2-elf/4.1.2/../../../../nios2-elf/lib\libm.a(lib_a-s_matherr.o)
 .comment       0x00000000       0x27 c:/altera/12.0sp2/nios2eds/bin/gnu/h-i686-mingw32/bin/../lib/gcc/nios2-elf/4.1.2\libgcc.a(_le_sf.o)
 .comment       0x00000000       0x27 c:/altera/12.0sp2/nios2eds/bin/gnu/h-i686-mingw32/bin/../lib/gcc/nios2-elf/4.1.2\libgcc.a(_si_to_sf.o)
 .comment       0x00000000       0x27 c:/altera/12.0sp2/nios2eds/bin/gnu/h-i686-mingw32/bin/../lib/gcc/nios2-elf/4.1.2\libgcc.a(_sf_to_df.o)
 .comment       0x00000000       0x27 c:/altera/12.0sp2/nios2eds/bin/gnu/h-i686-mingw32/bin/../lib/gcc/nios2-elf/4.1.2\libgcc.a(_addsub_df.o)
 .comment       0x00000000       0x27 c:/altera/12.0sp2/nios2eds/bin/gnu/h-i686-mingw32/bin/../lib/gcc/nios2-elf/4.1.2\libgcc.a(_mul_df.o)
 .comment       0x00000000       0x27 c:/altera/12.0sp2/nios2eds/bin/gnu/h-i686-mingw32/bin/../lib/gcc/nios2-elf/4.1.2\libgcc.a(_div_df.o)
 .comment       0x00000000       0x27 c:/altera/12.0sp2/nios2eds/bin/gnu/h-i686-mingw32/bin/../lib/gcc/nios2-elf/4.1.2\libgcc.a(_lt_df.o)
 .comment       0x00000000       0x27 c:/altera/12.0sp2/nios2eds/bin/gnu/h-i686-mingw32/bin/../lib/gcc/nios2-elf/4.1.2\libgcc.a(_si_to_df.o)
 .comment       0x00000000       0x27 c:/altera/12.0sp2/nios2eds/bin/gnu/h-i686-mingw32/bin/../lib/gcc/nios2-elf/4.1.2\libgcc.a(_df_to_si.o)
 .comment       0x00000000       0x27 c:/altera/12.0sp2/nios2eds/bin/gnu/h-i686-mingw32/bin/../lib/gcc/nios2-elf/4.1.2\libgcc.a(_make_df.o)
 .comment       0x00000000       0x27 c:/altera/12.0sp2/nios2eds/bin/gnu/h-i686-mingw32/bin/../lib/gcc/nios2-elf/4.1.2\libgcc.a(_df_to_sf.o)
 .comment       0x00000000       0x27 c:/altera/12.0sp2/nios2eds/bin/gnu/h-i686-mingw32/bin/../lib/gcc/nios2-elf/4.1.2\libgcc.a(_thenan_df.o)
 .comment       0x00000000       0x27 c:/altera/12.0sp2/nios2eds/bin/gnu/h-i686-mingw32/bin/../lib/gcc/nios2-elf/4.1.2\libgcc.a(lib2-divmod.o)
 .comment       0x00000000       0x27 c:/altera/12.0sp2/nios2eds/bin/gnu/h-i686-mingw32/bin/../lib/gcc/nios2-elf/4.1.2\libgcc.a(_muldi3.o)
 .comment       0x00000000       0x27 c:/altera/12.0sp2/nios2eds/bin/gnu/h-i686-mingw32/bin/../lib/gcc/nios2-elf/4.1.2\libgcc.a(_clzsi2.o)
 .comment       0x00000000       0x27 c:/altera/12.0sp2/nios2eds/bin/gnu/h-i686-mingw32/bin/../lib/gcc/nios2-elf/4.1.2\libgcc.a(_pack_sf.o)
 .comment       0x00000000       0x27 c:/altera/12.0sp2/nios2eds/bin/gnu/h-i686-mingw32/bin/../lib/gcc/nios2-elf/4.1.2\libgcc.a(_unpack_sf.o)
 .comment       0x00000000       0x27 c:/altera/12.0sp2/nios2eds/bin/gnu/h-i686-mingw32/bin/../lib/gcc/nios2-elf/4.1.2\libgcc.a(_fpcmp_parts_sf.o)
 .comment       0x00000000       0x27 c:/altera/12.0sp2/nios2eds/bin/gnu/h-i686-mingw32/bin/../lib/gcc/nios2-elf/4.1.2\libgcc.a(_make_sf.o)
 .comment       0x00000000       0x27 c:/altera/12.0sp2/nios2eds/bin/gnu/h-i686-mingw32/bin/../lib/gcc/nios2-elf/4.1.2\libgcc.a(_pack_df.o)
 .comment       0x00000000       0x27 c:/altera/12.0sp2/nios2eds/bin/gnu/h-i686-mingw32/bin/../lib/gcc/nios2-elf/4.1.2\libgcc.a(_unpack_df.o)
 .comment       0x00000000       0x27 c:/altera/12.0sp2/nios2eds/bin/gnu/h-i686-mingw32/bin/../lib/gcc/nios2-elf/4.1.2\libgcc.a(_fpcmp_parts_df.o)
 .comment       0x00000000       0x27 c:/altera/12.0sp2/nios2eds/bin/gnu/h-i686-mingw32/bin/../lib/gcc/nios2-elf/4.1.2\libgcc.a(_clz.o)
 .comment       0x00000000       0x27 c:/altera/12.0sp2/nios2eds/bin/gnu/h-i686-mingw32/bin/../lib/gcc/nios2-elf/4.1.2/../../../../nios2-elf/lib\libc.a(lib_a-errno.o)
 .comment       0x00000000       0x27 c:/altera/12.0sp2/nios2eds/bin/gnu/h-i686-mingw32/bin/../lib/gcc/nios2-elf/4.1.2/../../../../nios2-elf/lib\libc.a(lib_a-impure.o)
 .comment       0x00000000       0x27 c:/altera/12.0sp2/nios2eds/bin/gnu/h-i686-mingw32/bin/../lib/gcc/nios2-elf/4.1.2/../../../../nios2-elf/lib\libc.a(lib_a-malloc.o)
 .comment       0x00000000       0x27 c:/altera/12.0sp2/nios2eds/bin/gnu/h-i686-mingw32/bin/../lib/gcc/nios2-elf/4.1.2/../../../../nios2-elf/lib\libc.a(lib_a-mallocr.o)
 .comment       0x00000000       0x27 c:/altera/12.0sp2/nios2eds/bin/gnu/h-i686-mingw32/bin/../lib/gcc/nios2-elf/4.1.2/../../../../nios2-elf/lib\libc.a(lib_a-printf.o)
 .comment       0x00000000       0x27 c:/altera/12.0sp2/nios2eds/bin/gnu/h-i686-mingw32/bin/../lib/gcc/nios2-elf/4.1.2/../../../../nios2-elf/lib\libc.a(lib_a-puts.o)
 .comment       0x00000000       0x27 c:/altera/12.0sp2/nios2eds/bin/gnu/h-i686-mingw32/bin/../lib/gcc/nios2-elf/4.1.2/../../../../nios2-elf/lib\libc.a(lib_a-rand.o)
 .comment       0x00000000       0x27 c:/altera/12.0sp2/nios2eds/bin/gnu/h-i686-mingw32/bin/../lib/gcc/nios2-elf/4.1.2/../../../../nios2-elf/lib\libc.a(lib_a-sbrkr.o)