Archive member included because of file (symbol)

c:/altera/12.0sp2/nios2eds/bin/gnu/h-i686-mingw32/bin/../lib/gcc/nios2-elf/4.1.2/../../../../nios2-elf/lib\libm.a(lib_a-w_sqrt.o)
                              obj/default/Game.o (sqrt)
c:/altera/12.0sp2/nios2eds/bin/gnu/h-i686-mingw32/bin/../lib/gcc/nios2-elf/4.1.2/../../../../nios2-elf/lib\libm.a(lib_a-e_sqrt.o)
                              c:/altera/12.0sp2/nios2eds/bin/gnu/h-i686-mingw32/bin/../lib/gcc/nios2-elf/4.1.2/../../../../nios2-elf/lib\libm.a(lib_a-w_sqrt.o) (__ieee754_sqrt)
c:/altera/12.0sp2/nios2eds/bin/gnu/h-i686-mingw32/bin/../lib/gcc/nios2-elf/4.1.2/../../../../nios2-elf/lib\libm.a(lib_a-s_isnand.o)
                              c:/altera/12.0sp2/nios2eds/bin/gnu/h-i686-mingw32/bin/../lib/gcc/nios2-elf/4.1.2/../../../../nios2-elf/lib\libm.a(lib_a-w_sqrt.o) (__isnand)
c:/altera/12.0sp2/nios2eds/bin/gnu/h-i686-mingw32/bin/../lib/gcc/nios2-elf/4.1.2/../../../../nios2-elf/lib\libm.a(lib_a-s_lib_ver.o)
                              c:/altera/12.0sp2/nios2eds/bin/gnu/h-i686-mingw32/bin/../lib/gcc/nios2-elf/4.1.2/../../../../nios2-elf/lib\libm.a(lib_a-w_sqrt.o) (__fdlib_version)
c:/altera/12.0sp2/nios2eds/bin/gnu/h-i686-mingw32/bin/../lib/gcc/nios2-elf/4.1.2/../../../../nios2-elf/lib\libm.a(lib_a-s_matherr.o)
                              c:/altera/12.0sp2/nios2eds/bin/gnu/h-i686-mingw32/bin/../lib/gcc/nios2-elf/4.1.2/../../../../nios2-elf/lib\libm.a(lib_a-w_sqrt.o) (matherr)
c:/altera/12.0sp2/nios2eds/bin/gnu/h-i686-mingw32/bin/../lib/gcc/nios2-elf/4.1.2\libgcc.a(_le_sf.o)
                              obj/default/Game.o (__lesf2)
c:/altera/12.0sp2/nios2eds/bin/gnu/h-i686-mingw32/bin/../lib/gcc/nios2-elf/4.1.2\libgcc.a(_si_to_sf.o)
                              obj/default/Game.o (__floatsisf)
c:/altera/12.0sp2/nios2eds/bin/gnu/h-i686-mingw32/bin/../lib/gcc/nios2-elf/4.1.2\libgcc.a(_sf_to_df.o)
                              obj/default/Game.o (__extendsfdf2)
c:/altera/12.0sp2/nios2eds/bin/gnu/h-i686-mingw32/bin/../lib/gcc/nios2-elf/4.1.2\libgcc.a(_addsub_df.o)
                              c:/altera/12.0sp2/nios2eds/bin/gnu/h-i686-mingw32/bin/../lib/gcc/nios2-elf/4.1.2/../../../../nios2-elf/lib\libm.a(lib_a-e_sqrt.o) (__subdf3)
c:/altera/12.0sp2/nios2eds/bin/gnu/h-i686-mingw32/bin/../lib/gcc/nios2-elf/4.1.2\libgcc.a(_mul_df.o)
                              obj/default/animation.o (__muldf3)
c:/altera/12.0sp2/nios2eds/bin/gnu/h-i686-mingw32/bin/../lib/gcc/nios2-elf/4.1.2\libgcc.a(_div_df.o)
                              c:/altera/12.0sp2/nios2eds/bin/gnu/h-i686-mingw32/bin/../lib/gcc/nios2-elf/4.1.2/../../../../nios2-elf/lib\libm.a(lib_a-w_sqrt.o) (__divdf3)
c:/altera/12.0sp2/nios2eds/bin/gnu/h-i686-mingw32/bin/../lib/gcc/nios2-elf/4.1.2\libgcc.a(_lt_df.o)
                              c:/altera/12.0sp2/nios2eds/bin/gnu/h-i686-mingw32/bin/../lib/gcc/nios2-elf/4.1.2/../../../../nios2-elf/lib\libm.a(lib_a-w_sqrt.o) (__ltdf2)
c:/altera/12.0sp2/nios2eds/bin/gnu/h-i686-mingw32/bin/../lib/gcc/nios2-elf/4.1.2\libgcc.a(_si_to_df.o)
                              obj/default/animation.o (__floatsidf)
c:/altera/12.0sp2/nios2eds/bin/gnu/h-i686-mingw32/bin/../lib/gcc/nios2-elf/4.1.2\libgcc.a(_df_to_si.o)
                              obj/default/animation.o (__fixdfsi)
c:/altera/12.0sp2/nios2eds/bin/gnu/h-i686-mingw32/bin/../lib/gcc/nios2-elf/4.1.2\libgcc.a(_make_df.o)
                              c:/altera/12.0sp2/nios2eds/bin/gnu/h-i686-mingw32/bin/../lib/gcc/nios2-elf/4.1.2\libgcc.a(_sf_to_df.o) (__make_dp)
c:/altera/12.0sp2/nios2eds/bin/gnu/h-i686-mingw32/bin/../lib/gcc/nios2-elf/4.1.2\libgcc.a(_df_to_sf.o)
                              obj/default/Game.o (__truncdfsf2)
c:/altera/12.0sp2/nios2eds/bin/gnu/h-i686-mingw32/bin/../lib/gcc/nios2-elf/4.1.2\libgcc.a(_thenan_df.o)
                              c:/altera/12.0sp2/nios2eds/bin/gnu/h-i686-mingw32/bin/../lib/gcc/nios2-elf/4.1.2\libgcc.a(_addsub_df.o) (__thenan_df)
c:/altera/12.0sp2/nios2eds/bin/gnu/h-i686-mingw32/bin/../lib/gcc/nios2-elf/4.1.2\libgcc.a(lib2-divmod.o)
                              obj/default/Game.o (__modsi3)
c:/altera/12.0sp2/nios2eds/bin/gnu/h-i686-mingw32/bin/../lib/gcc/nios2-elf/4.1.2\libgcc.a(_muldi3.o)
                              c:/altera/12.0sp2/nios2eds/bin/gnu/h-i686-mingw32/bin/../lib/gcc/nios2-elf/4.1.2\libgcc.a(_mul_df.o) (__muldi3)
c:/altera/12.0sp2/nios2eds/bin/gnu/h-i686-mingw32/bin/../lib/gcc/nios2-elf/4.1.2\libgcc.a(_clzsi2.o)
                              c:/altera/12.0sp2/nios2eds/bin/gnu/h-i686-mingw32/bin/../lib/gcc/nios2-elf/4.1.2\libgcc.a(_si_to_sf.o) (__clzsi2)
c:/altera/12.0sp2/nios2eds/bin/gnu/h-i686-mingw32/bin/../lib/gcc/nios2-elf/4.1.2\libgcc.a(_pack_sf.o)
                              c:/altera/12.0sp2/nios2eds/bin/gnu/h-i686-mingw32/bin/../lib/gcc/nios2-elf/4.1.2\libgcc.a(_si_to_sf.o) (__pack_f)
c:/altera/12.0sp2/nios2eds/bin/gnu/h-i686-mingw32/bin/../lib/gcc/nios2-elf/4.1.2\libgcc.a(_unpack_sf.o)
[...]
Memory Configuration

Name             Origin             Length             Attributes
reset            0x00800000         0x00000020
sdram            0x00800020         0x007fffe0
*default*        0x00000000         0xffffffff

Linker script and memory map

LOAD ../TowerDefence_bsp//obj/HAL/src/crt0.o
LOAD obj/default/Env.o
LOAD obj/default/Frame.o
LOAD obj/default/Game.o
LOAD obj/default/GameInfo.o
LOAD obj/default/Object.o
LOAD obj/default/animation.o
LOAD obj/default/hardCode.o
LOAD c:/altera/12.0sp2/nios2eds/bin/gnu/h-i686-mingw32/bin/../lib/gcc/nios2-elf/4.1.2/../../../../nios2-elf/lib\libstdc++.a
LOAD c:/altera/12.0sp2/nios2eds/bin/gnu/h-i686-mingw32/bin/../lib/gcc/nios2-elf/4.1.2/../../../../nios2-elf/lib\libm.a
LOAD c:/altera/12.0sp2/nios2eds/bin/gnu/h-i686-mingw32/bin/../lib/gcc/nios2-elf/4.1.2\libgcc.a
START GROUP
LOAD c:/altera/12.0sp2/nios2eds/bin/gnu/h-i686-mingw32/bin/../lib/gcc/nios2-elf/4.1.2/../../../../nios2-elf/lib\libc.a
LOAD c:/altera/12.0sp2/nios2eds/bin/gnu/h-i686-mingw32/bin/../lib/gcc/nios2-elf/4.1.2\libgcc.a
LOAD ../TowerDefence_bsp/\libhal_bsp.a
END GROUP
LOAD c:/altera/12.0sp2/nios2eds/bin/gnu/h-i686-mingw32/bin/../lib/gcc/nios2-elf/4.1.2\libgcc.a
                0x00800000                __alt_mem_sdram = 0x800000

.entry          0x00800000       0x20
 *(.entry)
 .entry         0x00800000       0x20 ../TowerDefence_bsp//obj/HAL/src/crt0.o
                0x00800000                __reset

.exceptions     0x00800020      0x194
                0x00800020                PROVIDE (__ram_exceptions_start, ABSOLUTE (.))
                0x00800020                . = ALIGN (0x20)
 *(.irq)
 *(.exceptions.entry.label)
 .exceptions.entry.label
                0x00800020        0x0 ../TowerDefence_bsp/\libhal_bsp.a(alt_irq_entry.o)
                0x00800020                alt_irq_entry
 .exceptions.entry.label
                0x00800020        0x0 ../TowerDefence_bsp/\libhal_bsp.a(alt_exception_entry.o)
                0x00800020                alt_exception
 *(.exceptions.entry.user)
 *(.exceptions.entry)
 .exceptions.entry
                0x00800020       0x54 ../TowerDefence_bsp/\libhal_bsp.a(alt_exception_entry.o)
 *(.exceptions.irqtest.user)
 *(.exceptions.irqtest)
 .exceptions.irqtest
                0x00800074       0x10 ../TowerDefence_bsp/\libhal_bsp.a(alt_irq_entry.o)
 *(.exceptions.irqhandler.user)
 *(.exceptions.irqhandler)
 .exceptions.irqhandler
                0x00800084        0x4 ../TowerDefence_bsp/\libhal_bsp.a(alt_irq_entry.o)
 *(.exceptions.irqreturn.user)
 *(.exceptions.irqreturn)
 .exceptions.irqreturn
                0x00800088        0x4 ../TowerDefence_bsp/\libhal_bsp.a(alt_irq_entry.o)
 *(.exceptions.notirq.label)
 .exceptions.notirq.label
                0x0080008c        0x0 ../TowerDefence_bsp/\libhal_bsp.a(alt_irq_entry.o)
 *(.exceptions.notirq.user)
 *(.exceptions.notirq)
 .exceptions.notirq
                0x0080008c        0x8 ../TowerDefence_bsp/\libhal_bsp.a(alt_exception_entry.o)
 *(.exceptions.soft.user)
 *(.exceptions.soft)
 *(.exceptions.unknown.user)
 *(.exceptions.unknown)
 .exceptions.unknown
                0x00800094        0x4 ../TowerDefence_bsp/\libhal_bsp.a(alt_exception_entry.o)
 *(.exceptions.exit.label)
 .exceptions.exit.label
                0x00800098        0x0 ../TowerDefence_bsp/\libhal_bsp.a(alt_irq_entry.o)
 .exceptions.exit.label
                0x00800098        0x0 ../TowerDefence_bsp/\libhal_bsp.a(alt_exception_entry.o)
 *(.exceptions.exit.user)
 *(.exceptions.exit)
 .exceptions.exit
                0x00800098       0x54 ../TowerDefence_bsp/\libhal_bsp.a(alt_exception_entry.o)
 *(.exceptions)
 .exceptions    0x008000ec       0xc8 ../TowerDefence_bsp/\libhal_bsp.a(alt_irq_handler.o)
                0x008000ec                alt_irq_handler
                0x008001b4                PROVIDE (__ram_exceptions_end, ABSOLUTE (.))
                0x00800020                PROVIDE (__flash_exceptions_start, LOADADDR (.exceptions))

.text           0x008001b4    0x14f5c
                0x008001b4                PROVIDE (stext, ABSOLUTE (.))
 *(.interp)
 *(.hash)
 *(.dynsym)
 *(.dynstr)
 *(.gnu.version)
 *(.gnu.version_d)
 *(.gnu.version_r)
 *(.rel.init)
 *(.rela.init)
 *(.rel.text .rel.text.* .rel.gnu.linkonce.t.*)
 *(.rela.text .rela.text.* .rela.gnu.linkonce.t.*)
 *(.rel.fini)
 *(.rela.fini)
 *(.rel.rodata .rel.rodata.* .rel.gnu.linkonce.r.*)
 *(.rela.rodata .rela.rodata.* .rela.gnu.linkonce.r.*)
 *(.rel.data .rel.data.* .rel.gnu.linkonce.d.*)
 *(.rela.data .rela.data.* .rela.gnu.linkonce.d.*)
 *(.rel.tdata .rel.tdata.* .rel.gnu.linkonce.td.*)
 *(.rela.tdata .rela.tdata.* .rela.gnu.linkonce.td.*)
 *(.rel.tbss .rel.tbss.* .rel.gnu.linkonce.tb.*)
 *(.rela.tbss .rela.tbss.* .rela.gnu.linkonce.tb.*)
 *(.rel.ctors)
 *(.rela.ctors)
 *(.rel.dtors)
 *(.rela.dtors)
 *(.rel.got)
 *(.rela.got)
 *(.rel.sdata .rel.sdata.* .rel.gnu.linkonce.s.*)
 *(.rela.sdata .rela.sdata.* .rela.gnu.linkonce.s.*)
 *(.rel.sbss .rel.sbss.* .rel.gnu.linkonce.sb.*)
 *(.rela.sbss .rela.sbss.* .rela.gnu.linkonce.sb.*)
 *(.rel.sdata2 .rel.sdata2.* .rel.gnu.linkonce.s2.*)
 *(.rela.sdata2 .rela.sdata2.* .rela.gnu.linkonce.s2.*)
 *(.rel.sbss2 .rel.sbss2.* .rel.gnu.linkonce.sb2.*)
 *(.rela.sbss2 .rela.sbss2.* .rela.gnu.linkonce.sb2.*)
 *(.rel.bss .rel.bss.* .rel.gnu.linkonce.b.*)
 *(.rela.bss .rela.bss.* .rela.gnu.linkonce.b.*)
 *(.rel.plt)
 *(.rela.plt)
 *(.rel.dyn)
 *(.init)
 *(.plt)
 *(.text .stub .text.* .gnu.linkonce.t.*)
 .text          0x008001b4       0x4c ../TowerDefence_bsp//obj/HAL/src/crt0.o
                0x008001b4                _start
 .text          0x00800200      0x1b0 obj/default/Env.o
                0x00800200                initEnv
                0x0080026c                addToEnv
                0x008002c8                removeFromEnv
 .text          0x008003b0      0x4c8 obj/default/Frame.o
                0x008003b0                initFrame
                0x00800468                drawFrame
                0x00800598                updateScoreFrame
                0x008005f0                updateStatusFrame
                0x00800858                updateControlFrame
 .text          0x00800878      0xc40 obj/default/Game.o
                0x00800878                distance
                0x0080091c                my_alarm_callback
                0x00800a44                initVGA
                0x00800ad4                loadSDCard
                0x00800b68                loadSDImage
                0x00800d98                backgroundImage
                0x00800ddc                checkCollision
                0x00800f30                displayString
                0x00800f7c                main
 .text          0x008014b8       0x70 obj/default/GameInfo.o
                0x008014b8                initGameInfo
                0x00801504                loadGameInfo
 .text          0x00801528      0x2fc obj/default/Object.o
                0x00801528                initObject
                0x00801624                killObject
                0x008016d0                setStats
                0x00801718                addStats
                0x00801774                setXY
 .text          0x00801824      0x7ec obj/default/animation.o
                0x00801824                initAnimation
                0x008018cc                killAnimation
                0x00801950                addImage
                0x008019d0                draw
                0x00801ab8                cleanDrawing
                0x00801b70                animated
                0x00801c54                backgroundAnimation
                0x00801e98                getColor
 .text          0x00802010        0x0 obj/default/hardCode.o
 .text          0x00802010      0x130 c:/altera/12.0sp2/nios2eds/bin/gnu/h-i686-mingw32/bin/../lib/gcc/nios2-elf/4.1.2/../../../../nios2-elf/lib\libm.a(lib_a-w_sqrt.o)
                0x00802010                sqrt
 .text          0x00802140      0x2c8 c:/altera/12.0sp2/nios2eds/bin/gnu/h-i686-mingw32/bin/../lib/gcc/nios2-elf/4.1.2/../../../../nios2-elf/lib\libm.a(lib_a-e_sqrt.o)
                0x00802140                __ieee754_sqrt
 .text          0x00802408       0x30 c:/altera/12.0sp2/nios2eds/bin/gnu/h-i686-mingw32/bin/../lib/gcc/nios2-elf/4.1.2/../../../../nios2-elf/lib\libm.a(lib_a-s_isnand.o)
                0x00802408                __isnand
 .text          0x00802438        0x0 c:/altera/12.0sp2/nios2eds/bin/gnu/h-i686-mingw32/bin/../lib/gcc/nios2-elf/4.1.2/../../../../nios2-elf/lib\libm.a(lib_a-s_lib_ver.o)
 .text          0x00802438        0x8 c:/altera/12.0sp2/nios2eds/bin/gnu/h-i686-mingw32/bin/../lib/gcc/nios2-elf/4.1.2/../../../../nios2-elf/lib\libm.a(lib_a-s_matherr.o)
                0x00802438                matherr
 .text          0x00802440       0x78 c:/altera/12.0sp2/nios2eds/bin/gnu/h-i686-mingw32/bin/../lib/gcc/nios2-elf/4.1.2\libgcc.a(_le_sf.o)
                0x00802440                __lesf2
 .text          0x008024b8       0x98 c:/altera/12.0sp2/nios2eds/bin/gnu/h-i686-mingw32/bin/../lib/gcc/nios2-elf/4.1.2\libgcc.a(_si_to_sf.o)
                0x008024b8                __floatsisf
 .text          0x00802550       0x54 c:/altera/12.0sp2/nios2eds/bin/gnu/h-i686-mingw32/bin/../lib/gcc/nios2-elf/4.1.2\libgcc.a(_sf_to_df.o)
                0x00802550                __extendsfdf2
 .text          0x008025a4      0x504 c:/altera/12.0sp2/nios2eds/bin/gnu/h-i686-mingw32/bin/../lib/gcc/nios2-elf/4.1.2\libgcc.a(_addsub_df.o)
                0x008029b4                __subdf3
                0x00802a34                __adddf3
 .text          0x00802aa8      0x3c4 c:/altera/12.0sp2/nios2eds/bin/gnu/h-i686-mingw32/bin/../lib/gcc/nios2-elf/4.1.2\libgcc.a(_mul_df.o)
                0x00802aa8                __muldf3
 .text          0x00802e6c      0x258 c:/altera/12.0sp2/nios2eds/bin/gnu/h-i686-mingw32/bin/../lib/gcc/nios2-elf/4.1.2\libgcc.a(_div_df.o)
                0x00802e6c                __divdf3
 .text          0x008030c4       0x88 c:/altera/12.0sp2/nios2eds/bin/gnu/h-i686-mingw32/bin/../lib/gcc/nios2-elf/4.1.2\libgcc.a(_lt_df.o)
                0x008030c4                __ltdf2
 .text          0x0080314c       0xf8 c:/altera/12.0sp2/nios2eds/bin/gnu/h-i686-mingw32/bin/../lib/gcc/nios2-elf/4.1.2\libgcc.a(_si_to_df.o)
                0x0080314c                __floatsidf
 .text          0x00803244       0xd8 c:/altera/12.0sp2/nios2eds/bin/gnu/h-i686-mingw32/bin/../lib/gcc/nios2-elf/4.1.2\libgcc.a(_df_to_si.o)
                0x00803244                __fixdfsi
 .text          0x0080331c       0x38 c:/altera/12.0sp2/nios2eds/bin/gnu/h-i686-mingw32/bin/../lib/gcc/nios2-elf/4.1.2\libgcc.a(_make_df.o)
                0x0080331c                __make_dp
 .text          0x00803354       0x74 c:/altera/12.0sp2/nios2eds/bin/gnu/h-i686-mingw32/bin/../lib/gcc/nios2-elf/4.1.2\libgcc.a(_df_to_sf.o)
                0x00803354                __truncdfsf2
 .text          0x008033c8        0x0 c:/altera/12.0sp2/nios2eds/bin/gnu/h-i686-mingw32/bin/../lib/gcc/nios2-elf/4.1.2\libgcc.a(_thenan_df.o)
 .text          0x008033c8      0x14c c:/altera/12.0sp2/nios2eds/bin/gnu/h-i686-mingw32/bin/../lib/gcc/nios2-elf/4.1.2\libgcc.a(lib2-divmod.o)
                0x00803444                __divsi3
                0x008034a4                __modsi3
                0x00803504                __udivsi3
                0x0080350c                __umodsi3
 .text          0x00803514       0x98 c:/altera/12.0sp2/nios2eds/bin/gnu/h-i686-mingw32/bin/../lib/gcc/nios2-elf/4.1.2\libgcc.a(_muldi3.o)
                0x00803514                __muldi3
 .text          0x008035ac       0x80 c:/altera/12.0sp2/nios2eds/bin/gnu/h-i686-mingw32/bin/../lib/gcc/nios2-elf/4.1.2\libgcc.a(_clzsi2.o)
                0x008035ac                __clzsi2
 .text          0x0080362c      0x160 c:/altera/12.0sp2/nios2eds/bin/gnu/h-i686-mingw32/bin/../lib/gcc/nios2-elf/4.1.2\libgcc.a(_pack_sf.o)
                0x0080362c                __pack_f
 .text          0x0080378c       0xc8 c:/altera/12.0sp2/nios2eds/bin/gnu/h-i686-mingw32/bin/../lib/gcc/nios2-elf/4.1.2\libgcc.a(_unpack_sf.o)
                0x0080378c                __unpack_f
 .text          0x00803854       0xa8 c:/altera/12.0sp2/nios2eds/bin/gnu/h-i686-mingw32/bin/../lib/gcc/nios2-elf/4.1.2\libgcc.a(_fpcmp_parts_sf.o)
                0x00803854                __fpcmp_parts_f
 .text          0x008038fc       0x2c c:/altera/12.0sp2/nios2eds/bin/gnu/h-i686-mingw32/bin/../lib/gcc/nios2-elf/4.1.2\libgcc.a(_make_sf.o)
                0x008038fc                __make_fp
 .text          0x00803928      0x314 c:/altera/12.0sp2/nios2eds/bin/gnu/h-i686-mingw32/bin/../lib/gcc/nios2-elf/4.1.2\libgcc.a(_pack_df.o)
                0x00803928                __pack_d
 .text          0x00803c3c      0x138 c:/altera/12.0sp2/nios2eds/bin/gnu/h-i686-mingw32/bin/../lib/gcc/nios2-elf/4.1.2\libgcc.a(_unpack_df.o)
                0x00803c3c                __unpack_d
 .text          0x00803d74       0xc8 c:/altera/12.0sp2/nios2eds/bin/gnu/h-i686-mingw32/bin/../lib/gcc/nios2-elf/4.1.2\libgcc.a(_fpcmp_parts_df.o)
                0x00803d74                __fpcmp_parts_d
 .text          0x00803e3c        0x0 c:/altera/12.0sp2/nios2eds/bin/gnu/h-i686-mingw32/bin/../lib/gcc/nios2-elf/4.1.2\libgcc.a(_clz.o)
 .text          0x00803e3c       0x10 c:/altera/12.0sp2/nios2eds/bin/gnu/h-i686-mingw32/bin/../lib/gcc/nios2-elf/4.1.2/../../../../nios2-elf/lib\libc.a(lib_a-errno.o)
                0x00803e3c                __errno
 .text          0x00803e4c        0x0 c:/altera/12.0sp2/nios2eds/bin/gnu/h-i686-mingw32/bin/../lib/gcc/nios2-elf/4.1.2/../../../../nios2-elf/lib\libc.a(lib_a-impure.o)
 .text          0x00803e4c       0x28 c:/altera/12.0sp2/nios2eds/bin/gnu/h-i686-mingw32/bin/../lib/gcc/nios2-elf/4.1.2/../../../../nios2-elf/lib\libc.a(lib_a-malloc.o)
                0x00803e4c                free
                0x00803e60                malloc
 .text          0x00803e74      0x740 c:/altera/12.0sp2/nios2eds/bin/gnu/h-i686-mingw32/bin/../lib/gcc/nios2-elf/4.1.2/../../../../nios2-elf/lib\libc.a(lib_a-mallocr.o)
                0x00803e74                _malloc_r
 .text          0x008045b4       0xb4 c:/altera/12.0sp2/nios2eds/bin/gnu/h-i686-mingw32/bin/../lib/gcc/nios2-elf/4.1.2/../../../../nios2-elf/lib\libc.a(lib_a-puts.o)
                0x008045b4                _puts_r
                0x00804654                puts
 .text          0x00804668       0x94 c:/altera/12.0sp2/nios2eds/bin/gnu/h-i686-mingw32/bin/../lib/gcc/nios2-elf/4.1.2/../../../../nios2-elf/lib\libc.a(lib_a-rand.o)
                0x00804668                srand
                0x00804684                rand
 .text          0x008046fc       0x70 c:/altera/12.0sp2/nios2eds/bin/gnu/h-i686-mingw32/bin/../lib/gcc/nios2-elf/4.1.2/../../../../nios2-elf/lib\libc.a(lib_a-sbrkr.o)
                0x008046fc                _sbrk_r
 .text          0x0080476c       0xd4 c:/altera/12.0sp2/nios2eds/bin/gnu/h-i686-mingw32/bin/../lib/gcc/nios2-elf/4.1.2/../../../../nios2-elf/lib\libc.a(lib_a-sprintf.o)
                0x0080476c                sprintf
                0x008047e0                _sprintf_r
 .text          0x00804840       0xbc c:/altera/12.0sp2/nios2eds/bin/gnu/h-i686-mingw32/bin/../lib/gcc/nios2-elf/4.1.2/../../../../nios2-elf/lib\libc.a(lib_a-strcmp.o)
                0x00804840                strcmp
 .text          0x008048fc       0x8c c:/altera/12.0sp2/nios2eds/bin/gnu/h-i686-mingw32/bin/../lib/gcc/nios2-elf/4.1.2/../../../../nios2-elf/lib\libc.a(lib_a-strcpy.o)
                0x008048fc                strcpy
 .text          0x00804988       0x74 c:/altera/12.0sp2/nios2eds/bin/gnu/h-i686-mingw32/bin/../lib/gcc/nios2-elf/4.1.2/../../../../nios2-elf/lib\libc.a(lib_a-strlen.o)
                0x00804988                strlen
 .text          0x008049fc       0xb0 c:/altera/12.0sp2/nios2eds/bin/gnu/h-i686-mingw32/bin/../lib/gcc/nios2-elf/4.1.2/../../../../nios2-elf/lib\libc.a(lib_a-strncat.o)
                0x008049fc                strncat
 .text          0x00804aac       0x10 c:/altera/12.0sp2/nios2eds/bin/gnu/h-i686-mingw32/bin/../lib/gcc/nios2-elf/4.1.2/../../../../nios2-elf/lib\libc.a(lib_a-strsep.o)
                0x00804aac                strsep
 .text          0x00804abc       0xac c:/altera/12.0sp2/nios2eds/bin/gnu/h-i686-mingw32/bin/../lib/gcc/nios2-elf/4.1.2/../../../../nios2-elf/lib\libc.a(lib_a-strtok_r.o)
                0x00804abc                __strtok_r
                0x00804b60                strtok_r
 .text          0x00804b68     0x1f28 c:/altera/12.0sp2/nios2eds/bin/gnu/h-i686-mingw32/bin/../lib/gcc/nios2-elf/4.1.2/../../../../nios2-elf/lib\libc.a(lib_a-vfprintf.o)
                0x00804bc0                ___vfprintf_internal_r
                0x00806a6c                __vfprintf_internal
 .text          0x00806a90      0x13c c:/altera/12.0sp2/nios2eds/bin/gnu/h-i686-mingw32/bin/../lib/gcc/nios2-elf/4.1.2/../../../../nios2-elf/lib\libc.a(lib_a-wsetup.o)
                0x00806a90                __swsetup_r
 .text          0x00806bcc     0x17cc c:/altera/12.0sp2/nios2eds/bin/gnu/h-i686-mingw32/bin/../lib/gcc/nios2-elf/4.1.2/../../../../nios2-elf/lib\libc.a(lib_a-dtoa.o)
                0x00806de4                _dtoa_r
 .text          0x00808398      0x230 c:/altera/12.0sp2/nios2eds/bin/gnu/h-i686-mingw32/bin/../lib/gcc/nios2-elf/4.1.2/../../../../nios2-elf/lib\libc.a(lib_a-fflush.o)
                0x00808398                _fflush_r
                0x00808594                fflush
 .text          0x008085c8      0x2c0 c:/altera/12.0sp2/nios2eds/bin/gnu/h-i686-mingw32/bin/../lib/gcc/nios2-elf/4.1.2/../../../../nios2-elf/lib\libc.a(lib_a-findfp.o)
                0x00808620                __sfp_lock_acquire
                0x00808624                __sfp_lock_release
                0x00808628                __sinit_lock_acquire
                0x0080862c                __sinit_lock_release
                0x00808630                __sinit
                0x008086e4                __fp_unlock_all
                0x008086fc                __fp_lock_all
                0x00808714                _cleanup_r
                0x00808720                _cleanup
                0x00808730                __sfmoreglue
                0x00808798                __sfp
 .text          0x00808888      0x440 c:/altera/12.0sp2/nios2eds/bin/gnu/h-i686-mingw32/bin/../lib/gcc/nios2-elf/4.1.2/../../../../nios2-elf/lib\libc.a(lib_a-freer.o)
                0x00808888                _malloc_trim_r
                0x008089b4                _free_r
 .text          0x00808cc8      0x49c c:/altera/12.0sp2/nios2eds/bin/gnu/h-i686-mingw32/bin/../lib/gcc/nios2-elf/4.1.2/../../../../nios2-elf/lib\libc.a(lib_a-fvwrite.o)
                0x00808cc8                __sfvwrite_r
 .text          0x00809164      0x180 c:/altera/12.0sp2/nios2eds/bin/gnu/h-i686-mingw32/bin/../lib/gcc/nios2-elf/4.1.2/../../../../nios2-elf/lib\libc.a(lib_a-fwalk.o)
                0x00809164                _fwalk_reent
                0x0080922c                _fwalk
 .text          0x008092e4        0x0 c:/altera/12.0sp2/nios2eds/bin/gnu/h-i686-mingw32/bin/../lib/gcc/nios2-elf/4.1.2/../../../../nios2-elf/lib\libc.a(lib_a-int_errno.o)
 .text          0x008092e4       0xc4 c:/altera/12.0sp2/nios2eds/bin/gnu/h-i686-mingw32/bin/../lib/gcc/nios2-elf/4.1.2/../../../../nios2-elf/lib\libc.a(lib_a-locale.o)
                0x008092e4                __locale_charset
                0x008092ec                _localeconv_r
                0x008092f8                localeconv
                0x00809308                _setlocale_r
                0x0080938c                setlocale
 .text          0x008093a8      0x194 c:/altera/12.0sp2/nios2eds/bin/gnu/h-i686-mingw32/bin/../lib/gcc/nios2-elf/4.1.2/../../../../nios2-elf/lib\libc.a(lib_a-makebuf.o)
                0x008093a8                __smakebuf_r
 .text          0x0080953c       0xe4 c:/altera/12.0sp2/nios2eds/bin/gnu/h-i686-mingw32/bin/../lib/gcc/nios2-elf/4.1.2/../../../../nios2-elf/lib\libc.a(lib_a-memchr.o)
                0x0080953c                memchr
 .text          0x00809620       0xa0 c:/altera/12.0sp2/nios2eds/bin/gnu/h-i686-mingw32/bin/../lib/gcc/nios2-elf/4.1.2/../../../../nios2-elf/lib\libc.a(lib_a-memcpy.o)
                0x00809620                memcpy
 .text          0x008096c0       0xe0 c:/altera/12.0sp2/nios2eds/bin/gnu/h-i686-mingw32/bin/../lib/gcc/nios2-elf/4.1.2/../../../../nios2-elf/lib\libc.a(lib_a-memmove.o)
                0x008096c0                memmove
 .text          0x008097a0       0x98 c:/altera/12.0sp2/nios2eds/bin/gnu/h-i686-mingw32/bin/../lib/gcc/nios2-elf/4.1.2/../../../../nios2-elf/lib\libc.a(lib_a-memset.o)
                0x008097a0                memset
 .text          0x00809838      0xff4 c:/altera/12.0sp2/nios2eds/bin/gnu/h-i686-mingw32/bin/../lib/gcc/nios2-elf/4.1.2/../../../../nios2-elf/lib\libc.a(lib_a-mprec.o)
                0x00809838                _Bfree
                0x00809860                __hi0bits
                0x008098d0                __lo0bits
                0x00809994                __mcmp
                0x008099f4                __ulp
                0x00809a74                __b2d
                0x00809b94                __ratio
                0x00809c44                _mprec_log10
                0x00809cd8                __copybits
                0x00809d30                __any_on
                0x00809db8                _Balloc
                0x00809e74                __d2b
                0x00809ff0                __mdiff
                0x0080a17c                __lshift
                0x0080a2c8                __multiply
                0x0080a4b0                __i2b
                0x0080a4ec                __multadd
                0x0080a5ec                __pow5mult
                0x0080a70c                __s2b
 .text          0x0080a82c      0x5f4 c:/altera/12.0sp2/nios2eds/bin/gnu/h-i686-mingw32/bin/../lib/gcc/nios2-elf/4.1.2/../../../../nios2-elf/lib\libc.a(lib_a-reallocr.o)
                0x0080a82c                _realloc_r
 .text          0x0080ae20       0x40 c:/altera/12.0sp2/nios2eds/bin/gnu/h-i686-mingw32/bin/../lib/gcc/nios2-elf/4.1.2/../../../../nios2-elf/lib\libc.a(lib_a-s_isinfd.o)
                0x0080ae20                __isinfd
 .text          0x0080ae60      0x14c c:/altera/12.0sp2/nios2eds/bin/gnu/h-i686-mingw32/bin/../lib/gcc/nios2-elf/4.1.2/../../../../nios2-elf/lib\libc.a(lib_a-stdio.o)
                0x0080ae60                __sclose
                0x0080ae68                __sseek
                0x0080aed0                __swrite
                0x0080af4c                __sread
 .text          0x0080afac       0x78 c:/altera/12.0sp2/nios2eds/bin/gnu/h-i686-mingw32/bin/../lib/gcc/nios2-elf/4.1.2/../../../../nios2-elf/lib\libc.a(lib_a-writer.o)
                0x0080afac                _write_r
 .text          0x0080b024       0xb4 c:/altera/12.0sp2/nios2eds/bin/gnu/h-i686-mingw32/bin/../lib/gcc/nios2-elf/4.1.2/../../../../nios2-elf/lib\libc.a(lib_a-callocr.o)
                0x0080b024                _calloc_r
 .text          0x0080b0d8       0x70 c:/altera/12.0sp2/nios2eds/bin/gnu/h-i686-mingw32/bin/../lib/gcc/nios2-elf/4.1.2/../../../../nios2-elf/lib\libc.a(lib_a-closer.o)
                0x0080b0d8                _close_r
 .text          0x0080b148      0x124 c:/altera/12.0sp2/nios2eds/bin/gnu/h-i686-mingw32/bin/../lib/gcc/nios2-elf/4.1.2/../../../../nios2-elf/lib\libc.a(lib_a-fclose.o)
                0x0080b148                _fclose_r
                0x0080b258                fclose
 .text          0x0080b26c       0x74 c:/altera/12.0sp2/nios2eds/bin/gnu/h-i686-mingw32/bin/../lib/gcc/nios2-elf/4.1.2/../../../../nios2-elf/lib\libc.a(lib_a-fstatr.o)
                0x0080b26c                _fstat_r
 .text          0x0080b2e0       0x70 c:/altera/12.0sp2/nios2eds/bin/gnu/h-i686-mingw32/bin/../lib/gcc/nios2-elf/4.1.2/../../../../nios2-elf/lib\libc.a(lib_a-isattyr.o)
                0x0080b2e0                _isatty_r
 .text          0x0080b350       0x78 c:/altera/12.0sp2/nios2eds/bin/gnu/h-i686-mingw32/bin/../lib/gcc/nios2-elf/4.1.2/../../../../nios2-elf/lib\libc.a(lib_a-lseekr.o)
                0x0080b350                _lseek_r
 .text          0x0080b3c8       0x78 c:/altera/12.0sp2/nios2eds/bin/gnu/h-i686-mingw32/bin/../lib/gcc/nios2-elf/4.1.2/../../../../nios2-elf/lib\libc.a(lib_a-readr.o)
                0x0080b3c8                _read_r
 .text          0x0080b440      0x5dc c:/altera/12.0sp2/nios2eds/bin/gnu/h-i686-mingw32/bin/../lib/gcc/nios2-elf/4.1.2\libgcc.a(_udivdi3.o)
                0x0080b440                __udivdi3
 .text          0x0080ba1c      0x5b0 c:/altera/12.0sp2/nios2eds/bin/gnu/h-i686-mingw32/bin/../lib/gcc/nios2-elf/4.1.2\libgcc.a(_umoddi3.o)
                0x0080ba1c                __umoddi3
 .text          0x0080bfcc       0x88 c:/altera/12.0sp2/nios2eds/bin/gnu/h-i686-mingw32/bin/../lib/gcc/nios2-elf/4.1.2\libgcc.a(_eq_df.o)
                0x0080bfcc                __eqdf2
 .text          0x0080c054       0x88 c:/altera/12.0sp2/nios2eds/bin/gnu/h-i686-mingw32/bin/../lib/gcc/nios2-elf/4.1.2\libgcc.a(_ne_df.o)
                0x0080c054                __nedf2
 .text          0x0080c0dc       0x88 c:/altera/12.0sp2/nios2eds/bin/gnu/h-i686-mingw32/bin/../lib/gcc/nios2-elf/4.1.2\libgcc.a(_gt_df.o)
                0x0080c0dc                __gtdf2
 .text          0x0080c164       0x88 c:/altera/12.0sp2/nios2eds/bin/gnu/h-i686-mingw32/bin/../lib/gcc/nios2-elf/4.1.2\libgcc.a(_ge_df.o)
                0x0080c164                __gedf2
 .text          0x0080c1ec      0x194 c:/altera/12.0sp2/nios2eds/bin/gnu/h-i686-mingw32/bin/../lib/gcc/nios2-elf/4.1.2\libgcc.a(_usi_to_df.o)
                0x0080c1ec                __floatunsidf
 .text          0x0080c380      0x154 ../TowerDefence_bsp/\libhal_bsp.a(alt_alarm_start.o)
                0x0080c380                alt_alarm_start
 .text          0x0080c4d4      0x15c ../TowerDefence_bsp/\libhal_bsp.a(alt_close.o)
                0x0080c4d4                close
 .text          0x0080c630       0x2c ../TowerDefence_bsp/\libhal_bsp.a(alt_dev.o)
 .text          0x0080c65c        0x0 ../TowerDefence_bsp/\libhal_bsp.a(alt_errno.o)
 .text          0x0080c65c      0x134 ../TowerDefence_bsp/\libhal_bsp.a(alt_fstat.o)
                0x0080c65c                fstat
 .text          0x0080c790      0x120 ../TowerDefence_bsp/\libhal_bsp.a(alt_isatty.o)
                0x0080c790                isatty
 .text          0x0080c8b0       0xec ../TowerDefence_bsp/\libhal_bsp.a(alt_load.o)
                0x0080c8b0                alt_load
 .text          0x0080c99c      0x150 ../TowerDefence_bsp/\libhal_bsp.a(alt_lseek.o)
                0x0080c99c                lseek
 .text          0x0080caec       0x6c ../TowerDefence_bsp/\libhal_bsp.a(alt_main.o)
                0x0080caec                alt_main
 .text          0x0080cb58       0x40 ../TowerDefence_bsp/\libhal_bsp.a(alt_malloc_lock.o)
                0x0080cb58                __malloc_lock
                0x0080cb78                __malloc_unlock
 .text          0x0080cb98      0x180 ../TowerDefence_bsp/\libhal_bsp.a(alt_read.o)
                0x0080cb98                read
 .text          0x0080cd18       0x60 ../TowerDefence_bsp/\libhal_bsp.a(alt_release_fd.o)
                0x0080cd18                alt_release_fd
 .text          0x0080cd78       0xbc ../TowerDefence_bsp/\libhal_bsp.a(alt_sbrk.o)
                0x0080cd78                sbrk
 .text          0x0080ce34      0x1a4 ../TowerDefence_bsp/\libhal_bsp.a(alt_tick.o)
                0x0080ce34                alt_alarm_stop
                0x0080cecc                alt_tick
 .text          0x0080cfd8       0x30 ../TowerDefence_bsp/\libhal_bsp.a(alt_usleep.o)
                0x0080cfd8                usleep
 .text          0x0080d008      0x180 ../TowerDefence_bsp/\libhal_bsp.a(alt_write.o)
                0x0080d008                write
 .text          0x0080d188      0x3b0 ../TowerDefence_bsp/\libhal_bsp.a(alt_sys_init.o)
                0x0080d188                alt_irq_init
                0x0080d1bc                alt_sys_init
 .text          0x0080d538      0x148 ../TowerDefence_bsp/\libhal_bsp.a(altera_avalon_jtag_uart_fd.o)
                0x0080d538                altera_avalon_jtag_uart_read_fd
                0x0080d590                altera_avalon_jtag_uart_write_fd
                0x0080d5e8                altera_avalon_jtag_uart_close_fd
                0x0080d630                altera_avalon_jtag_uart_ioctl_fd
 .text          0x0080d680      0x40c ../TowerDefence_bsp/\libhal_bsp.a(altera_avalon_jtag_uart_init.o)
                0x0080d680                altera_avalon_jtag_uart_init
                0x0080da18                altera_avalon_jtag_uart_close
 .text          0x0080da8c       0xf4 ../TowerDefence_bsp/\libhal_bsp.a(altera_avalon_jtag_uart_ioctl.o)
                0x0080da8c                altera_avalon_jtag_uart_ioctl
 .text          0x0080db80      0x224 ../TowerDefence_bsp/\libhal_bsp.a(altera_avalon_jtag_uart_read.o)
                0x0080db80                altera_avalon_jtag_uart_read
 .text          0x0080dda4      0x240 ../TowerDefence_bsp/\libhal_bsp.a(altera_avalon_jtag_uart_write.o)
                0x0080dda4                altera_avalon_jtag_uart_write
 .text          0x0080dfe4      0x100 ../TowerDefence_bsp/\libhal_bsp.a(altera_avalon_timer_sc.o)
                0x0080e054                alt_avalon_timer_sc_init
 .text          0x0080e0e4        0x0 ../TowerDefence_bsp/\libhal_bsp.a(altera_avalon_timer_vars.o)
 .text          0x0080e0e4      0x304 ../TowerDefence_bsp/\libhal_bsp.a(altera_up_avalon_video_character_buffer_with_dma.o)
                0x0080e0e4                alt_up_char_buffer_init
                0x0080e168                alt_up_char_buffer_open_dev
                0x0080e1a8                alt_up_char_buffer_draw
                0x0080e278                alt_up_char_buffer_string
                0x0080e38c                alt_up_char_buffer_clear
 .text          0x0080e3e8     0x156c ../TowerDefence_bsp/\libhal_bsp.a(altera_up_avalon_video_pixel_buffer_dma.o)
                0x0080e3e8                alt_up_pixel_buffer_dma_open_dev
                0x0080e428                alt_up_pixel_buffer_dma_draw
                0x0080e5c8                alt_up_pixel_buffer_dma_change_back_buffer_address
                0x0080e620                alt_up_pixel_buffer_dma_swap_buffers
                0x0080e678                alt_up_pixel_buffer_dma_check_swap_buffers_status
                0x0080e6ac                alt_up_pixel_buffer_dma_clear_screen
                0x0080e810                alt_up_pixel_buffer_dma_draw_box
                0x0080ed04                alt_up_pixel_buffer_dma_draw_hline
                0x0080f054                alt_up_pixel_buffer_dma_draw_vline
                0x0080f424                alt_up_pixel_buffer_dma_draw_rectangle
                0x0080f4e8                helper_plot_pixel
                0x0080f5b8                alt_up_pixel_buffer_dma_draw_line
 .text          0x0080f954     0x45c0 ../TowerDefence_bsp/\libhal_bsp.a(altera_up_sd_card_avalon_interface.o)
                0x0080f954                Write_Sector_Data
                0x0080fa1c                Save_Modified_Sector
                0x0080fa6c                Read_Sector_Data
                0x0080fb68                get_cluster_flag
                0x0080fc20                mark_cluster
                0x0080fd04                Check_for_Master_Boot_Record
                0x0080feb4                Read_File_Record_At_Offset
                0x00810138                Write_File_Record_At_Offset
                0x008103f0                Check_for_DOS_FAT
                0x00810a38                Look_for_FAT16
                0x00810b3c                filename_to_upper_case
                0x00810c0c                check_file_name_for_FAT16_compliance
                0x00810e9c                get_dir_divider_location
                0x00810f5c                match_file_record_to_name_ext
                0x00811248                get_home_directory_cluster_for_file
                0x0081175c                find_file_in_directory
                0x00811bc0                find_first_empty_cluster
                0x00811d64                find_first_empty_record_in_a_subdirectory
                0x00811fb0                find_first_empty_record_in_root_directory
                0x008120dc                convert_filename_to_name_extension
                0x00812294                create_file
                0x00812568                copy_file_record_name_to_string
                0x008126bc                alt_up_sd_card_open_dev
                0x00812780                alt_up_sd_card_is_Present
                0x00812848                alt_up_sd_card_is_FAT16
                0x008128bc                alt_up_sd_card_find_first
                0x00812990                alt_up_sd_card_find_next
                0x00812d40                alt_up_sd_card_fopen
                0x008130e8                alt_up_sd_card_set_attributes
                0x00813178                alt_up_sd_card_get_attributes
                0x00813204                alt_up_sd_card_read
                0x00813598                alt_up_sd_card_write
                0x00813bbc                alt_up_sd_card_fclose
                0x00813d88                Read_Sector_Data_CRC
                0x00813e84                Read_Sector_Data_Attempt_CRC
 .text          0x00813f14      0x14c ../TowerDefence_bsp/\libhal_bsp.a(alt_busy_sleep.o)
                0x00813f14                alt_busy_sleep
 .text          0x00814060       0x44 ../TowerDefence_bsp/\libhal_bsp.a(alt_dcache_flush_all.o)
                0x00814060                alt_dcache_flush_all
 .text          0x008140a4      0x114 ../TowerDefence_bsp/\libhal_bsp.a(alt_dev_llist_insert.o)
                0x008140a4                alt_dev_llist_insert
 .text          0x008141b8       0x64 ../TowerDefence_bsp/\libhal_bsp.a(alt_do_ctors.o)
                0x008141b8                _do_ctors
 .text          0x0081421c       0x64 ../TowerDefence_bsp/\libhal_bsp.a(alt_do_dtors.o)
                0x0081421c                _do_dtors
 .text          0x00814280       0x94 ../TowerDefence_bsp/\libhal_bsp.a(alt_find_dev.o)
                0x00814280                alt_find_dev
 .text          0x00814314       0x30 ../TowerDefence_bsp/\libhal_bsp.a(alt_icache_flush_all.o)
                0x00814314                alt_icache_flush_all
 .text          0x00814344      0x1d4 ../TowerDefence_bsp/\libhal_bsp.a(alt_iic.o)
                0x00814344                alt_ic_isr_register
                0x00814394                alt_ic_irq_enable
                0x00814430                alt_ic_irq_disable
                0x008144d0                alt_ic_irq_enabled
 .text          0x00814518       0xf8 ../TowerDefence_bsp/\libhal_bsp.a(alt_iic_isr_register.o)
                0x00814518                alt_iic_isr_register
 .text          0x00814610      0x13c ../TowerDefence_bsp/\libhal_bsp.a(alt_io_redirect.o)
                0x008146d4                alt_io_redirect
 .text          0x0081474c        0x0 ../TowerDefence_bsp/\libhal_bsp.a(alt_irq_entry.o)
 .text          0x0081474c        0x0 ../TowerDefence_bsp/\libhal_bsp.a(alt_irq_handler.o)
 .text          0x0081474c        0x0 ../TowerDefence_bsp/\libhal_bsp.a(alt_irq_vars.o)
 .text          0x0081474c      0x2c4 ../TowerDefence_bsp/\libhal_bsp.a(alt_open.o)
                0x00814828                open
 .text          0x00814a10       0x20 ../TowerDefence_bsp/\libhal_bsp.a(altera_nios2_qsys_irq.o)
                0x00814a10                altera_nios2_qsys_irq_init
 .text          0x00814a30        0x0 ../TowerDefence_bsp/\libhal_bsp.a(alt_exception_entry.o)
 .text          0x00814a30      0x120 ../TowerDefence_bsp/\libhal_bsp.a(alt_find_file.o)
                0x00814a30                alt_find_file
 .text          0x00814b50       0xb8 ../TowerDefence_bsp/\libhal_bsp.a(alt_get_fd.o)
                0x00814b50                alt_get_fd
 .text          0x00814c08       0x90 ../TowerDefence_bsp/\libhal_bsp.a(alt_icache_flush.o)
                0x00814c08                alt_icache_flush
 .text          0x00814c98       0x14 c:/altera/12.0sp2/nios2eds/bin/gnu/h-i686-mingw32/bin/../lib/gcc/nios2-elf/4.1.2/../../../../nios2-elf/lib\libc.a(lib_a-atexit.o)
                0x00814c98                atexit
 .text          0x00814cac       0x38 c:/altera/12.0sp2/nios2eds/bin/gnu/h-i686-mingw32/bin/../lib/gcc/nios2-elf/4.1.2/../../../../nios2-elf/lib\libc.a(lib_a-exit.o)
                0x00814cac                exit
 .text          0x00814ce4       0x74 c:/altera/12.0sp2/nios2eds/bin/gnu/h-i686-mingw32/bin/../lib/gcc/nios2-elf/4.1.2/../../../../nios2-elf/lib\libc.a(lib_a-memcmp.o)
                0x00814ce4                memcmp
 .text          0x00814d58      0x134 c:/altera/12.0sp2/nios2eds/bin/gnu/h-i686-mingw32/bin/../lib/gcc/nios2-elf/4.1.2/../../../../nios2-elf/lib\libc.a(lib_a-__atexit.o)
                0x00814d58                __register_exitproc
 .text          0x00814e8c      0x1b4 c:/altera/12.0sp2/nios2eds/bin/gnu/h-i686-mingw32/bin/../lib/gcc/nios2-elf/4.1.2/../../../../nios2-elf/lib\libc.a(lib_a-__call_atexit.o)
                0x00814e90                __call_exitprocs
 .text          0x00815040       0x60 ../TowerDefence_bsp/\libhal_bsp.a(alt_exit.o)
                0x00815080                _exit
 *(.gnu.warning.*)
 *(.fini)
                0x008150a0                PROVIDE (__etext, ABSOLUTE (.))
                0x008150a0                PROVIDE (_etext, ABSOLUTE (.))
                0x008150a0                PROVIDE (etext, ABSOLUTE (.))
 *(.eh_frame_hdr)
                0x008150a0                . = ALIGN (0x4)
                0x008150a0                PROVIDE (__preinit_array_start, ABSOLUTE (.))
 *(.preinit_array)
                0x008150a0                PROVIDE (__preinit_array_end, ABSOLUTE (.))
                0x008150a0                PROVIDE (__init_array_start, ABSOLUTE (.))
 *(.init_array)
                0x008150a0                PROVIDE (__init_array_end, ABSOLUTE (.))
                0x008150a0                PROVIDE (__fini_array_start, ABSOLUTE (.))
 *(.fini_array)
                0x008150a0                PROVIDE (__fini_array_end, ABSOLUTE (.))
 *(.eh_frame)
 .eh_frame      0x008150a0       0x40 c:/altera/12.0sp2/nios2eds/bin/gnu/h-i686-mingw32/bin/../lib/gcc/nios2-elf/4.1.2\libgcc.a(_udivdi3.o)
 .eh_frame      0x008150e0       0x2c c:/altera/12.0sp2/nios2eds/bin/gnu/h-i686-mingw32/bin/../lib/gcc/nios2-elf/4.1.2\libgcc.a(_umoddi3.o)
                                 0x40 (size before relaxing)
 *(.gcc_except_table)
 *(.dynamic)
                0x0081510c                PROVIDE (__CTOR_LIST__, ABSOLUTE (.))
 *(.ctors)
 *(SORT(.ctors.*))
 .ctors.65535   0x0081510c        0x4 c:/altera/12.0sp2/nios2eds/bin/gnu/h-i686-mingw32/bin/../lib/gcc/nios2-elf/4.1.2/../../../../nios2-elf/lib\libc.a(lib_a-__call_atexit.o)
                0x00815110                PROVIDE (__CTOR_END__, ABSOLUTE (.))
                0x00815110                PROVIDE (__DTOR_LIST__, ABSOLUTE (.))
 *(.dtors)
 *(SORT(.dtors.*))
                0x00815110                PROVIDE (__DTOR_END__, ABSOLUTE (.))
 *(.jcr)
                0x00815110                . = ALIGN (0x4)

.rodata         0x00815110      0x4ac
                0x00815110                PROVIDE (__ram_rodata_start, ABSOLUTE (.))
                0x00815110                . = ALIGN (0x4)
 *(.rodata .rodata.* .gnu.linkonce.r.*)
 .rodata        0x00815110       0x24 obj/default/Frame.o
 .rodata        0x00815134       0xd4 obj/default/Game.o
 .rodata.str1.4
                0x00815208        0x5 c:/altera/12.0sp2/nios2eds/bin/gnu/h-i686-mingw32/bin/../lib/gcc/nios2-elf/4.1.2/../../../../nios2-elf/lib\libm.a(lib_a-w_sqrt.o)
                                  0x8 (size before relaxing)
 *fill*         0x0081520d        0x3 00
 .rodata        0x00815210       0x14 c:/altera/12.0sp2/nios2eds/bin/gnu/h-i686-mingw32/bin/../lib/gcc/nios2-elf/4.1.2\libgcc.a(_thenan_df.o)
                0x00815210                __thenan_df
 .rodata        0x00815224      0x100 c:/altera/12.0sp2/nios2eds/bin/gnu/h-i686-mingw32/bin/../lib/gcc/nios2-elf/4.1.2\libgcc.a(_clz.o)
                0x00815224                __clz_tab
 .rodata.str1.4
                0x00815324        0x2 c:/altera/12.0sp2/nios2eds/bin/gnu/h-i686-mingw32/bin/../lib/gcc/nios2-elf/4.1.2/../../../../nios2-elf/lib\libc.a(lib_a-impure.o)
                                  0x4 (size before relaxing)
 *fill*         0x00815326        0x2 00
 .rodata.str1.4
                0x00815328        0x2 c:/altera/12.0sp2/nios2eds/bin/gnu/h-i686-mingw32/bin/../lib/gcc/nios2-elf/4.1.2/../../../../nios2-elf/lib\libc.a(lib_a-puts.o)
                                  0x4 (size before relaxing)
 *fill*         0x0081532a        0x2 00
 .rodata.str1.4
                0x0081532c       0x5e c:/altera/12.0sp2/nios2eds/bin/gnu/h-i686-mingw32/bin/../lib/gcc/nios2-elf/4.1.2/../../../../nios2-elf/lib\libc.a(lib_a-vfprintf.o)
                                 0x60 (size before relaxing)
 .rodata        0x0081538a       0x20 c:/altera/12.0sp2/nios2eds/bin/gnu/h-i686-mingw32/bin/../lib/gcc/nios2-elf/4.1.2/../../../../nios2-elf/lib\libc.a(lib_a-vfprintf.o)
 *fill*         0x008153aa        0x2 00
 .rodata.str1.4
                0x008153ac       0x10 c:/altera/12.0sp2/nios2eds/bin/gnu/h-i686-mingw32/bin/../lib/gcc/nios2-elf/4.1.2/../../../../nios2-elf/lib\libc.a(lib_a-dtoa.o)
                                 0x14 (size before relaxing)
 .rodata.str1.4
                0x008153bc       0x10 c:/altera/12.0sp2/nios2eds/bin/gnu/h-i686-mingw32/bin/../lib/gcc/nios2-elf/4.1.2/../../../../nios2-elf/lib\libc.a(lib_a-locale.o)
                                 0x18 (size before relaxing)
 .rodata        0x008153cc       0x30 c:/altera/12.0sp2/nios2eds/bin/gnu/h-i686-mingw32/bin/../lib/gcc/nios2-elf/4.1.2/../../../../nios2-elf/lib\libc.a(lib_a-locale.o)
 .rodata        0x008153fc      0x124 c:/altera/12.0sp2/nios2eds/bin/gnu/h-i686-mingw32/bin/../lib/gcc/nios2-elf/4.1.2/../../../../nios2-elf/lib\libc.a(lib_a-mprec.o)
                0x008153fc                __mprec_tens
                0x008154c4                __mprec_bigtens
                0x008154ec                __mprec_tinytens
 .rodata        0x00815520        0xc ../TowerDefence_bsp/\libhal_bsp.a(alt_dev.o)
 .rodata        0x0081552c       0x10 ../TowerDefence_bsp/\libhal_bsp.a(alt_main.o)
 .rodata        0x0081553c       0x64 ../TowerDefence_bsp/\libhal_bsp.a(alt_sys_init.o)
 .rodata        0x008155a0       0x1c ../TowerDefence_bsp/\libhal_bsp.a(altera_up_avalon_video_character_buffer_with_dma.o)
 *(.rodata1)
                0x008155bc                . = ALIGN (0x4)
                0x008155bc                PROVIDE (__ram_rodata_end, ABSOLUTE (.))
                0x00815110                PROVIDE (__flash_rodata_start, LOADADDR (.rodata))

.rwdata         0x008155bc     0x6f7c load address 0x0081c538
                0x008155bc                PROVIDE (__ram_rwdata_start, ABSOLUTE (.))
                0x008155bc                . = ALIGN (0x4)
 *(.got.plt)
 *(.got)
 *(.data1)
 *(.data .data.* .gnu.linkonce.d.*)
 .data          0x008155bc        0x0 ../TowerDefence_bsp//obj/HAL/src/crt0.o
 .data          0x008155bc        0x0 obj/default/Env.o
 .data          0x008155bc        0x0 obj/default/Frame.o
 .data          0x008155bc        0x0 obj/default/Game.o
 .data          0x008155bc        0x0 obj/default/GameInfo.o
 .data          0x008155bc        0x0 obj/default/Object.o
 .data          0x008155bc        0x0 obj/default/animation.o
 .data          0x008155bc     0x5450 obj/default/hardCode.o
                0x008155bc                explode05
                0x0081574c                explode04
                0x008158dc                explode03
                0x00815a6c                explode02
                0x00815bfc                explode01
                0x00815d8c                explode11
                0x00815f1c                explode12
                0x008160ac                explode13
                0x0081623c                explode14
                0x008163cc                pacman01
                0x0081655c                pacman02
                0x008166ec                pacman03
                0x0081687c                pacman04
                0x00816a0c                earth
 .data          0x0081aa0c        0x0 c:/altera/12.0sp2/nios2eds/bin/gnu/h-i686-mingw32/bin/../lib/gcc/nios2-elf/4.1.2/../../../../nios2-elf/lib\libm.a(lib_a-w_sqrt.o)
 .data          0x0081aa0c        0x0 c:/altera/12.0sp2/nios2eds/bin/gnu/h-i686-mingw32/bin/../lib/gcc/nios2-elf/4.1.2/../../../../nios2-elf/lib\libm.a(lib_a-e_sqrt.o)
 .data          0x0081aa0c        0x0 c:/altera/12.0sp2/nios2eds/bin/gnu/h-i686-mingw32/bin/../lib/gcc/nios2-elf/4.1.2/../../../../nios2-elf/lib\libm.a(lib_a-s_isnand.o)
 .data          0x0081aa0c        0x0 c:/altera/12.0sp2/nios2eds/bin/gnu/h-i686-mingw32/bin/../lib/gcc/nios2-elf/4.1.2/../../../../nios2-elf/lib\libm.a(lib_a-s_lib_ver.o)
 .data          0x0081aa0c        0x0 c:/altera/12.0sp2/nios2eds/bin/gnu/h-i686-mingw32/bin/../lib/gcc/nios2-elf/4.1.2/../../../../nios2-elf/lib\libm.a(lib_a-s_matherr.o)
 .data          0x0081aa0c        0x0 c:/altera/12.0sp2/nios2eds/bin/gnu/h-i686-mingw32/bin/../lib/gcc/nios2-elf/4.1.2\libgcc.a(_le_sf.o)
 .data          0x0081aa0c        0x0 c:/altera/12.0sp2/nios2eds/bin/gnu/h-i686-mingw32/bin/../lib/gcc/nios2-elf/4.1.2\libgcc.a(_si_to_sf.o)
 .data          0x0081aa0c        0x0 c:/altera/12.0sp2/nios2eds/bin/gnu/h-i686-mingw32/bin/../lib/gcc/nios2-elf/4.1.2\libgcc.a(_sf_to_df.o)
 .data          0x0081aa0c        0x0 c:/altera/12.0sp2/nios2eds/bin/gnu/h-i686-mingw32/bin/../lib/gcc/nios2-elf/4.1.2\libgcc.a(_addsub_df.o)
 .data          0x0081aa0c        0x0 c:/altera/12.0sp2/nios2eds/bin/gnu/h-i686-mingw32/bin/../lib/gcc/nios2-elf/4.1.2\libgcc.a(_mul_df.o)
 .data          0x0081aa0c        0x0 c:/altera/12.0sp2/nios2eds/bin/gnu/h-i686-mingw32/bin/../lib/gcc/nios2-elf/4.1.2\libgcc.a(_div_df.o)
 .data          0x0081aa0c        0x0 c:/altera/12.0sp2/nios2eds/bin/gnu/h-i686-mingw32/bin/../lib/gcc/nios2-elf/4.1.2\libgcc.a(_lt_df.o)
 .data          0x0081aa0c        0x0 c:/altera/12.0sp2/nios2eds/bin/gnu/h-i686-mingw32/bin/../lib/gcc/nios2-elf/4.1.2\libgcc.a(_si_to_df.o)
 .data          0x0081aa0c        0x0 c:/altera/12.0sp2/nios2eds/bin/gnu/h-i686-mingw32/bin/../lib/gcc/nios2-elf/4.1.2\libgcc.a(_df_to_si.o)
 .data          0x0081aa0c        0x0 c:/altera/12.0sp2/nios2eds/bin/gnu/h-i686-mingw32/bin/../lib/gcc/nios2-elf/4.1.2\libgcc.a(_make_df.o)
 .data          0x0081aa0c        0x0 c:/altera/12.0sp2/nios2eds/bin/gnu/h-i686-mingw32/bin/../lib/gcc/nios2-elf/4.1.2\libgcc.a(_df_to_sf.o)
 .data          0x0081aa0c        0x0 c:/altera/12.0sp2/nios2eds/bin/gnu/h-i686-mingw32/bin/../lib/gcc/nios2-elf/4.1.2\libgcc.a(_thenan_df.o)
 .data          0x0081aa0c        0x0 c:/altera/12.0sp2/nios2eds/bin/gnu/h-i686-mingw32/bin/../lib/gcc/nios2-elf/4.1.2\libgcc.a(lib2-divmod.o)
 .data          0x0081aa0c        0x0 c:/altera/12.0sp2/nios2eds/bin/gnu/h-i686-mingw32/bin/../lib/gcc/nios2-elf/4.1.2\libgcc.a(_muldi3.o)
 .data          0x0081aa0c        0x0 c:/altera/12.0sp2/nios2eds/bin/gnu/h-i686-mingw32/bin/../lib/gcc/nios2-elf/4.1.2\libgcc.a(_clzsi2.o)
 .data          0x0081aa0c        0x0 c:/altera/12.0sp2/nios2eds/bin/gnu/h-i686-mingw32/bin/../lib/gcc/nios2-elf/4.1.2\libgcc.a(_pack_sf.o)
 .data          0x0081aa0c        0x0 c:/altera/12.0sp2/nios2eds/bin/gnu/h-i686-mingw32/bin/../lib/gcc/nios2-elf/4.1.2\libgcc.a(_unpack_sf.o)
 .data          0x0081aa0c        0x0 c:/altera/12.0sp2/nios2eds/bin/gnu/h-i686-mingw32/bin/../lib/gcc/nios2-elf/4.1.2\libgcc.a(_fpcmp_parts_sf.o)
 .data          0x0081aa0c        0x0 c:/altera/12.0sp2/nios2eds/bin/gnu/h-i686-mingw32/bin/../lib/gcc/nios2-elf/4.1.2\libgcc.a(_make_sf.o)
 .data          0x0081aa0c        0x0 c:/altera/12.0sp2/nios2eds/bin/gnu/h-i686-mingw32/bin/../lib/gcc/nios2-elf/4.1.2\libgcc.a(_pack_df.o)
 .data          0x0081aa0c        0x0 c:/altera/12.0sp2/nios2eds/bin/gnu/h-i686-mingw32/bin/../lib/gcc/nios2-elf/4.1.2\libgcc.a(_unpack_df.o)
 .data          0x0081aa0c        0x0 c:/altera/12.0sp2/nios2eds/bin/gnu/h-i686-mingw32/bin/../lib/gcc/nios2-elf/4.1.2\libgcc.a(_fpcmp_parts_df.o)
 .data          0x0081aa0c        0x0 c:/altera/12.0sp2/nios2eds/bin/gnu/h-i686-mingw32/bin/../lib/gcc/nios2-elf/4.1.2\libgcc.a(_clz.o)
 .data          0x0081aa0c        0x0 c:/altera/12.0sp2/nios2eds/bin/gnu/h-i686-mingw32/bin/../lib/gcc/nios2-elf/4.1.2/../../../../nios2-elf/lib\libc.a(lib_a-errno.o)
 .data          0x0081aa0c      0x400 c:/altera/12.0sp2/nios2eds/bin/gnu/h-i686-mingw32/bin/../lib/gcc/nios2-elf/4.1.2/../../../../nios2-elf/lib\libc.a(lib_a-impure.o)
 .data          0x0081ae0c        0x0 c:/altera/12.0sp2/nios2eds/bin/gnu/h-i686-mingw32/bin/../lib/gcc/nios2-elf/4.1.2/../../../../nios2-elf/lib\libc.a(lib_a-malloc.o)
 .data          0x0081ae0c      0x408 c:/altera/12.0sp2/nios2eds/bin/gnu/h-i686-mingw32/bin/../lib/gcc/nios2-elf/4.1.2/../../../../nios2-elf/lib\libc.a(lib_a-mallocr.o)
                0x0081ae0c                __malloc_av_
 .data          0x0081b214        0x0 c:/altera/12.0sp2/nios2eds/bin/gnu/h-i686-mingw32/bin/../lib/gcc/nios2-elf/4.1.2/../../../../nios2-elf/lib\libc.a(lib_a-puts.o)
 .data          0x0081b214        0x0 c:/altera/12.0sp2/nios2eds/bin/gnu/h-i686-mingw32/bin/../lib/gcc/nios2-elf/4.1.2/../../../../nios2-elf/lib\libc.a(lib_a-rand.o)
 .data          0x0081b214        0x0 c:/altera/12.0sp2/nios2eds/bin/gnu/h-i686-mingw32/bin/../lib/gcc/nios2-elf/4.1.2/../../../../nios2-elf/lib\libc.a(lib_a-sbrkr.o)
 .data          0x0081b214        0x0 c:/altera/12.0sp2/nios2eds/bin/gnu/h-i686-mingw32/bin/../lib/gcc/nios2-elf/4.1.2/../../../../nios2-elf/lib\libc.a(lib_a-sprintf.o)
 .data          0x0081b214        0x0 c:/altera/12.0sp2/nios2eds/bin/gnu/h-i686-mingw32/bin/../lib/gcc/nios2-elf/4.1.2/../../../../nios2-elf/lib\libc.a(lib_a-strcmp.o)
 .data          0x0081b214        0x0 c:/altera/12.0sp2/nios2eds/bin/gnu/h-i686-mingw32/bin/../lib/gcc/nios2-elf/4.1.2/../../../../nios2-elf/lib\libc.a(lib_a-strcpy.o)
 .data          0x0081b214        0x0 c:/altera/12.0sp2/nios2eds/bin/gnu/h-i686-mingw32/bin/../lib/gcc/nios2-elf/4.1.2/../../../../nios2-elf/lib\libc.a(lib_a-strlen.o)
 .data          0x0081b214        0x0 c:/altera/12.0sp2/nios2eds/bin/gnu/h-i686-mingw32/bin/../lib/gcc/nios2-elf/4.1.2/../../../../nios2-elf/lib\libc.a(lib_a-strncat.o)
 .data          0x0081b214        0x0 c:/altera/12.0sp2/nios2eds/bin/gnu/h-i686-mingw32/bin/../lib/gcc/nios2-elf/4.1.2/../../../../nios2-elf/lib\libc.a(lib_a-strsep.o)
 .data          0x0081b214        0x0 c:/altera/12.0sp2/nios2eds/bin/gnu/h-i686-mingw32/bin/../lib/gcc/nios2-elf/4.1.2/../../../../nios2-elf/lib\libc.a(lib_a-strtok_r.o)
 .data          0x0081b214        0x0 c:/altera/12.0sp2/nios2eds/bin/gnu/h-i686-mingw32/bin/../lib/gcc/nios2-elf/4.1.2/../../../../nios2-elf/lib\libc.a(lib_a-vfprintf.o)
 .data          0x0081b214        0x0 c:/altera/12.0sp2/nios2eds/bin/gnu/h-i686-mingw32/bin/../lib/gcc/nios2-elf/4.1.2/../../../../nios2-elf/lib\libc.a(lib_a-wsetup.o)
 .data          0x0081b214        0x0 c:/altera/12.0sp2/nios2eds/bin/gnu/h-i686-mingw32/bin/../lib/gcc/nios2-elf/4.1.2/../../../../nios2-elf/lib\libc.a(lib_a-dtoa.o)
 .data          0x0081b214        0x0 c:/altera/12.0sp2/nios2eds/bin/gnu/h-i686-mingw32/bin/../lib/gcc/nios2-elf/4.1.2/../../../../nios2-elf/lib\libc.a(lib_a-fflush.o)
 .data          0x0081b214        0x0 c:/altera/12.0sp2/nios2eds/bin/gnu/h-i686-mingw32/bin/../lib/gcc/nios2-elf/4.1.2/../../../../nios2-elf/lib\libc.a(lib_a-findfp.o)
 .data          0x0081b214        0x0 c:/altera/12.0sp2/nios2eds/bin/gnu/h-i686-mingw32/bin/../lib/gcc/nios2-elf/4.1.2/../../../../nios2-elf/lib\libc.a(lib_a-freer.o)
 .data          0x0081b214        0x0 c:/altera/12.0sp2/nios2eds/bin/gnu/h-i686-mingw32/bin/../lib/gcc/nios2-elf/4.1.2/../../../../nios2-elf/lib\libc.a(lib_a-fvwrite.o)
 .data          0x0081b214        0x0 c:/altera/12.0sp2/nios2eds/bin/gnu/h-i686-mingw32/bin/../lib/gcc/nios2-elf/4.1.2/../../../../nios2-elf/lib\libc.a(lib_a-fwalk.o)
 .data          0x0081b214        0x0 c:/altera/12.0sp2/nios2eds/bin/gnu/h-i686-mingw32/bin/../lib/gcc/nios2-elf/4.1.2/../../../../nios2-elf/lib\libc.a(lib_a-int_errno.o)
 .data          0x0081b214        0xc c:/altera/12.0sp2/nios2eds/bin/gnu/h-i686-mingw32/bin/../lib/gcc/nios2-elf/4.1.2/../../../../nios2-elf/lib\libc.a(lib_a-locale.o)
                0x0081b214                __lc_ctype
 .data          0x0081b220        0x0 c:/altera/12.0sp2/nios2eds/bin/gnu/h-i686-mingw32/bin/../lib/gcc/nios2-elf/4.1.2/../../../../nios2-elf/lib\libc.a(lib_a-makebuf.o)
 .data          0x0081b220        0x0 c:/altera/12.0sp2/nios2eds/bin/gnu/h-i686-mingw32/bin/../lib/gcc/nios2-elf/4.1.2/../../../../nios2-elf/lib\libc.a(lib_a-memchr.o)
 .data          0x0081b220        0x0 c:/altera/12.0sp2/nios2eds/bin/gnu/h-i686-mingw32/bin/../lib/gcc/nios2-elf/4.1.2/../../../../nios2-elf/lib\libc.a(lib_a-memcpy.o)
 .data          0x0081b220        0x0 c:/altera/12.0sp2/nios2eds/bin/gnu/h-i686-mingw32/bin/../lib/gcc/nios2-elf/4.1.2/../../../../nios2-elf/lib\libc.a(lib_a-memmove.o)
 .data          0x0081b220        0x0 c:/altera/12.0sp2/nios2eds/bin/gnu/h-i686-mingw32/bin/../lib/gcc/nios2-elf/4.1.2/../../../../nios2-elf/lib\libc.a(lib_a-memset.o)
 .data          0x0081b220        0x0 c:/altera/12.0sp2/nios2eds/bin/gnu/h-i686-mingw32/bin/../lib/gcc/nios2-elf/4.1.2/../../../../nios2-elf/lib\libc.a(lib_a-mprec.o)
 .data          0x0081b220        0x0 c:/altera/12.0sp2/nios2eds/bin/gnu/h-i686-mingw32/bin/../lib/gcc/nios2-elf/4.1.2/../../../../nios2-elf/lib\libc.a(lib_a-reallocr.o)
 .data          0x0081b220        0x0 c:/altera/12.0sp2/nios2eds/bin/gnu/h-i686-mingw32/bin/../lib/gcc/nios2-elf/4.1.2/../../../../nios2-elf/lib\libc.a(lib_a-s_isinfd.o)
 .data          0x0081b220        0x0 c:/altera/12.0sp2/nios2eds/bin/gnu/h-i686-mingw32/bin/../lib/gcc/nios2-elf/4.1.2/../../../../nios2-elf/lib\libc.a(lib_a-stdio.o)
 .data          0x0081b220        0x0 c:/altera/12.0sp2/nios2eds/bin/gnu/h-i686-mingw32/bin/../lib/gcc/nios2-elf/4.1.2/../../../../nios2-elf/lib\libc.a(lib_a-writer.o)
 .data          0x0081b220        0x0 c:/altera/12.0sp2/nios2eds/bin/gnu/h-i686-mingw32/bin/../lib/gcc/nios2-elf/4.1.2/../../../../nios2-elf/lib\libc.a(lib_a-callocr.o)
 .data          0x0081b220        0x0 c:/altera/12.0sp2/nios2eds/bin/gnu/h-i686-mingw32/bin/../lib/gcc/nios2-elf/4.1.2/../../../../nios2-elf/lib\libc.a(lib_a-closer.o)
 .data          0x0081b220        0x0 c:/altera/12.0sp2/nios2eds/bin/gnu/h-i686-mingw32/bin/../lib/gcc/nios2-elf/4.1.2/../../../../nios2-elf/lib\libc.a(lib_a-fclose.o)
 .data          0x0081b220        0x0 c:/altera/12.0sp2/nios2eds/bin/gnu/h-i686-mingw32/bin/../lib/gcc/nios2-elf/4.1.2/../../../../nios2-elf/lib\libc.a(lib_a-fstatr.o)
 .data          0x0081b220        0x0 c:/altera/12.0sp2/nios2eds/bin/gnu/h-i686-mingw32/bin/../lib/gcc/nios2-elf/4.1.2/../../../../nios2-elf/lib\libc.a(lib_a-isattyr.o)
 .data          0x0081b220        0x0 c:/altera/12.0sp2/nios2eds/bin/gnu/h-i686-mingw32/bin/../lib/gcc/nios2-elf/4.1.2/../../../../nios2-elf/lib\libc.a(lib_a-lseekr.o)
 .data          0x0081b220        0x0 c:/altera/12.0sp2/nios2eds/bin/gnu/h-i686-mingw32/bin/../lib/gcc/nios2-elf/4.1.2/../../../../nios2-elf/lib\libc.a(lib_a-readr.o)
 .data          0x0081b220        0x0 c:/altera/12.0sp2/nios2eds/bin/gnu/h-i686-mingw32/bin/../lib/gcc/nios2-elf/4.1.2\libgcc.a(_udivdi3.o)
 .data          0x0081b220        0x0 c:/altera/12.0sp2/nios2eds/bin/gnu/h-i686-mingw32/bin/../lib/gcc/nios2-elf/4.1.2\libgcc.a(_umoddi3.o)
 .data          0x0081b220        0x0 c:/altera/12.0sp2/nios2eds/bin/gnu/h-i686-mingw32/bin/../lib/gcc/nios2-elf/4.1.2\libgcc.a(_eq_df.o)
 .data          0x0081b220        0x0 c:/altera/12.0sp2/nios2eds/bin/gnu/h-i686-mingw32/bin/../lib/gcc/nios2-elf/4.1.2\libgcc.a(_ne_df.o)
 .data          0x0081b220        0x0 c:/altera/12.0sp2/nios2eds/bin/gnu/h-i686-mingw32/bin/../lib/gcc/nios2-elf/4.1.2\libgcc.a(_gt_df.o)
 .data          0x0081b220        0x0 c:/altera/12.0sp2/nios2eds/bin/gnu/h-i686-mingw32/bin/../lib/gcc/nios2-elf/4.1.2\libgcc.a(_ge_df.o)
 .data          0x0081b220        0x0 c:/altera/12.0sp2/nios2eds/bin/gnu/h-i686-mingw32/bin/../lib/gcc/nios2-elf/4.1.2\libgcc.a(_usi_to_df.o)
 .data          0x0081b220        0x0 ../TowerDefence_bsp/\libhal_bsp.a(alt_alarm_start.o)
 .data          0x0081b220        0x0 ../TowerDefence_bsp/\libhal_bsp.a(alt_close.o)
 .data          0x0081b220      0x1a8 ../TowerDefence_bsp/\libhal_bsp.a(alt_dev.o)
                0x0081b220                alt_dev_null
                0x0081b248                alt_fd_list
 .data          0x0081b3c8        0x0 ../TowerDefence_bsp/\libhal_bsp.a(alt_errno.o)
 .data          0x0081b3c8        0x0 ../TowerDefence_bsp/\libhal_bsp.a(alt_fstat.o)
 .data          0x0081b3c8        0x0 ../TowerDefence_bsp/\libhal_bsp.a(alt_isatty.o)
 .data          0x0081b3c8        0x0 ../TowerDefence_bsp/\libhal_bsp.a(alt_load.o)
 .data          0x0081b3c8        0x0 ../TowerDefence_bsp/\libhal_bsp.a(alt_lseek.o)
 .data          0x0081b3c8        0x0 ../TowerDefence_bsp/\libhal_bsp.a(alt_main.o)
 .data          0x0081b3c8        0x0 ../TowerDefence_bsp/\libhal_bsp.a(alt_malloc_lock.o)
 .data          0x0081b3c8        0x0 ../TowerDefence_bsp/\libhal_bsp.a(alt_read.o)
 .data          0x0081b3c8        0x0 ../TowerDefence_bsp/\libhal_bsp.a(alt_release_fd.o)
 .data          0x0081b3c8        0x0 ../TowerDefence_bsp/\libhal_bsp.a(alt_sbrk.o)
 .data          0x0081b3c8        0x0 ../TowerDefence_bsp/\libhal_bsp.a(alt_tick.o)
 .data          0x0081b3c8        0x0 ../TowerDefence_bsp/\libhal_bsp.a(alt_usleep.o)
 .data          0x0081b3c8        0x0 ../TowerDefence_bsp/\libhal_bsp.a(alt_write.o)
 .data          0x0081b3c8     0x1128 ../TowerDefence_bsp/\libhal_bsp.a(alt_sys_init.o)
 .data          0x0081c4f0        0x0 ../TowerDefence_bsp/\libhal_bsp.a(altera_avalon_jtag_uart_fd.o)
 .data          0x0081c4f0        0x0 ../TowerDefence_bsp/\libhal_bsp.a(altera_avalon_jtag_uart_init.o)
 .data          0x0081c4f0        0x0 ../TowerDefence_bsp/\libhal_bsp.a(altera_avalon_jtag_uart_ioctl.o)
 .data          0x0081c4f0        0x0 ../TowerDefence_bsp/\libhal_bsp.a(altera_avalon_jtag_uart_read.o)
 .data          0x0081c4f0        0x0 ../TowerDefence_bsp/\libhal_bsp.a(altera_avalon_jtag_uart_write.o)
 .data          0x0081c4f0        0x0 ../TowerDefence_bsp/\libhal_bsp.a(altera_avalon_timer_sc.o)
 .data          0x0081c4f0        0x0 ../TowerDefence_bsp/\libhal_bsp.a(altera_avalon_timer_vars.o)
 .data          0x0081c4f0        0x0 ../TowerDefence_bsp/\libhal_bsp.a(altera_up_avalon_video_character_buffer_with_dma.o)
 .data          0x0081c4f0        0x0 ../TowerDefence_bsp/\libhal_bsp.a(altera_up_avalon_video_pixel_buffer_dma.o)
 .data          0x0081c4f0        0x0 ../TowerDefence_bsp/\libhal_bsp.a(altera_up_sd_card_avalon_interface.o)
 .data          0x0081c4f0        0x0 ../TowerDefence_bsp/\libhal_bsp.a(alt_busy_sleep.o)
 .data          0x0081c4f0        0x0 ../TowerDefence_bsp/\libhal_bsp.a(alt_dcache_flush_all.o)
 .data          0x0081c4f0        0x0 ../TowerDefence_bsp/\libhal_bsp.a(alt_dev_llist_insert.o)
 .data          0x0081c4f0        0x0 ../TowerDefence_bsp/\libhal_bsp.a(alt_do_ctors.o)
 .data          0x0081c4f0        0x0 ../TowerDefence_bsp/\libhal_bsp.a(alt_do_dtors.o)
 .data          0x0081c4f0        0x0 ../TowerDefence_bsp/\libhal_bsp.a(alt_find_dev.o)
 .data          0x0081c4f0        0x0 ../TowerDefence_bsp/\libhal_bsp.a(alt_icache_flush_all.o)
 .data          0x0081c4f0        0x0 ../TowerDefence_bsp/\libhal_bsp.a(alt_iic.o)
 .data          0x0081c4f0        0x0 ../TowerDefence_bsp/\libhal_bsp.a(alt_iic_isr_register.o)
 .data          0x0081c4f0        0x0 ../TowerDefence_bsp/\libhal_bsp.a(alt_io_redirect.o)
 .data          0x0081c4f0        0x0 ../TowerDefence_bsp/\libhal_bsp.a(alt_irq_entry.o)
 .data          0x0081c4f0        0x0 ../TowerDefence_bsp/\libhal_bsp.a(alt_irq_handler.o)
 .data          0x0081c4f0        0x0 ../TowerDefence_bsp/\libhal_bsp.a(alt_irq_vars.o)
 .data          0x0081c4f0        0x0 ../TowerDefence_bsp/\libhal_bsp.a(alt_open.o)
 .data          0x0081c4f0        0x0 ../TowerDefence_bsp/\libhal_bsp.a(altera_nios2_qsys_irq.o)
 .data          0x0081c4f0        0x0 ../TowerDefence_bsp/\libhal_bsp.a(alt_exception_entry.o)
 .data          0x0081c4f0        0x0 ../TowerDefence_bsp/\libhal_bsp.a(alt_find_file.o)
 .data          0x0081c4f0        0x0 ../TowerDefence_bsp/\libhal_bsp.a(alt_get_fd.o)
 .data          0x0081c4f0        0x0 ../TowerDefence_bsp/\libhal_bsp.a(alt_icache_flush.o)
 .data          0x0081c4f0        0x0 c:/altera/12.0sp2/nios2eds/bin/gnu/h-i686-mingw32/bin/../lib/gcc/nios2-elf/4.1.2/../../../../nios2-elf/lib\libc.a(lib_a-atexit.o)
 .data          0x0081c4f0        0x0 c:/altera/12.0sp2/nios2eds/bin/gnu/h-i686-mingw32/bin/../lib/gcc/nios2-elf/4.1.2/../../../../nios2-elf/lib\libc.a(lib_a-exit.o)
 .data          0x0081c4f0        0x0 c:/altera/12.0sp2/nios2eds/bin/gnu/h-i686-mingw32/bin/../lib/gcc/nios2-elf/4.1.2/../../../../nios2-elf/lib\libc.a(lib_a-memcmp.o)
 .data          0x0081c4f0        0x0 c:/altera/12.0sp2/nios2eds/bin/gnu/h-i686-mingw32/bin/../lib/gcc/nios2-elf/4.1.2/../../../../nios2-elf/lib\libc.a(lib_a-__atexit.o)
 .data          0x0081c4f0        0x0 c:/altera/12.0sp2/nios2eds/bin/gnu/h-i686-mingw32/bin/../lib/gcc/nios2-elf/4.1.2/../../../../nios2-elf/lib\libc.a(lib_a-__call_atexit.o)
 .data          0x0081c4f0        0x0 ../TowerDefence_bsp/\libhal_bsp.a(alt_exit.o)
                0x008244f0                _gp = ABSOLUTE ((. + 0x8000))
                0x008244f0                PROVIDE (gp, _gp)
 *(.rwdata .rwdata.*)
 *(.sdata .sdata.* .gnu.linkonce.s.*)
 .sdata         0x0081c4f0        0x4 obj/default/hardCode.o
                0x0081c4f0                star
 .sdata         0x0081c4f4        0x4 c:/altera/12.0sp2/nios2eds/bin/gnu/h-i686-mingw32/bin/../lib/gcc/nios2-elf/4.1.2/../../../../nios2-elf/lib\libm.a(lib_a-s_lib_ver.o)
                0x0081c4f4                __fdlib_version
 .sdata         0x0081c4f8        0x8 c:/altera/12.0sp2/nios2eds/bin/gnu/h-i686-mingw32/bin/../lib/gcc/nios2-elf/4.1.2/../../../../nios2-elf/lib\libc.a(lib_a-impure.o)
                0x0081c4f8                _impure_ptr
                0x0081c4fc                _global_impure_ptr
 .sdata         0x0081c500        0x8 c:/altera/12.0sp2/nios2eds/bin/gnu/h-i686-mingw32/bin/../lib/gcc/nios2-elf/4.1.2/../../../../nios2-elf/lib\libc.a(lib_a-mallocr.o)
                0x0081c500                __malloc_trim_threshold
                0x0081c504                __malloc_sbrk_base
 .sdata         0x0081c508        0x8 c:/altera/12.0sp2/nios2eds/bin/gnu/h-i686-mingw32/bin/../lib/gcc/nios2-elf/4.1.2/../../../../nios2-elf/lib\libc.a(lib_a-locale.o)
                0x0081c508                __mb_cur_max
 .sdata         0x0081c510       0x14 ../TowerDefence_bsp/\libhal_bsp.a(alt_dev.o)
                0x0081c510                alt_fs_list
                0x0081c518                alt_dev_list
                0x0081c520                alt_max_fd
 .sdata         0x0081c524        0x4 ../TowerDefence_bsp/\libhal_bsp.a(alt_errno.o)
                0x0081c524                alt_errno
 .sdata         0x0081c528        0x4 ../TowerDefence_bsp/\libhal_bsp.a(alt_sbrk.o)
 .sdata         0x0081c52c        0x8 ../TowerDefence_bsp/\libhal_bsp.a(alt_tick.o)
                0x0081c52c                alt_alarm_list
 .sdata         0x0081c534        0x4 ../TowerDefence_bsp/\libhal_bsp.a(alt_irq_vars.o)
                0x0081c534                alt_priority_mask
 *(.sdata2 .sdata2.* .gnu.linkonce.s2.*)
                0x0081c538                . = ALIGN (0x4)
                0x0081c538                _edata = ABSOLUTE (.)
                0x0081c538                PROVIDE (edata, ABSOLUTE (.))
                0x0081c538                PROVIDE (__ram_rwdata_end, ABSOLUTE (.))
                0x0081c538                PROVIDE (__flash_rwdata_start, LOADADDR (.rwdata))

.bss            0x008234b4      0x898
                0x008234b4                __bss_start = ABSOLUTE (.)
                0x008234b4                PROVIDE (__sbss_start, ABSOLUTE (.))
                0x008234b4                PROVIDE (___sbss_start, ABSOLUTE (.))
 *(.dynsbss)
 *(.sbss .sbss.* .gnu.linkonce.sb.*)
 .sbss          0x008234b4        0x8 obj/default/Env.o
                0x008234b4                char_buffer
                0x008234b8                pixel_buffer
 .sbss          0x008234bc        0xc c:/altera/12.0sp2/nios2eds/bin/gnu/h-i686-mingw32/bin/../lib/gcc/nios2-elf/4.1.2/../../../../nios2-elf/lib\libc.a(lib_a-mallocr.o)
                0x008234bc                __malloc_top_pad
                0x008234c0                __malloc_max_sbrked_mem
                0x008234c4                __malloc_max_total_mem
 .sbss          0x008234c8        0x4 c:/altera/12.0sp2/nios2eds/bin/gnu/h-i686-mingw32/bin/../lib/gcc/nios2-elf/4.1.2/../../../../nios2-elf/lib\libc.a(lib_a-int_errno.o)
                0x008234c8                errno
 .sbss          0x008234cc        0xc c:/altera/12.0sp2/nios2eds/bin/gnu/h-i686-mingw32/bin/../lib/gcc/nios2-elf/4.1.2/../../../../nios2-elf/lib\libc.a(lib_a-locale.o)
                0x008234cc                __nlocale_changed
                0x008234d0                __mlocale_changed
                0x008234d4                _PathLocale
 .sbss          0x008234d8        0xc ../TowerDefence_bsp/\libhal_bsp.a(alt_main.o)
                0x008234d8                alt_argc
                0x008234dc                alt_argv
                0x008234e0                alt_envp
 .sbss          0x008234e4        0x8 ../TowerDefence_bsp/\libhal_bsp.a(alt_tick.o)
                0x008234e4                _alt_tick_rate
                0x008234e8                _alt_nticks
 .sbss          0x008234ec        0x8 ../TowerDefence_bsp/\libhal_bsp.a(altera_avalon_timer_vars.o)
                0x008234ec                altera_avalon_timer_ts_base
                0x008234f0                altera_avalon_timer_ts_freq
 .sbss          0x008234f4       0x34 ../TowerDefence_bsp/\libhal_bsp.a(altera_up_sd_card_avalon_interface.o)
                0x008234f4                initialized
                0x008234f8                is_sd_card_formated_as_FAT16
                0x008234fc                aux_status_register
                0x00823500                status_register
                0x00823504                CSD_register_w0
                0x00823508                command_register
                0x0082350c                command_argument_register
                0x00823510                buffer_memory
                0x00823514                fat_partition_offset_in_512_byte_sectors
                0x00823518                fat_partition_size_in_512_byte_sectors
                0x0082351c                device_pointer
                0x00823520                current_sector_modified
                0x00823524                current_sector_index
 .sbss          0x00823528        0x4 ../TowerDefence_bsp/\libhal_bsp.a(alt_irq_vars.o)
                0x00823528                alt_irq_active
 *(.sbss2 .sbss2.* .gnu.linkonce.sb2.*)
 *(.scommon)
                0x0082352c                PROVIDE (__sbss_end, ABSOLUTE (.))
                0x0082352c                PROVIDE (___sbss_end, ABSOLUTE (.))
 *(.dynbss)
 *(.bss .bss.* .gnu.linkonce.b.*)
 .bss           0x0082352c        0x0 ../TowerDefence_bsp//obj/HAL/src/crt0.o
 .bss           0x0082352c        0x0 obj/default/Env.o
 .bss           0x0082352c        0x0 obj/default/Frame.o
 .bss           0x0082352c        0x0 obj/default/Game.o
 .bss           0x0082352c        0x0 obj/default/GameInfo.o
 .bss           0x0082352c        0x0 obj/default/Object.o
 .bss           0x0082352c        0x0 obj/default/animation.o
 .bss           0x0082352c        0x0 obj/default/hardCode.o
 .bss           0x0082352c        0x0 c:/altera/12.0sp2/nios2eds/bin/gnu/h-i686-mingw32/bin/../lib/gcc/nios2-elf/4.1.2/../../../../nios2-elf/lib\libm.a(lib_a-w_sqrt.o)
 .bss           0x0082352c        0x0 c:/altera/12.0sp2/nios2eds/bin/gnu/h-i686-mingw32/bin/../lib/gcc/nios2-elf/4.1.2/../../../../nios2-elf/lib\libm.a(lib_a-e_sqrt.o)
 .bss           0x0082352c        0x0 c:/altera/12.0sp2/nios2eds/bin/gnu/h-i686-mingw32/bin/../lib/gcc/nios2-elf/4.1.2/../../../../nios2-elf/lib\libm.a(lib_a-s_isnand.o)
 .bss           0x0082352c        0x0 c:/altera/12.0sp2/nios2eds/bin/gnu/h-i686-mingw32/bin/../lib/gcc/nios2-elf/4.1.2/../../../../nios2-elf/lib\libm.a(lib_a-s_lib_ver.o)
 .bss           0x0082352c        0x0 c:/altera/12.0sp2/nios2eds/bin/gnu/h-i686-mingw32/bin/../lib/gcc/nios2-elf/4.1.2/../../../../nios2-elf/lib\libm.a(lib_a-s_matherr.o)
 .bss           0x0082352c        0x0 c:/altera/12.0sp2/nios2eds/bin/gnu/h-i686-mingw32/bin/../lib/gcc/nios2-elf/4.1.2\libgcc.a(_le_sf.o)
 .bss           0x0082352c        0x0 c:/altera/12.0sp2/nios2eds/bin/gnu/h-i686-mingw32/bin/../lib/gcc/nios2-elf/4.1.2\libgcc.a(_si_to_sf.o)
 .bss           0x0082352c        0x0 c:/altera/12.0sp2/nios2eds/bin/gnu/h-i686-mingw32/bin/../lib/gcc/nios2-elf/4.1.2\libgcc.a(_sf_to_df.o)
 .bss           0x0082352c        0x0 c:/altera/12.0sp2/nios2eds/bin/gnu/h-i686-mingw32/bin/../lib/gcc/nios2-elf/4.1.2\libgcc.a(_addsub_df.o)
 .bss           0x0082352c        0x0 c:/altera/12.0sp2/nios2eds/bin/gnu/h-i686-mingw32/bin/../lib/gcc/nios2-elf/4.1.2\libgcc.a(_mul_df.o)
 .bss           0x0082352c        0x0 c:/altera/12.0sp2/nios2eds/bin/gnu/h-i686-mingw32/bin/../lib/gcc/nios2-elf/4.1.2\libgcc.a(_div_df.o)
 .bss           0x0082352c        0x0 c:/altera/12.0sp2/nios2eds/bin/gnu/h-i686-mingw32/bin/../lib/gcc/nios2-elf/4.1.2\libgcc.a(_lt_df.o)
 .bss           0x0082352c        0x0 c:/altera/12.0sp2/nios2eds/bin/gnu/h-i686-mingw32/bin/../lib/gcc/nios2-elf/4.1.2\libgcc.a(_si_to_df.o)
 .bss           0x0082352c        0x0 c:/altera/12.0sp2/nios2eds/bin/gnu/h-i686-mingw32/bin/../lib/gcc/nios2-elf/4.1.2\libgcc.a(_df_to_si.o)
 .bss           0x0082352c        0x0 c:/altera/12.0sp2/nios2eds/bin/gnu/h-i686-mingw32/bin/../lib/gcc/nios2-elf/4.1.2\libgcc.a(_make_df.o)
 .bss           0x0082352c        0x0 c:/altera/12.0sp2/nios2eds/bin/gnu/h-i686-mingw32/bin/../lib/gcc/nios2-elf/4.1.2\libgcc.a(_df_to_sf.o)
 .bss           0x0082352c        0x0 c:/altera/12.0sp2/nios2eds/bin/gnu/h-i686-mingw32/bin/../lib/gcc/nios2-elf/4.1.2\libgcc.a(_thenan_df.o)
 .bss           0x0082352c        0x0 c:/altera/12.0sp2/nios2eds/bin/gnu/h-i686-mingw32/bin/../lib/gcc/nios2-elf/4.1.2\libgcc.a(lib2-divmod.o)
 .bss           0x0082352c        0x0 c:/altera/12.0sp2/nios2eds/bin/gnu/h-i686-mingw32/bin/../lib/gcc/nios2-elf/4.1.2\libgcc.a(_muldi3.o)
 .bss           0x0082352c        0x0 c:/altera/12.0sp2/nios2eds/bin/gnu/h-i686-mingw32/bin/../lib/gcc/nios2-elf/4.1.2\libgcc.a(_clzsi2.o)
 .bss           0x0082352c        0x0 c:/altera/12.0sp2/nios2eds/bin/gnu/h-i686-mingw32/bin/../lib/gcc/nios2-elf/4.1.2\libgcc.a(_pack_sf.o)
 .bss           0x0082352c        0x0 c:/altera/12.0sp2/nios2eds/bin/gnu/h-i686-mingw32/bin/../lib/gcc/nios2-elf/4.1.2\libgcc.a(_unpack_sf.o)
 .bss           0x0082352c        0x0 c:/altera/12.0sp2/nios2eds/bin/gnu/h-i686-mingw32/bin/../lib/gcc/nios2-elf/4.1.2\libgcc.a(_fpcmp_parts_sf.o)
 .bss           0x0082352c        0x0 c:/altera/12.0sp2/nios2eds/bin/gnu/h-i686-mingw32/bin/../lib/gcc/nios2-elf/4.1.2\libgcc.a(_make_sf.o)
 .bss           0x0082352c        0x0 c:/altera/12.0sp2/nios2eds/bin/gnu/h-i686-mingw32/bin/../lib/gcc/nios2-elf/4.1.2\libgcc.a(_pack_df.o)
 .bss           0x0082352c        0x0 c:/altera/12.0sp2/nios2eds/bin/gnu/h-i686-mingw32/bin/../lib/gcc/nios2-elf/4.1.2\libgcc.a(_unpack_df.o)
 .bss           0x0082352c        0x0 c:/altera/12.0sp2/nios2eds/bin/gnu/h-i686-mingw32/bin/../lib/gcc/nios2-elf/4.1.2\libgcc.a(_fpcmp_parts_df.o)
 .bss           0x0082352c        0x0 c:/altera/12.0sp2/nios2eds/bin/gnu/h-i686-mingw32/bin/../lib/gcc/nios2-elf/4.1.2\libgcc.a(_clz.o)
 .bss           0x0082352c        0x0 c:/altera/12.0sp2/nios2eds/bin/gnu/h-i686-mingw32/bin/../lib/gcc/nios2-elf/4.1.2/../../../../nios2-elf/lib\libc.a(lib_a-errno.o)
 .bss           0x0082352c        0x0 c:/altera/12.0sp2/nios2eds/bin/gnu/h-i686-mingw32/bin/../lib/gcc/nios2-elf/4.1.2/../../../../nios2-elf/lib\libc.a(lib_a-impure.o)
 .bss           0x0082352c        0x0 c:/altera/12.0sp2/nios2eds/bin/gnu/h-i686-mingw32/bin/../lib/gcc/nios2-elf/4.1.2/../../../../nios2-elf/lib\libc.a(lib_a-malloc.o)
 .bss           0x0082352c       0x28 c:/altera/12.0sp2/nios2eds/bin/gnu/h-i686-mingw32/bin/../lib/gcc/nios2-elf/4.1.2/../../../../nios2-elf/lib\libc.a(lib_a-mallocr.o)
                0x0082352c                __malloc_current_mallinfo
 .bss           0x00823554        0x0 c:/altera/12.0sp2/nios2eds/bin/gnu/h-i686-mingw32/bin/../lib/gcc/nios2-elf/4.1.2/../../../../nios2-elf/lib\libc.a(lib_a-puts.o)
 .bss           0x00823554        0x0 c:/altera/12.0sp2/nios2eds/bin/gnu/h-i686-mingw32/bin/../lib/gcc/nios2-elf/4.1.2/../../../../nios2-elf/lib\libc.a(lib_a-rand.o)
 .bss           0x00823554        0x0 c:/altera/12.0sp2/nios2eds/bin/gnu/h-i686-mingw32/bin/../lib/gcc/nios2-elf/4.1.2/../../../../nios2-elf/lib\libc.a(lib_a-sbrkr.o)
 .bss           0x00823554        0x0 c:/altera/12.0sp2/nios2eds/bin/gnu/h-i686-mingw32/bin/../lib/gcc/nios2-elf/4.1.2/../../../../nios2-elf/lib\libc.a(lib_a-sprintf.o)
 .bss           0x00823554        0x0 c:/altera/12.0sp2/nios2eds/bin/gnu/h-i686-mingw32/bin/../lib/gcc/nios2-elf/4.1.2/../../../../nios2-elf/lib\libc.a(lib_a-strcmp.o)
 .bss           0x00823554        0x0 c:/altera/12.0sp2/nios2eds/bin/gnu/h-i686-mingw32/bin/../lib/gcc/nios2-elf/4.1.2/../../../../nios2-elf/lib\libc.a(lib_a-strcpy.o)
 .bss           0x00823554        0x0 c:/altera/12.0sp2/nios2eds/bin/gnu/h-i686-mingw32/bin/../lib/gcc/nios2-elf/4.1.2/../../../../nios2-elf/lib\libc.a(lib_a-strlen.o)
 .bss           0x00823554        0x0 c:/altera/12.0sp2/nios2eds/bin/gnu/h-i686-mingw32/bin/../lib/gcc/nios2-elf/4.1.2/../../../../nios2-elf/lib\libc.a(lib_a-strncat.o)
 .bss           0x00823554        0x0 c:/altera/12.0sp2/nios2eds/bin/gnu/h-i686-mingw32/bin/../lib/gcc/nios2-elf/4.1.2/../../../../nios2-elf/lib\libc.a(lib_a-strsep.o)
 .bss           0x00823554        0x0 c:/altera/12.0sp2/nios2eds/bin/gnu/h-i686-mingw32/bin/../lib/gcc/nios2-elf/4.1.2/../../../../nios2-elf/lib\libc.a(lib_a-strtok_r.o)
 .bss           0x00823554        0x0 c:/altera/12.0sp2/nios2eds/bin/gnu/h-i686-mingw32/bin/../lib/gcc/nios2-elf/4.1.2/../../../../nios2-elf/lib\libc.a(lib_a-vfprintf.o)
 .bss           0x00823554        0x0 c:/altera/12.0sp2/nios2eds/bin/gnu/h-i686-mingw32/bin/../lib/gcc/nios2-elf/4.1.2/../../../../nios2-elf/lib\libc.a(lib_a-wsetup.o)
 .bss           0x00823554        0x0 c:/altera/12.0sp2/nios2eds/bin/gnu/h-i686-mingw32/bin/../lib/gcc/nios2-elf/4.1.2/../../../../nios2-elf/lib\libc.a(lib_a-dtoa.o)
 .bss           0x00823554        0x0 c:/altera/12.0sp2/nios2eds/bin/gnu/h-i686-mingw32/bin/../lib/gcc/nios2-elf/4.1.2/../../../../nios2-elf/lib\libc.a(lib_a-fflush.o)
 .bss           0x00823554        0x0 c:/altera/12.0sp2/nios2eds/bin/gnu/h-i686-mingw32/bin/../lib/gcc/nios2-elf/4.1.2/../../../../nios2-elf/lib\libc.a(lib_a-findfp.o)
 .bss           0x00823554        0x0 c:/altera/12.0sp2/nios2eds/bin/gnu/h-i686-mingw32/bin/../lib/gcc/nios2-elf/4.1.2/../../../../nios2-elf/lib\libc.a(lib_a-freer.o)
 .bss           0x00823554        0x0 c:/altera/12.0sp2/nios2eds/bin/gnu/h-i686-mingw32/bin/../lib/gcc/nios2-elf/4.1.2/../../../../nios2-elf/lib\libc.a(lib_a-fvwrite.o)
 .bss           0x00823554        0x0 c:/altera/12.0sp2/nios2eds/bin/gnu/h-i686-mingw32/bin/../lib/gcc/nios2-elf/4.1.2/../../../../nios2-elf/lib\libc.a(lib_a-fwalk.o)
 .bss           0x00823554        0x0 c:/altera/12.0sp2/nios2eds/bin/gnu/h-i686-mingw32/bin/../lib/gcc/nios2-elf/4.1.2/../../../../nios2-elf/lib\libc.a(lib_a-int_errno.o)
 .bss           0x00823554        0x0 c:/altera/12.0sp2/nios2eds/bin/gnu/h-i686-mingw32/bin/../lib/gcc/nios2-elf/4.1.2/../../../../nios2-elf/lib\libc.a(lib_a-locale.o)
 .bss           0x00823554        0x0 c:/altera/12.0sp2/nios2eds/bin/gnu/h-i686-mingw32/bin/../lib/gcc/nios2-elf/4.1.2/../../../../nios2-elf/lib\libc.a(lib_a-makebuf.o)
 .bss           0x00823554        0x0 c:/altera/12.0sp2/nios2eds/bin/gnu/h-i686-mingw32/bin/../lib/gcc/nios2-elf/4.1.2/../../../../nios2-elf/lib\libc.a(lib_a-memchr.o)
 .bss           0x00823554        0x0 c:/altera/12.0sp2/nios2eds/bin/gnu/h-i686-mingw32/bin/../lib/gcc/nios2-elf/4.1.2/../../../../nios2-elf/lib\libc.a(lib_a-memcpy.o)
 .bss           0x00823554        0x0 c:/altera/12.0sp2/nios2eds/bin/gnu/h-i686-mingw32/bin/../lib/gcc/nios2-elf/4.1.2/../../../../nios2-elf/lib\libc.a(lib_a-memmove.o)
 .bss           0x00823554        0x0 c:/altera/12.0sp2/nios2eds/bin/gnu/h-i686-mingw32/bin/../lib/gcc/nios2-elf/4.1.2/../../../../nios2-elf/lib\libc.a(lib_a-memset.o)
 .bss           0x00823554        0x0 c:/altera/12.0sp2/nios2eds/bin/gnu/h-i686-mingw32/bin/../lib/gcc/nios2-elf/4.1.2/../../../../nios2-elf/lib\libc.a(lib_a-mprec.o)
 .bss           0x00823554        0x0 c:/altera/12.0sp2/nios2eds/bin/gnu/h-i686-mingw32/bin/../lib/gcc/nios2-elf/4.1.2/../../../../nios2-elf/lib\libc.a(lib_a-reallocr.o)
 .bss           0x00823554        0x0 c:/altera/12.0sp2/nios2eds/bin/gnu/h-i686-mingw32/bin/../lib/gcc/nios2-elf/4.1.2/../../../../nios2-elf/lib\libc.a(lib_a-s_isinfd.o)
 .bss           0x00823554        0x0 c:/altera/12.0sp2/nios2eds/bin/gnu/h-i686-mingw32/bin/../lib/gcc/nios2-elf/4.1.2/../../../../nios2-elf/lib\libc.a(lib_a-stdio.o)
 .bss           0x00823554        0x0 c:/altera/12.0sp2/nios2eds/bin/gnu/h-i686-mingw32/bin/../lib/gcc/nios2-elf/4.1.2/../../../../nios2-elf/lib\libc.a(lib_a-writer.o)
 .bss           0x00823554        0x0 c:/altera/12.0sp2/nios2eds/bin/gnu/h-i686-mingw32/bin/../lib/gcc/nios2-elf/4.1.2/../../../../nios2-elf/lib\libc.a(lib_a-callocr.o)
 .bss           0x00823554        0x0 c:/altera/12.0sp2/nios2eds/bin/gnu/h-i686-mingw32/bin/../lib/gcc/nios2-elf/4.1.2/../../../../nios2-elf/lib\libc.a(lib_a-closer.o)
 .bss           0x00823554        0x0 c:/altera/12.0sp2/nios2eds/bin/gnu/h-i686-mingw32/bin/../lib/gcc/nios2-elf/4.1.2/../../../../nios2-elf/lib\libc.a(lib_a-fclose.o)
 .bss           0x00823554        0x0 c:/altera/12.0sp2/nios2eds/bin/gnu/h-i686-mingw32/bin/../lib/gcc/nios2-elf/4.1.2/../../../../nios2-elf/lib\libc.a(lib_a-fstatr.o)
 .bss           0x00823554        0x0 c:/altera/12.0sp2/nios2eds/bin/gnu/h-i686-mingw32/bin/../lib/gcc/nios2-elf/4.1.2/../../../../nios2-elf/lib\libc.a(lib_a-isattyr.o)
 .bss           0x00823554        0x0 c:/altera/12.0sp2/nios2eds/bin/gnu/h-i686-mingw32/bin/../lib/gcc/nios2-elf/4.1.2/../../../../nios2-elf/lib\libc.a(lib_a-lseekr.o)
 .bss           0x00823554        0x0 c:/altera/12.0sp2/nios2eds/bin/gnu/h-i686-mingw32/bin/../lib/gcc/nios2-elf/4.1.2/../../../../nios2-elf/lib\libc.a(lib_a-readr.o)
 .bss           0x00823554        0x0 c:/altera/12.0sp2/nios2eds/bin/gnu/h-i686-mingw32/bin/../lib/gcc/nios2-elf/4.1.2\libgcc.a(_udivdi3.o)
 .bss           0x00823554        0x0 c:/altera/12.0sp2/nios2eds/bin/gnu/h-i686-mingw32/bin/../lib/gcc/nios2-elf/4.1.2\libgcc.a(_umoddi3.o)
 .bss           0x00823554        0x0 c:/altera/12.0sp2/nios2eds/bin/gnu/h-i686-mingw32/bin/../lib/gcc/nios2-elf/4.1.2\libgcc.a(_eq_df.o)
 .bss           0x00823554        0x0 c:/altera/12.0sp2/nios2eds/bin/gnu/h-i686-mingw32/bin/../lib/gcc/nios2-elf/4.1.2\libgcc.a(_ne_df.o)
 .bss           0x00823554        0x0 c:/altera/12.0sp2/nios2eds/bin/gnu/h-i686-mingw32/bin/../lib/gcc/nios2-elf/4.1.2\libgcc.a(_gt_df.o)
 .bss           0x00823554        0x0 c:/altera/12.0sp2/nios2eds/bin/gnu/h-i686-mingw32/bin/../lib/gcc/nios2-elf/4.1.2\libgcc.a(_ge_df.o)
 .bss           0x00823554        0x0 c:/altera/12.0sp2/nios2eds/bin/gnu/h-i686-mingw32/bin/../lib/gcc/nios2-elf/4.1.2\libgcc.a(_usi_to_df.o)
 .bss           0x00823554        0x0 ../TowerDefence_bsp/\libhal_bsp.a(alt_alarm_start.o)
 .bss           0x00823554        0x0 ../TowerDefence_bsp/\libhal_bsp.a(alt_close.o)
 .bss           0x00823554        0x0 ../TowerDefence_bsp/\libhal_bsp.a(alt_dev.o)
 .bss           0x00823554        0x0 ../TowerDefence_bsp/\libhal_bsp.a(alt_errno.o)
 .bss           0x00823554        0x0 ../TowerDefence_bsp/\libhal_bsp.a(alt_fstat.o)
 .bss           0x00823554        0x0 ../TowerDefence_bsp/\libhal_bsp.a(alt_isatty.o)
 .bss           0x00823554        0x0 ../TowerDefence_bsp/\libhal_bsp.a(alt_load.o)
 .bss           0x00823554        0x0 ../TowerDefence_bsp/\libhal_bsp.a(alt_lseek.o)
 .bss           0x00823554        0x0 ../TowerDefence_bsp/\libhal_bsp.a(alt_main.o)
 .bss           0x00823554        0x0 ../TowerDefence_bsp/\libhal_bsp.a(alt_malloc_lock.o)
 .bss           0x00823554        0x0 ../TowerDefence_bsp/\libhal_bsp.a(alt_read.o)
 .bss           0x00823554        0x0 ../TowerDefence_bsp/\libhal_bsp.a(alt_release_fd.o)
 .bss           0x00823554        0x0 ../TowerDefence_bsp/\libhal_bsp.a(alt_sbrk.o)
 .bss           0x00823554        0x0 ../TowerDefence_bsp/\libhal_bsp.a(alt_tick.o)
 .bss           0x00823554        0x0 ../TowerDefence_bsp/\libhal_bsp.a(alt_usleep.o)
 .bss           0x00823554        0x0 ../TowerDefence_bsp/\libhal_bsp.a(alt_write.o)
 .bss           0x00823554        0x0 ../TowerDefence_bsp/\libhal_bsp.a(alt_sys_init.o)
 .bss           0x00823554        0x0 ../TowerDefence_bsp/\libhal_bsp.a(altera_avalon_jtag_uart_fd.o)
 .bss           0x00823554        0x0 ../TowerDefence_bsp/\libhal_bsp.a(altera_avalon_jtag_uart_init.o)
 .bss           0x00823554        0x0 ../TowerDefence_bsp/\libhal_bsp.a(altera_avalon_jtag_uart_ioctl.o)
 .bss           0x00823554        0x0 ../TowerDefence_bsp/\libhal_bsp.a(altera_avalon_jtag_uart_read.o)
 .bss           0x00823554        0x0 ../TowerDefence_bsp/\libhal_bsp.a(altera_avalon_jtag_uart_write.o)
 .bss           0x00823554        0x0 ../TowerDefence_bsp/\libhal_bsp.a(altera_avalon_timer_sc.o)
 .bss           0x00823554        0x0 ../TowerDefence_bsp/\libhal_bsp.a(altera_avalon_timer_vars.o)
 .bss           0x00823554        0x0 ../TowerDefence_bsp/\libhal_bsp.a(altera_up_avalon_video_character_buffer_with_dma.o)
 .bss           0x00823554        0x0 ../TowerDefence_bsp/\libhal_bsp.a(altera_up_avalon_video_pixel_buffer_dma.o)
 .bss           0x00823554        0x0 ../TowerDefence_bsp/\libhal_bsp.a(altera_up_sd_card_avalon_interface.o)
 .bss           0x00823554        0x0 ../TowerDefence_bsp/\libhal_bsp.a(alt_busy_sleep.o)
 .bss           0x00823554        0x0 ../TowerDefence_bsp/\libhal_bsp.a(alt_dcache_flush_all.o)
 .bss           0x00823554        0x0 ../TowerDefence_bsp/\libhal_bsp.a(alt_dev_llist_insert.o)
 .bss           0x00823554        0x0 ../TowerDefence_bsp/\libhal_bsp.a(alt_do_ctors.o)
 .bss           0x00823554        0x0 ../TowerDefence_bsp/\libhal_bsp.a(alt_do_dtors.o)
 .bss           0x00823554        0x0 ../TowerDefence_bsp/\libhal_bsp.a(alt_find_dev.o)
 .bss           0x00823554        0x0 ../TowerDefence_bsp/\libhal_bsp.a(alt_icache_flush_all.o)
 .bss           0x00823554        0x0 ../TowerDefence_bsp/\libhal_bsp.a(alt_iic.o)
 .bss           0x00823554        0x0 ../TowerDefence_bsp/\libhal_bsp.a(alt_iic_isr_register.o)
 .bss           0x00823554        0x0 ../TowerDefence_bsp/\libhal_bsp.a(alt_io_redirect.o)
 .bss           0x00823554        0x0 ../TowerDefence_bsp/\libhal_bsp.a(alt_irq_entry.o)
 .bss           0x00823554        0x0 ../TowerDefence_bsp/\libhal_bsp.a(alt_irq_handler.o)
 .bss           0x00823554        0x0 ../TowerDefence_bsp/\libhal_bsp.a(alt_irq_vars.o)
 .bss           0x00823554        0x0 ../TowerDefence_bsp/\libhal_bsp.a(alt_open.o)
 .bss           0x00823554        0x0 ../TowerDefence_bsp/\libhal_bsp.a(altera_nios2_qsys_irq.o)
 .bss           0x00823554        0x0 ../TowerDefence_bsp/\libhal_bsp.a(alt_exception_entry.o)
 .bss           0x00823554        0x0 ../TowerDefence_bsp/\libhal_bsp.a(alt_find_file.o)
 .bss           0x00823554        0x0 ../TowerDefence_bsp/\libhal_bsp.a(alt_get_fd.o)
 .bss           0x00823554        0x0 ../TowerDefence_bsp/\libhal_bsp.a(alt_icache_flush.o)
 .bss           0x00823554        0x0 c:/altera/12.0sp2/nios2eds/bin/gnu/h-i686-mingw32/bin/../lib/gcc/nios2-elf/4.1.2/../../../../nios2-elf/lib\libc.a(lib_a-atexit.o)
 .bss           0x00823554        0x0 c:/altera/12.0sp2/nios2eds/bin/gnu/h-i686-mingw32/bin/../lib/gcc/nios2-elf/4.1.2/../../../../nios2-elf/lib\libc.a(lib_a-exit.o)
 .bss           0x00823554        0x0 c:/altera/12.0sp2/nios2eds/bin/gnu/h-i686-mingw32/bin/../lib/gcc/nios2-elf/4.1.2/../../../../nios2-elf/lib\libc.a(lib_a-memcmp.o)
 .bss           0x00823554        0x0 c:/altera/12.0sp2/nios2eds/bin/gnu/h-i686-mingw32/bin/../lib/gcc/nios2-elf/4.1.2/../../../../nios2-elf/lib\libc.a(lib_a-__atexit.o)
 .bss           0x00823554        0x0 c:/altera/12.0sp2/nios2eds/bin/gnu/h-i686-mingw32/bin/../lib/gcc/nios2-elf/4.1.2/../../../../nios2-elf/lib\libc.a(lib_a-__call_atexit.o)
 .bss           0x00823554        0x0 ../TowerDefence_bsp/\libhal_bsp.a(alt_exit.o)
 *(COMMON)
 COMMON         0x00823554        0x0 obj/default/Env.o
 COMMON         0x00823554      0x568 ../TowerDefence_bsp/\libhal_bsp.a(altera_up_sd_card_avalon_interface.o)
                0x00823554                search_data
                0x00823568                boot_sector_data
                0x008235bc                active_files
 COMMON         0x00823abc      0x100 ../TowerDefence_bsp/\libhal_bsp.a(alt_irq_handler.o)
                0x00823abc                alt_irq
 COMMON         0x00823bbc      0x190 c:/altera/12.0sp2/nios2eds/bin/gnu/h-i686-mingw32/bin/../lib/gcc/nios2-elf/4.1.2/../../../../nios2-elf/lib\libc.a(lib_a-atexit.o)
                0x00823bbc                _atexit0
                0x00823d4c                . = ALIGN (0x4)
                0x00823d4c                __bss_end = ABSOLUTE (.)

.sdram          0x00823d4c        0x0
                0x00823d4c                PROVIDE (_alt_partition_sdram_start, ABSOLUTE (.))
 *(.sdram. sdram.*)
                0x00823d4c                . = ALIGN (0x4)
                0x00823d4c                PROVIDE (_alt_partition_sdram_end, ABSOLUTE (.))
                0x00823d4c                _end = ABSOLUTE (.)
                0x00823d4c                end = ABSOLUTE (.)
                0x00823d4c                __alt_stack_base = ABSOLUTE (.)
                0x00823d4c                PROVIDE (_alt_partition_sdram_load_addr, LOADADDR (.sdram))

.stab
 *(.stab)

.stabstr
 *(.stabstr)

.stab.excl
 *(.stab.excl)

.stab.exclstr
 *(.stab.exclstr)

.stab.index
 *(.stab.index)

.stab.indexstr
 *(.stab.indexstr)

.comment        0x00000000       0x26
 *(.comment)
 .comment       0x00000000       0x26 obj/default/Env.o
                                 0x27 (size before relaxing)
 .comment       0x00000000       0x27 obj/default/Frame.o
 .comment       0x00000000       0x27 obj/default/Game.o
 .comment       0x00000000       0x27 obj/default/GameInfo.o
 .comment       0x00000000       0x27 obj/default/Object.o
 .comment       0x00000000       0x27 obj/default/animation.o
 .comment       0x00000000       0x27 obj/default/hardCode.o
 .comment       0x00000000       0x27 c:/altera/12.0sp2/nios2eds/bin/gnu/h-i686-mingw32/bin/../lib/gcc/nios2-elf/4.1.2/../../../../nios2-elf/lib\libm.a(lib_a-w_sqrt.o)
 .comment       0x00000000       0x27 c:/altera/12.0sp2/nios2eds/bin/gnu/h-i686-mingw32/bin/../lib/gcc/nios2-elf/4.1.2/../../../../nios2-elf/lib\libm.a(lib_a-e_sqrt.o)
 .comment       0x00000000       0x27 c:/altera/12.0sp2/nios2eds/bin/gnu/h-i686-mingw32/bin/../lib/gcc/nios2-elf/4.1.2/../../../../nios2-elf/lib\libm.a(lib_a-s_isnand.o)
 .comment       0x00000000       0x27 c:/altera/12.0sp2/nios2eds/bin/gnu/h-i686-mingw32/bin/../lib/gcc/nios2-elf/4.1.2/../../../../nios2-elf/lib\libm.a(lib_a-s_lib_ver.o)
 .comment       0x00000000       0x27 c:/altera/12.0sp2/nios2eds/bin/gnu/h-i686-mingw32/bin/../lib/gcc/nios2-elf/4.1.2/../../../../nios2-elf/lib\libm.a(lib_a-s_matherr.o)
 .comment       0x00000000       0x27 c:/altera/12.0sp2/nios2eds/bin/gnu/h-i686-mingw32/bin/../lib/gcc/nios2-elf/4.1.2\libgcc.a(_le_sf.o)
 .comment       0x00000000       0x27 c:/altera/12.0sp2/nios2eds/bin/gnu/h-i686-mingw32/bin/../lib/gcc/nios2-elf/4.1.2\libgcc.a(_si_to_sf.o)
 .comment       0x00000000       0x27 c:/altera/12.0sp2/nios2eds/bin/gnu/h-i686-mingw32/bin/../lib/gcc/nios2-elf/4.1.2\libgcc.a(_sf_to_df.o)
 .comment       0x00000000       0x27 c:/altera/12.0sp2/nios2eds/bin/gnu/h-i686-mingw32/bin/../lib/gcc/nios2-elf/4.1.2\libgcc.a(_addsub_df.o)
 .comment       0x00000000       0x27 c:/altera/12.0sp2/nios2eds/bin/gnu/h-i686-mingw32/bin/../lib/gcc/nios2-elf/4.1.2\libgcc.a(_mul_df.o)
 .comment       0x00000000       0x27 c:/altera/12.0sp2/nios2eds/bin/gnu/h-i686-mingw32/bin/../lib/gcc/nios2-elf/4.1.2\libgcc.a(_div_df.o)
 .comment       0x00000000       0x27 c:/altera/12.0sp2/nios2eds/bin/gnu/h-i686-mingw32/bin/../lib/gcc/nios2-elf/4.1.2\libgcc.a(_lt_df.o)
 .comment       0x00000000       0x27 c:/altera/12.0sp2/nios2eds/bin/gnu/h-i686-mingw32/bin/../lib/gcc/nios2-elf/4.1.2\libgcc.a(_si_to_df.o)
 .comment       0x00000000       0x27 c:/altera/12.0sp2/nios2eds/bin/gnu/h-i686-mingw32/bin/../lib/gcc/nios2-elf/4.1.2\libgcc.a(_df_to_si.o)
 .comment       0x00000000       0x27 c:/altera/12.0sp2/nios2eds/bin/gnu/h-i686-mingw32/bin/../lib/gcc/nios2-elf/4.1.2\libgcc.a(_make_df.o)
 .comment       0x00000000       0x27 c:/altera/12.0sp2/nios2eds/bin/gnu/h-i686-mingw32/bin/../lib/gcc/nios2-elf/4.1.2\libgcc.a(_df_to_sf.o)
 .comment       0x00000000       0x27 c:/altera/12.0sp2/nios2eds/bin/gnu/h-i686-mingw32/bin/../lib/gcc/nios2-elf/4.1.2\libgcc.a(_thenan_df.o)
 .comment       0x00000000       0x27 c:/altera/12.0sp2/nios2eds/bin/gnu/h-i686-mingw32/bin/../lib/gcc/nios2-elf/4.1.2\libgcc.a(lib2-divmod.o)
 .comment       0x00000000       0x27 c:/altera/12.0sp2/nios2eds/bin/gnu/h-i686-mingw32/bin/../lib/gcc/nios2-elf/4.1.2\libgcc.a(_muldi3.o)
 .comment       0x00000000       0x27 c:/altera/12.0sp2/nios2eds/bin/gnu/h-i686-mingw32/bin/../lib/gcc/nios2-elf/4.1.2\libgcc.a(_clzsi2.o)
 .comment       0x00000000       0x27 c:/altera/12.0sp2/nios2eds/bin/gnu/h-i686-mingw32/bin/../lib/gcc/nios2-elf/4.1.2\libgcc.a(_pack_sf.o)
 .comment       0x00000000       0x27 c:/altera/12.0sp2/nios2eds/bin/gnu/h-i686-mingw32/bin/../lib/gcc/nios2-elf/4.1.2\libgcc.a(_unpack_sf.o)
 .comment       0x00000000       0x27 c:/altera/12.0sp2/nios2eds/bin/gnu/h-i686-mingw32/bin/../lib/gcc/nios2-elf/4.1.2\libgcc.a(_fpcmp_parts_sf.o)
 .comment       0x00000000       0x27 c:/altera/12.0sp2/nios2eds/bin/gnu/h-i686-mingw32/bin/../lib/gcc/nios2-elf/4.1.2\libgcc.a(_make_sf.o)
 .comment       0x00000000       0x27 c:/altera/12.0sp2/nios2eds/bin/gnu/h-i686-mingw32/bin/../lib/gcc/nios2-elf/4.1.2\libgcc.a(_pack_df.o)
 .comment       0x00000000       0x27 c:/altera/12.0sp2/nios2eds/bin/gnu/h-i686-mingw32/bin/../lib/gcc/nios2-elf/4.1.2\libgcc.a(_unpack_df.o)
 .comment       0x00000000       0x27 c:/altera/12.0sp2/nios2eds/bin/gnu/h-i686-mingw32/bin/../lib/gcc/nios2-elf/4.1.2\libgcc.a(_fpcmp_parts_df.o)
 .comment       0x00000000       0x27 c:/altera/12.0sp2/nios2eds/bin/gnu/h-i686-mingw32/bin/../lib/gcc/nios2-elf/4.1.2\libgcc.a(_clz.o)
 .comment       0x00000000       0x27 c:/altera/12.0sp2/nios2eds/bin/gnu/h-i686-mingw32/bin/../lib/gcc/nios2-elf/4.1.2/../../../../nios2-elf/lib\libc.a(lib_a-errno.o)
 .comment       0x00000000       0x27 c:/altera/12.0sp2/nios2eds/bin/gnu/h-i686-mingw32/bin/../lib/gcc/nios2-elf/4.1.2/../../../../nios2-elf/lib\libc.a(lib_a-impure.o)
 .comment       0x00000000       0x27 c:/altera/12.0sp2/nios2eds/bin/gnu/h-i686-mingw32/bin/../lib/gcc/nios2-elf/4.1.2/../../../../nios2-elf/lib\libc.a(lib_a-malloc.o)
 .comment       0x00000000       0x27 c:/altera/12.0sp2/nios2eds/bin/gnu/h-i686-mingw32/bin/../lib/gcc/nios2-elf/4.1.2/../../../../nios2-elf/lib\libc.a(lib_a-mallocr.o)
 .comment       0x00000000       0x27 c:/altera/12.0sp2/nios2eds/bin/gnu/h-i686-mingw32/bin/../lib/gcc/nios2-elf/4.1.2/../../../../nios2-elf/lib\libc.a(lib_a-puts.o)
 .comment       0x00000000       0x27 c:/altera/12.0sp2/nios2eds/bin/gnu/h-i686-mingw32/bin/../lib/gcc/nios2-elf/4.1.2/../../../../nios2-elf/lib\libc.a(lib_a-rand.o)
 .comment       0x00000000       0x27 c:/altera/12.0sp2/nios2eds/bin/gnu/h-i686-mingw32/bin/../lib/gcc/nios2-elf/4.1.2/../../../../nios2-elf/lib\libc.a(lib_a-sbrkr.o)
 .comment       0x00000000       0x27 c:/altera/12.0sp2/nios2eds/bin/gnu/h-i686-mingw32/bin/../lib/gcc/nios2-elf/4.1.2/../../../../nios2-elf/lib\libc.a(lib_a-sprintf.o)
 .comment       0x00000000       0x27 c:/altera/12.0sp2/nios2eds/bin/gnu/h-i686-mingw32/bin/../lib/gcc/nios2-elf/4.1.2/../../../../nios2-elf/lib\libc.a(lib_a-strcmp.o)
 .comment       0x00000000       0x27 c:/altera/12.0sp2/nios2eds/bin/gnu/h-i686-mingw32/bin/../lib/gcc/nios2-elf/4.1.2/../../../../nios2-elf/lib\libc.a(lib_a-strcpy.o)
 .comment       0x00000000       0x27 c:/altera/12.0sp2/nios2eds/bin/gnu/h-i686-mingw32/bin/../lib/gcc/nios2-elf/4.1.2/../../../../nios2-elf/lib\libc.a(lib_a-strlen.o)