Archive member included because of file (symbol)

c:/altera/12.0sp2/nios2eds/bin/gnu/h-i686-mingw32/bin/../lib/gcc/nios2-elf/4.1.2\libgcc.a(_addsub_sf.o)
                              obj/default/Alien.o (__subsf3)
c:/altera/12.0sp2/nios2eds/bin/gnu/h-i686-mingw32/bin/../lib/gcc/nios2-elf/4.1.2\libgcc.a(_mul_sf.o)
                              obj/default/Alien.o (__mulsf3)
c:/altera/12.0sp2/nios2eds/bin/gnu/h-i686-mingw32/bin/../lib/gcc/nios2-elf/4.1.2\libgcc.a(_div_sf.o)
                              obj/default/BulletCollection.o (__divsf3)
c:/altera/12.0sp2/nios2eds/bin/gnu/h-i686-mingw32/bin/../lib/gcc/nios2-elf/4.1.2\libgcc.a(_gt_sf.o)
                              obj/default/Box3D.o (__gtsf2)
c:/altera/12.0sp2/nios2eds/bin/gnu/h-i686-mingw32/bin/../lib/gcc/nios2-elf/4.1.2\libgcc.a(_ge_sf.o)
                              obj/default/Bullet.o (__gesf2)
c:/altera/12.0sp2/nios2eds/bin/gnu/h-i686-mingw32/bin/../lib/gcc/nios2-elf/4.1.2\libgcc.a(_lt_sf.o)
                              obj/default/CursorController.o (__ltsf2)
c:/altera/12.0sp2/nios2eds/bin/gnu/h-i686-mingw32/bin/../lib/gcc/nios2-elf/4.1.2\libgcc.a(_le_sf.o)
                              obj/default/Alien.o (__lesf2)
c:/altera/12.0sp2/nios2eds/bin/gnu/h-i686-mingw32/bin/../lib/gcc/nios2-elf/4.1.2\libgcc.a(_si_to_sf.o)
                              obj/default/Alien.o (__floatsisf)
c:/altera/12.0sp2/nios2eds/bin/gnu/h-i686-mingw32/bin/../lib/gcc/nios2-elf/4.1.2\libgcc.a(_sf_to_si.o)
                              obj/default/Alien.o (__fixsfsi)
c:/altera/12.0sp2/nios2eds/bin/gnu/h-i686-mingw32/bin/../lib/gcc/nios2-elf/4.1.2\libgcc.a(_sf_to_df.o)
                              obj/default/Box3D.o (__extendsfdf2)
c:/altera/12.0sp2/nios2eds/bin/gnu/h-i686-mingw32/bin/../lib/gcc/nios2-elf/4.1.2\libgcc.a(_thenan_sf.o)
                              c:/altera/12.0sp2/nios2eds/bin/gnu/h-i686-mingw32/bin/../lib/gcc/nios2-elf/4.1.2\libgcc.a(_addsub_sf.o) (__thenan_sf)
c:/altera/12.0sp2/nios2eds/bin/gnu/h-i686-mingw32/bin/../lib/gcc/nios2-elf/4.1.2\libgcc.a(_usi_to_sf.o)
                              obj/default/Game.o (__floatunsisf)
c:/altera/12.0sp2/nios2eds/bin/gnu/h-i686-mingw32/bin/../lib/gcc/nios2-elf/4.1.2\libgcc.a(_addsub_df.o)
                              obj/default/Box3D.o (__adddf3)
c:/altera/12.0sp2/nios2eds/bin/gnu/h-i686-mingw32/bin/../lib/gcc/nios2-elf/4.1.2\libgcc.a(_mul_df.o)
                              obj/default/Box3D.o (__muldf3)
c:/altera/12.0sp2/nios2eds/bin/gnu/h-i686-mingw32/bin/../lib/gcc/nios2-elf/4.1.2\libgcc.a(_div_df.o)
                              obj/default/Bullet.o (__divdf3)
c:/altera/12.0sp2/nios2eds/bin/gnu/h-i686-mingw32/bin/../lib/gcc/nios2-elf/4.1.2\libgcc.a(_si_to_df.o)
                              obj/default/Game.o (__floatsidf)
c:/altera/12.0sp2/nios2eds/bin/gnu/h-i686-mingw32/bin/../lib/gcc/nios2-elf/4.1.2\libgcc.a(_df_to_si.o)
                              obj/default/Game.o (__fixdfsi)
c:/altera/12.0sp2/nios2eds/bin/gnu/h-i686-mingw32/bin/../lib/gcc/nios2-elf/4.1.2\libgcc.a(_make_df.o)
                              c:/altera/12.0sp2/nios2eds/bin/gnu/h-i686-mingw32/bin/../lib/gcc/nios2-elf/4.1.2\libgcc.a(_sf_to_df.o) (__make_dp)
c:/altera/12.0sp2/nios2eds/bin/gnu/h-i686-mingw32/bin/../lib/gcc/nios2-elf/4.1.2\libgcc.a(_df_to_sf.o)
                              obj/default/Box3D.o (__truncdfsf2)
c:/altera/12.0sp2/nios2eds/bin/gnu/h-i686-mingw32/bin/../lib/gcc/nios2-elf/4.1.2\libgcc.a(_thenan_df.o)
                              c:/altera/12.0sp2/nios2eds/bin/gnu/h-i686-mingw32/bin/../lib/gcc/nios2-elf/4.1.2\libgcc.a(_addsub_df.o) (__thenan_df)
c:/altera/12.0sp2/nios2eds/bin/gnu/h-i686-mingw32/bin/../lib/gcc/nios2-elf/4.1.2\libgcc.a(lib2-divmod.o)
                              obj/default/Alien.o (__modsi3)
c:/altera/12.0sp2/nios2eds/bin/gnu/h-i686-mingw32/bin/../lib/gcc/nios2-elf/4.1.2\libgcc.a(_muldi3.o)
                              c:/altera/12.0sp2/nios2eds/bin/gnu/h-i686-mingw32/bin/../lib/gcc/nios2-elf/4.1.2\libgcc.a(_mul_sf.o) (__muldi3)
c:/altera/12.0sp2/nios2eds/bin/gnu/h-i686-mingw32/bin/../lib/gcc/nios2-elf/4.1.2\libgcc.a(_clzsi2.o)
                              c:/altera/12.0sp2/nios2eds/bin/gnu/h-i686-mingw32/bin/../lib/gcc/nios2-elf/4.1.2\libgcc.a(_si_to_sf.o) (__clzsi2)
c:/altera/12.0sp2/nios2eds/bin/gnu/h-i686-mingw32/bin/../lib/gcc/nios2-elf/4.1.2\libgcc.a(_pack_sf.o)
                              c:/altera/12.0sp2/nios2eds/bin/gnu/h-i686-mingw32/bin/../lib/gcc/nios2-elf/4.1.2\libgcc.a(_addsub_sf.o) (__pack_f)
c:/altera/12.0sp2/nios2eds/bin/gnu/h-i686-mingw32/bin/../lib/gcc/nios2-elf/4.1.2\libgcc.a(_unpack_sf.o)
                              c:/altera/12.0sp2/nios2eds/bin/gnu/h-i686-mingw32/bin/../lib/gcc/nios2-elf/4.1.2\libgcc.a(_addsub_sf.o) (__unpack_f)
c:/altera/12.0sp2/nios2eds/bin/gnu/h-i686-mingw32/bin/../lib/gcc/nios2-elf/4.1.2\libgcc.a(_fpcmp_parts_sf.o)
[...]
Memory Configuration

Name             Origin             Length             Attributes
reset            0x00800000         0x00000020
sdram            0x00800020         0x007fffe0
*default*        0x00000000         0xffffffff

Linker script and memory map

LOAD ../EarthDefence_bsp//obj/HAL/src/crt0.o
LOAD obj/default/Alien.o
LOAD obj/default/AudioController.o
LOAD obj/default/BitOperations.o
LOAD obj/default/Box3D.o
LOAD obj/default/Bullet.o
LOAD obj/default/BulletCollection.o
LOAD obj/default/Button.o
LOAD obj/default/Collidable.o
LOAD obj/default/Cursor.o
LOAD obj/default/CursorController.o
LOAD obj/default/Env.o
LOAD obj/default/Frame.o
LOAD obj/default/Game.o
LOAD obj/default/GameInfo.o
LOAD obj/default/HighScoreScreen.o
LOAD obj/default/Interface.o
LOAD obj/default/KeyController.o
LOAD obj/default/Node.o
LOAD obj/default/Object.o
LOAD obj/default/QuardTree.o
LOAD obj/default/Sound.o
LOAD obj/default/SpaceShip.o
LOAD obj/default/SwitchController.o
LOAD obj/default/TowerPlacer.o
LOAD obj/default/UnitTest.o
LOAD obj/default/animation.o
LOAD obj/default/audio_ISR.o
LOAD obj/default/hardCode.o
LOAD c:/altera/12.0sp2/nios2eds/bin/gnu/h-i686-mingw32/bin/../lib/gcc/nios2-elf/4.1.2/../../../../nios2-elf/lib\libstdc++.a
LOAD c:/altera/12.0sp2/nios2eds/bin/gnu/h-i686-mingw32/bin/../lib/gcc/nios2-elf/4.1.2/../../../../nios2-elf/lib\libm.a
LOAD c:/altera/12.0sp2/nios2eds/bin/gnu/h-i686-mingw32/bin/../lib/gcc/nios2-elf/4.1.2\libgcc.a
START GROUP
LOAD c:/altera/12.0sp2/nios2eds/bin/gnu/h-i686-mingw32/bin/../lib/gcc/nios2-elf/4.1.2/../../../../nios2-elf/lib\libc.a
LOAD c:/altera/12.0sp2/nios2eds/bin/gnu/h-i686-mingw32/bin/../lib/gcc/nios2-elf/4.1.2\libgcc.a
LOAD ../EarthDefence_bsp/\libhal_bsp.a
END GROUP
LOAD c:/altera/12.0sp2/nios2eds/bin/gnu/h-i686-mingw32/bin/../lib/gcc/nios2-elf/4.1.2\libgcc.a
                0x00800000                __alt_mem_sdram = 0x800000

.entry          0x00800000       0x20
 *(.entry)
 .entry         0x00800000       0x20 ../EarthDefence_bsp//obj/HAL/src/crt0.o
                0x00800000                __reset

.exceptions     0x00800020      0x198
                0x00800020                PROVIDE (__ram_exceptions_start, ABSOLUTE (.))
                0x00800020                . = ALIGN (0x20)
 *(.irq)
 *(.exceptions.entry.label)
 .exceptions.entry.label
                0x00800020        0x0 ../EarthDefence_bsp/\libhal_bsp.a(alt_irq_entry.o)
                0x00800020                alt_irq_entry
 .exceptions.entry.label
                0x00800020        0x0 ../EarthDefence_bsp/\libhal_bsp.a(alt_exception_entry.o)
                0x00800020                alt_exception
 *(.exceptions.entry.user)
 *(.exceptions.entry)
 .exceptions.entry
                0x00800020       0x54 ../EarthDefence_bsp/\libhal_bsp.a(alt_exception_entry.o)
 *(.exceptions.irqtest.user)
 *(.exceptions.irqtest)
 .exceptions.irqtest
                0x00800074       0x10 ../EarthDefence_bsp/\libhal_bsp.a(alt_irq_entry.o)
 *(.exceptions.irqhandler.user)
 *(.exceptions.irqhandler)
 .exceptions.irqhandler
                0x00800084        0x4 ../EarthDefence_bsp/\libhal_bsp.a(alt_irq_entry.o)
 *(.exceptions.irqreturn.user)
 *(.exceptions.irqreturn)
 .exceptions.irqreturn
                0x00800088        0x4 ../EarthDefence_bsp/\libhal_bsp.a(alt_irq_entry.o)
 *(.exceptions.notirq.label)
 .exceptions.notirq.label
                0x0080008c        0x0 ../EarthDefence_bsp/\libhal_bsp.a(alt_irq_entry.o)
 *(.exceptions.notirq.user)
 *(.exceptions.notirq)
 .exceptions.notirq
                0x0080008c        0x8 ../EarthDefence_bsp/\libhal_bsp.a(alt_exception_entry.o)
 *(.exceptions.soft.user)
 *(.exceptions.soft)
 *(.exceptions.unknown.user)
 *(.exceptions.unknown)
 .exceptions.unknown
                0x00800094        0x4 ../EarthDefence_bsp/\libhal_bsp.a(alt_exception_entry.o)
 *(.exceptions.exit.label)
 .exceptions.exit.label
                0x00800098        0x0 ../EarthDefence_bsp/\libhal_bsp.a(alt_irq_entry.o)
 .exceptions.exit.label
                0x00800098        0x0 ../EarthDefence_bsp/\libhal_bsp.a(alt_exception_entry.o)
 *(.exceptions.exit.user)
 *(.exceptions.exit)
 .exceptions.exit
                0x00800098       0x54 ../EarthDefence_bsp/\libhal_bsp.a(alt_exception_entry.o)
 *(.exceptions)
 .exceptions    0x008000ec       0xcc ../EarthDefence_bsp/\libhal_bsp.a(alt_irq_handler.o)
                0x008000ec                alt_irq_handler
                0x008001b8                PROVIDE (__ram_exceptions_end, ABSOLUTE (.))
                0x00800020                PROVIDE (__flash_exceptions_start, LOADADDR (.exceptions))

.text           0x008001b8    0x28110
                0x008001b8                PROVIDE (stext, ABSOLUTE (.))
 *(.interp)
 *(.hash)
 *(.dynsym)
 *(.dynstr)
 *(.gnu.version)
 *(.gnu.version_d)
 *(.gnu.version_r)
 *(.rel.init)
 *(.rela.init)
 *(.rel.text .rel.text.* .rel.gnu.linkonce.t.*)
 *(.rela.text .rela.text.* .rela.gnu.linkonce.t.*)
 *(.rel.fini)
 *(.rela.fini)
 *(.rel.rodata .rel.rodata.* .rel.gnu.linkonce.r.*)
 *(.rela.rodata .rela.rodata.* .rela.gnu.linkonce.r.*)
 *(.rel.data .rel.data.* .rel.gnu.linkonce.d.*)
 *(.rela.data .rela.data.* .rela.gnu.linkonce.d.*)
 *(.rel.tdata .rel.tdata.* .rel.gnu.linkonce.td.*)
 *(.rela.tdata .rela.tdata.* .rela.gnu.linkonce.td.*)
 *(.rel.tbss .rel.tbss.* .rel.gnu.linkonce.tb.*)
 *(.rela.tbss .rela.tbss.* .rela.gnu.linkonce.tb.*)
 *(.rel.ctors)
 *(.rela.ctors)
 *(.rel.dtors)
 *(.rela.dtors)
 *(.rel.got)
 *(.rela.got)
 *(.rel.sdata .rel.sdata.* .rel.gnu.linkonce.s.*)
 *(.rela.sdata .rela.sdata.* .rela.gnu.linkonce.s.*)
 *(.rel.sbss .rel.sbss.* .rel.gnu.linkonce.sb.*)
 *(.rela.sbss .rela.sbss.* .rela.gnu.linkonce.sb.*)
 *(.rel.sdata2 .rel.sdata2.* .rel.gnu.linkonce.s2.*)
 *(.rela.sdata2 .rela.sdata2.* .rela.gnu.linkonce.s2.*)
 *(.rel.sbss2 .rel.sbss2.* .rel.gnu.linkonce.sb2.*)
 *(.rela.sbss2 .rela.sbss2.* .rela.gnu.linkonce.sb2.*)
 *(.rel.bss .rel.bss.* .rel.gnu.linkonce.b.*)
 *(.rela.bss .rela.bss.* .rela.gnu.linkonce.b.*)
 *(.rel.plt)
 *(.rela.plt)
 *(.rel.dyn)
 *(.init)
 *(.plt)
 *(.text .stub .text.* .gnu.linkonce.t.*)
 .text          0x008001b8       0x4c ../EarthDefence_bsp//obj/HAL/src/crt0.o
                0x008001b8                _start
 .text          0x00800204      0xb60 obj/default/Alien.o
                0x00800204                initAlien
                0x00800340                resetAlien
                0x00800468                killAlien
                0x0080050c                alienAction
                0x00800968                alienCollide
                0x00800b2c                alienPath
                0x00800b84                setAlienDirection
                0x00800c0c                followPath
 .text          0x00800d64      0x9e8 obj/default/AudioController.o
                0x00800d64                av_config_setup
                0x00800da8                initAudioController
                0x00800e34                enableAudioController
                0x00800e68                disableAudioController
                0x00800ea8                updateAudioController
                0x00800fb8                loadSound
                0x00801060                clearAudioBuffer
                0x008010c8                addToAudioBuffer
                0x0080126c                clear_dirty_buffer
                0x00801330                unloadSoundById
                0x0080143c                play_background_loop
                0x00801524                stop_background_loop
                0x00801578                playSound
                0x008015d8                playSoundById
                0x0080167c                getSoundById
 .text          0x0080174c       0x38 obj/default/BitOperations.o
                0x0080174c                isBitSet
 .text          0x00801784     0x1708 obj/default/Box3D.o
                0x00801784                initBox3D
                0x00801db8                drawBox3D
                0x00802004                killBox
                0x008020d4                updateBox3D
                0x0080227c                rotateBox3DY
                0x00802518                rotateBox3DX
                0x008027b4                rotateBox3DZ
                0x00802a48                animateBox0
                0x00802bac                animateBox1
                0x00802d1c                animateBox2
 .text          0x00802e8c     0x13d4 obj/default/Bullet.o
                0x00802e8c                initBullet
                0x00802f8c                setupBullet
                0x00802ff0                killBullet
                0x0080302c                resetBullet
                0x008030c0                bulletAction
                0x008031c8                blackHoleAction
                0x008032a8                laserAction
                0x00803580                fireAction
                0x0080373c                freezeAction
                0x0080390c                setBulletInitPosition
                0x00803a3c                shootEnemy
                0x00803ce0                bulletCollide
                0x00803df4                blackHoleCollide
                0x00803f80                laserCollide
                0x00803fa8                fireCollide
                0x008040a0                freezeCollide
                0x00804234                laserAnimate
 .text          0x00804260     0x1d18 obj/default/BulletCollection.o
                0x00804260                initBulletCollection
                0x008042cc                initBulletToWeapon1
                0x008043f8                initBulletToWeapon2
                0x00804514                initBulletToWeapon3
                0x00804664                initBulletToWeapon4
                0x008047b8                initBulletToWeapon5
                0x008048d4                killBulletCollection
                0x00804920                launchMainBullet
                0x00804a3c                launchSecondaryBullet
                0x00804bdc                nextBullet
                0x00804c2c                fire_tower1_level1
                0x00804cb0                fire_tower1_level2
                0x008051e4                fire_tower2_level1
                0x00805260                fire_tower2_level2
                0x008052e0                fire_tower3_level1
                0x00805364                fire_tower3_level2
                0x0080589c                fire_tower4_level1
                0x008058f4                fire_tower4_level2
                0x00805d18                fire_tower5_level1
                0x00805d70                fire_tower5_level2
                0x00805db8                setBulletAcceleration
                0x00805e28                setBulletVelocity
                0x00805eb0                reloadBullet
 .text          0x00805f78     0x10a0 obj/default/Button.o
                0x00805f78                initButton
                0x0080606c                killButton
                0x008060d4                dummyRedraw
                0x008060f8                setBuyButton
                0x00806194                setTxtButton
                0x00806240                drawBuyButton
                0x008062ac                drawTxtButton
                0x008064ac                buyButtonCollide
                0x0080661c                pageButtonCollide
                0x00806c98                updateStatsPage
                0x00806d8c                upgradeButtonCollide
                0x00806e28                endGameButtonCollide
                0x00806e90                startGameButtonCollide
                0x00806f08                createShip
                0x00806f68                updateView
                0x00806fa4                changePage
 .text          0x00807018      0x630 obj/default/Collidable.o
                0x00807018                initCollidable
                0x0080707c                addObjToCollide
                0x00807120                removeFromCollide
                0x00807294                distance_
                0x00807308                checkCollide
                0x008073c0                checkCollision
                0x008075ac                checkGoal
 .text          0x00807648      0xdf4 obj/default/Cursor.o
                0x00807648                initCursor
                0x008077f0                update
                0x00807a64                cursorAnimate
                0x00807bb8                memOverlap
                0x00807ce4                dragOverlap
                0x00807e10                collideCursor
                0x00807ee0                checkButtonCollision
                0x00808210                setFrameToCursor
                0x00808240                setPanelToCursor
                0x0080835c                clearPanelFromCursor
 .text          0x0080843c      0x528 obj/default/CursorController.o
                0x0080843c                initCursorController
                0x008084e4                updateCursorController
                0x00808770                mouse_movement_listener
                0x0080885c                mouse_click_listener
                0x008088c4                leftMouseReleased
                0x008088f4                leftMousePressed
 .text          0x00808964      0x4b4 obj/default/Env.o
                0x00808964                initEnv
                0x008089e0                setCursor
                0x00808a10                addToEnv
                0x00808a54                addToEnvNR
                0x00808acc                removeFromEnv
                0x00808c34                removeFromEnvOnly
                0x00808de8                addCollisionToEnv
 .text          0x00808e18     0x20f0 obj/default/Frame.o
                0x00808e18                initFrame
                0x00808ee8                initMainMenu
                0x00809528                removeFrame
                0x008095e4                initGamePanel
                0x00809964                initScoreBoard
                0x008099c4                initCtrlPanel
                0x00809de8                initStatsPanel
                0x00809f10                initMenuPanel
                0x0080a030                initMsgBoard
                0x0080a0a4                updateScoreFrame
                0x0080a158                writeMSG
                0x0080a19c                strsep_
                0x0080a304                updateMSG
                0x0080a664                clearMBoard
                0x0080a6e0                redraw
                0x0080aa34                redraw_
                0x0080abc0                redrawSBoard
                0x0080ac78                redrawCPanel
                0x0080ad1c                redrawSPanel
                0x0080adc0                redrawMPanel
                0x0080ae64                redrawMBoard
 .text          0x0080af08     0x340c obj/default/Game.o
                0x0080af08                safefree
                0x0080af50                my_alarm_callback
                0x0080b3d8                initVGA
                0x0080b470                loadSDCard
                0x0080b504                loadSDImage
                0x0080b874                loadSDImageSeq
                0x0080bbe0                backgroundImage
                0x0080bc48                displayString
                0x0080bc94                promptSDcard
                0x0080be40                main
                0x0080c7ac                starAction
                0x0080c834                checkStages
                0x0080d4f4                mainMenu
                0x0080dbe0                gameSetup
                0x0080dce4                endGame
                0x0080deec                initWeapon
                0x0080e1cc                printhex
 .text          0x0080e314      0x178 obj/default/GameInfo.o
                0x0080e314                initGameInfo
                0x0080e3a4                loadGameInfo
                0x0080e3c4                updateScoreMoney
 .text          0x0080e48c      0xf68 obj/default/HighScoreScreen.o
                0x0080e48c                initHighScore
                0x0080e564                high_score_to_string
                0x0080e5ac                add_high_score
                0x0080e660                sort_high_scores
                0x0080e788                clear_high_scores
                0x0080e888                read_high_scores
                0x0080eb44                write_high_scores
                0x0080ed28                show_high_scores
                0x0080ee44                update_input_name
                0x0080efd0                get_name_input
                0x0080f198                start_high_score_screen
 .text          0x0080f3f4       0x84 obj/default/Interface.o
                0x0080f3f4                waveLEDR
 .text          0x0080f478      0x370 obj/default/KeyController.o
                0x0080f478                initKeyController
                0x0080f4f8                addKeyListener
                0x0080f56c                removeKeyListener
                0x0080f5a8                key_ISR
                0x0080f630                wasKeyJustPressed
                0x0080f6bc                wasKeyJustReleased
                0x0080f748                isKeyDown
                0x0080f79c                isKeyUp
 .text          0x0080f7e8      0x690 obj/default/Node.o
                0x0080f7e8                initNode2D
                0x0080f978                relativePosition
                0x0080fc20                updatePos
                0x0080fc70                updateNode
                0x0080fde0                initEdge
                0x0080fe34                killEdge
 .text          0x0080fe78      0x550 obj/default/Object.o
                0x0080fe78                initObject
                0x00810038                killObject
                0x008100ac                setStats
                0x008100f4                addStats
                0x0081016c                setXY
                0x008102d0                setXY_noBound
                0x00810380                dummyCollide
                0x008103a8                dummyAction
 .text          0x008103c8      0x8f4 obj/default/QuardTree.o
                0x008103c8                initQuardTree
                0x0081047c                initRange
                0x008104f0                inBoundary
                0x008105c4                isContain
                0x00810678                insertObj
                0x00810904                query
                0x00810ac0                isCollide
                0x00810bac                clearTree
 .text          0x00810cbc      0x5fc obj/default/Sound.o
                0x00810cbc                getSoundFilenameFromId
                0x00810dbc                readInt
                0x00810edc                update_buffer_index
                0x00810f0c                loadWavSound
                0x00811248                stopSound
                0x00811278                unloadSound
 .text          0x008112b8      0x738 obj/default/SpaceShip.o
                0x008112b8                initSpaceShip
                0x008113a0                setShipProperty
                0x008115d4                killSpaceShip
                0x00811610                shipAction
                0x00811648                setWeapon
                0x008116a4                spaceShipCollide
                0x00811720                spaceShipShoot
                0x00811794                upgrade
 .text          0x008119f0      0x21c obj/default/SwitchController.o
                0x008119f0                initSwitchController
                0x00811a68                addSwitchListener
                0x00811adc                removeSwitchListener
                0x00811b18                switch_ISR
                0x00811b8c                isSwitchOff
                0x00811bcc                isSwitchOn
 .text          0x00811c0c      0x170 obj/default/TowerPlacer.o
                0x00811c0c                initTowerPlacer
                0x00811c48                stopTowerPlacement
                0x00811c80                attemptPlaceTower
                0x00811cb4                killTowerPlacer
                0x00811cd0                selectTower
                0x00811d1c                updateTowerPosition
 .text          0x00811d7c        0x0 obj/default/UnitTest.o
 .text          0x00811d7c      0xf74 obj/default/animation.o
                0x00811d7c                initAnimation
                0x00811e48                imageInDisk
                0x00811e74                killAnimation
                0x00811f18                addImage
                0x00811f98                draw
                0x008120e4                drawRec
                0x00812230                drawBox
                0x008123c8                draw_nontransparent
                0x00812614                cleanDrawing
                0x00812810                animated
                0x00812978                backgroundAnimation
                0x00812c58                getColor
                0x00812ca8                getColor555
 .text          0x00812cf0       0xc8 obj/default/audio_ISR.o
                0x00812cf0                audio_ISR
 .text          0x00812db8        0x0 obj/default/hardCode.o
 .text          0x00812db8      0x2b8 c:/altera/12.0sp2/nios2eds/bin/gnu/h-i686-mingw32/bin/../lib/gcc/nios2-elf/4.1.2\libgcc.a(_addsub_sf.o)
                0x00812f9c                __subsf3
                0x0081300c                __addsf3
 .text          0x00813070      0x1e0 c:/altera/12.0sp2/nios2eds/bin/gnu/h-i686-mingw32/bin/../lib/gcc/nios2-elf/4.1.2\libgcc.a(_mul_sf.o)
                0x00813070                __mulsf3
 .text          0x00813250      0x174 c:/altera/12.0sp2/nios2eds/bin/gnu/h-i686-mingw32/bin/../lib/gcc/nios2-elf/4.1.2\libgcc.a(_div_sf.o)
                0x00813250                __divsf3
 .text          0x008133c4       0x78 c:/altera/12.0sp2/nios2eds/bin/gnu/h-i686-mingw32/bin/../lib/gcc/nios2-elf/4.1.2\libgcc.a(_gt_sf.o)
                0x008133c4                __gtsf2
 .text          0x0081343c       0x78 c:/altera/12.0sp2/nios2eds/bin/gnu/h-i686-mingw32/bin/../lib/gcc/nios2-elf/4.1.2\libgcc.a(_ge_sf.o)
                0x0081343c                __gesf2
 .text          0x008134b4       0x78 c:/altera/12.0sp2/nios2eds/bin/gnu/h-i686-mingw32/bin/../lib/gcc/nios2-elf/4.1.2\libgcc.a(_lt_sf.o)
                0x008134b4                __ltsf2
 .text          0x0081352c       0x78 c:/altera/12.0sp2/nios2eds/bin/gnu/h-i686-mingw32/bin/../lib/gcc/nios2-elf/4.1.2\libgcc.a(_le_sf.o)
                0x0081352c                __lesf2
 .text          0x008135a4       0x98 c:/altera/12.0sp2/nios2eds/bin/gnu/h-i686-mingw32/bin/../lib/gcc/nios2-elf/4.1.2\libgcc.a(_si_to_sf.o)
                0x008135a4                __floatsisf
 .text          0x0081363c       0x94 c:/altera/12.0sp2/nios2eds/bin/gnu/h-i686-mingw32/bin/../lib/gcc/nios2-elf/4.1.2\libgcc.a(_sf_to_si.o)
                0x0081363c                __fixsfsi
 .text          0x008136d0       0x54 c:/altera/12.0sp2/nios2eds/bin/gnu/h-i686-mingw32/bin/../lib/gcc/nios2-elf/4.1.2\libgcc.a(_sf_to_df.o)
                0x008136d0                __extendsfdf2
 .text          0x00813724        0x0 c:/altera/12.0sp2/nios2eds/bin/gnu/h-i686-mingw32/bin/../lib/gcc/nios2-elf/4.1.2\libgcc.a(_thenan_sf.o)
 .text          0x00813724       0xc0 c:/altera/12.0sp2/nios2eds/bin/gnu/h-i686-mingw32/bin/../lib/gcc/nios2-elf/4.1.2\libgcc.a(_usi_to_sf.o)
                0x00813724                __floatunsisf
 .text          0x008137e4      0x504 c:/altera/12.0sp2/nios2eds/bin/gnu/h-i686-mingw32/bin/../lib/gcc/nios2-elf/4.1.2\libgcc.a(_addsub_df.o)
                0x00813bf4                __subdf3
                0x00813c74                __adddf3
 .text          0x00813ce8      0x3c4 c:/altera/12.0sp2/nios2eds/bin/gnu/h-i686-mingw32/bin/../lib/gcc/nios2-elf/4.1.2\libgcc.a(_mul_df.o)
                0x00813ce8                __muldf3
 .text          0x008140ac      0x258 c:/altera/12.0sp2/nios2eds/bin/gnu/h-i686-mingw32/bin/../lib/gcc/nios2-elf/4.1.2\libgcc.a(_div_df.o)
                0x008140ac                __divdf3
 .text          0x00814304       0xf8 c:/altera/12.0sp2/nios2eds/bin/gnu/h-i686-mingw32/bin/../lib/gcc/nios2-elf/4.1.2\libgcc.a(_si_to_df.o)
                0x00814304                __floatsidf
 .text          0x008143fc       0xd8 c:/altera/12.0sp2/nios2eds/bin/gnu/h-i686-mingw32/bin/../lib/gcc/nios2-elf/4.1.2\libgcc.a(_df_to_si.o)
                0x008143fc                __fixdfsi
 .text          0x008144d4       0x38 c:/altera/12.0sp2/nios2eds/bin/gnu/h-i686-mingw32/bin/../lib/gcc/nios2-elf/4.1.2\libgcc.a(_make_df.o)
                0x008144d4                __make_dp
 .text          0x0081450c       0x74 c:/altera/12.0sp2/nios2eds/bin/gnu/h-i686-mingw32/bin/../lib/gcc/nios2-elf/4.1.2\libgcc.a(_df_to_sf.o)
                0x0081450c                __truncdfsf2
 .text          0x00814580        0x0 c:/altera/12.0sp2/nios2eds/bin/gnu/h-i686-mingw32/bin/../lib/gcc/nios2-elf/4.1.2\libgcc.a(_thenan_df.o)
 .text          0x00814580      0x14c c:/altera/12.0sp2/nios2eds/bin/gnu/h-i686-mingw32/bin/../lib/gcc/nios2-elf/4.1.2\libgcc.a(lib2-divmod.o)
                0x008145fc                __divsi3
                0x0081465c                __modsi3
                0x008146bc                __udivsi3
                0x008146c4                __umodsi3
 .text          0x008146cc       0x98 c:/altera/12.0sp2/nios2eds/bin/gnu/h-i686-mingw32/bin/../lib/gcc/nios2-elf/4.1.2\libgcc.a(_muldi3.o)
                0x008146cc                __muldi3
 .text          0x00814764       0x80 c:/altera/12.0sp2/nios2eds/bin/gnu/h-i686-mingw32/bin/../lib/gcc/nios2-elf/4.1.2\libgcc.a(_clzsi2.o)
                0x00814764                __clzsi2
 .text          0x008147e4      0x160 c:/altera/12.0sp2/nios2eds/bin/gnu/h-i686-mingw32/bin/../lib/gcc/nios2-elf/4.1.2\libgcc.a(_pack_sf.o)
                0x008147e4                __pack_f
 .text          0x00814944       0xc8 c:/altera/12.0sp2/nios2eds/bin/gnu/h-i686-mingw32/bin/../lib/gcc/nios2-elf/4.1.2\libgcc.a(_unpack_sf.o)
                0x00814944                __unpack_f
 .text          0x00814a0c       0xa8 c:/altera/12.0sp2/nios2eds/bin/gnu/h-i686-mingw32/bin/../lib/gcc/nios2-elf/4.1.2\libgcc.a(_fpcmp_parts_sf.o)
                0x00814a0c                __fpcmp_parts_f
 .text          0x00814ab4       0x2c c:/altera/12.0sp2/nios2eds/bin/gnu/h-i686-mingw32/bin/../lib/gcc/nios2-elf/4.1.2\libgcc.a(_make_sf.o)
                0x00814ab4                __make_fp
 .text          0x00814ae0      0x314 c:/altera/12.0sp2/nios2eds/bin/gnu/h-i686-mingw32/bin/../lib/gcc/nios2-elf/4.1.2\libgcc.a(_pack_df.o)
                0x00814ae0                __pack_d
 .text          0x00814df4      0x138 c:/altera/12.0sp2/nios2eds/bin/gnu/h-i686-mingw32/bin/../lib/gcc/nios2-elf/4.1.2\libgcc.a(_unpack_df.o)
                0x00814df4                __unpack_d
 .text          0x00814f2c        0x0 c:/altera/12.0sp2/nios2eds/bin/gnu/h-i686-mingw32/bin/../lib/gcc/nios2-elf/4.1.2\libgcc.a(_clz.o)
 .text          0x00814f2c       0x18 c:/altera/12.0sp2/nios2eds/bin/gnu/h-i686-mingw32/bin/../lib/gcc/nios2-elf/4.1.2/../../../../nios2-elf/lib\libc.a(lib_a-atoi.o)
                0x00814f2c                _atoi_r
                0x00814f38                atoi
 .text          0x00814f44       0x28 c:/altera/12.0sp2/nios2eds/bin/gnu/h-i686-mingw32/bin/../lib/gcc/nios2-elf/4.1.2/../../../../nios2-elf/lib\libc.a(lib_a-malloc.o)
                0x00814f44                free
                0x00814f58                malloc
 .text          0x00814f6c      0x740 c:/altera/12.0sp2/nios2eds/bin/gnu/h-i686-mingw32/bin/../lib/gcc/nios2-elf/4.1.2/../../../../nios2-elf/lib\libc.a(lib_a-mallocr.o)
                0x00814f6c                _malloc_r
 .text          0x008156ac       0xa0 c:/altera/12.0sp2/nios2eds/bin/gnu/h-i686-mingw32/bin/../lib/gcc/nios2-elf/4.1.2/../../../../nios2-elf/lib\libc.a(lib_a-memcpy.o)
                0x008156ac                memcpy
 .text          0x0081574c       0x78 c:/altera/12.0sp2/nios2eds/bin/gnu/h-i686-mingw32/bin/../lib/gcc/nios2-elf/4.1.2/../../../../nios2-elf/lib\libc.a(lib_a-printf.o)
                0x0081574c                printf
                0x00815790                _printf_r
 .text          0x008157c4       0xb4 c:/altera/12.0sp2/nios2eds/bin/gnu/h-i686-mingw32/bin/../lib/gcc/nios2-elf/4.1.2/../../../../nios2-elf/lib\libc.a(lib_a-puts.o)
                0x008157c4                _puts_r
                0x00815864                puts
 .text          0x00815878       0x94 c:/altera/12.0sp2/nios2eds/bin/gnu/h-i686-mingw32/bin/../lib/gcc/nios2-elf/4.1.2/../../../../nios2-elf/lib\libc.a(lib_a-rand.o)
                0x00815878                srand
                0x00815894                rand
 .text          0x0081590c       0x70 c:/altera/12.0sp2/nios2eds/bin/gnu/h-i686-mingw32/bin/../lib/gcc/nios2-elf/4.1.2/../../../../nios2-elf/lib\libc.a(lib_a-sbrkr.o)
                0x0081590c                _sbrk_r
 .text          0x0081597c       0xd4 c:/altera/12.0sp2/nios2eds/bin/gnu/h-i686-mingw32/bin/../lib/gcc/nios2-elf/4.1.2/../../../../nios2-elf/lib\libc.a(lib_a-sprintf.o)
                0x0081597c                sprintf
                0x008159f0                _sprintf_r
 .text          0x00815a50       0x8c c:/altera/12.0sp2/nios2eds/bin/gnu/h-i686-mingw32/bin/../lib/gcc/nios2-elf/4.1.2/../../../../nios2-elf/lib\libc.a(lib_a-strcpy.o)
                0x00815a50                strcpy
 .text          0x00815adc       0x74 c:/altera/12.0sp2/nios2eds/bin/gnu/h-i686-mingw32/bin/../lib/gcc/nios2-elf/4.1.2/../../../../nios2-elf/lib\libc.a(lib_a-strlen.o)
                0x00815adc                strlen
 .text          0x00815b50       0xb0 c:/altera/12.0sp2/nios2eds/bin/gnu/h-i686-mingw32/bin/../lib/gcc/nios2-elf/4.1.2/../../../../nios2-elf/lib\libc.a(lib_a-strncat.o)
                0x00815b50                strncat
 .text          0x00815c00       0xbc c:/altera/12.0sp2/nios2eds/bin/gnu/h-i686-mingw32/bin/../lib/gcc/nios2-elf/4.1.2/../../../../nios2-elf/lib\libc.a(lib_a-strncpy.o)
                0x00815c00                strncpy
 .text          0x00815cbc      0x268 c:/altera/12.0sp2/nios2eds/bin/gnu/h-i686-mingw32/bin/../lib/gcc/nios2-elf/4.1.2/../../../../nios2-elf/lib\libc.a(lib_a-strtol.o)
                0x00815cbc                _strtol_r
                0x00815f00                strtol
 .text          0x00815f24     0x1f28 c:/altera/12.0sp2/nios2eds/bin/gnu/h-i686-mingw32/bin/../lib/gcc/nios2-elf/4.1.2/../../../../nios2-elf/lib\libc.a(lib_a-vfprintf.o)
                0x00815f7c                ___vfprintf_internal_r
                0x00817e28                __vfprintf_internal
 .text          0x00817e4c      0x13c c:/altera/12.0sp2/nios2eds/bin/gnu/h-i686-mingw32/bin/../lib/gcc/nios2-elf/4.1.2/../../../../nios2-elf/lib\libc.a(lib_a-wsetup.o)
                0x00817e4c                __swsetup_r
 .text          0x00817f88        0x0 c:/altera/12.0sp2/nios2eds/bin/gnu/h-i686-mingw32/bin/../lib/gcc/nios2-elf/4.1.2/../../../../nios2-elf/lib\libc.a(lib_a-ctype_.o)
 .text          0x00817f88     0x17cc c:/altera/12.0sp2/nios2eds/bin/gnu/h-i686-mingw32/bin/../lib/gcc/nios2-elf/4.1.2/../../../../nios2-elf/lib\libc.a(lib_a-dtoa.o)
                0x008181a0                _dtoa_r
 .text          0x00819754      0x230 c:/altera/12.0sp2/nios2eds/bin/gnu/h-i686-mingw32/bin/../lib/gcc/nios2-elf/4.1.2/../../../../nios2-elf/lib\libc.a(lib_a-fflush.o)
                0x00819754                _fflush_r
                0x00819950                fflush
 .text          0x00819984      0x2c0 c:/altera/12.0sp2/nios2eds/bin/gnu/h-i686-mingw32/bin/../lib/gcc/nios2-elf/4.1.2/../../../../nios2-elf/lib\libc.a(lib_a-findfp.o)
                0x008199dc                __sfp_lock_acquire
                0x008199e0                __sfp_lock_release
                0x008199e4                __sinit_lock_acquire
                0x008199e8                __sinit_lock_release
                0x008199ec                __sinit
                0x00819aa0                __fp_unlock_all
                0x00819ab8                __fp_lock_all
                0x00819ad0                _cleanup_r
                0x00819adc                _cleanup
                0x00819aec                __sfmoreglue
                0x00819b54                __sfp
 .text          0x00819c44      0x440 c:/altera/12.0sp2/nios2eds/bin/gnu/h-i686-mingw32/bin/../lib/gcc/nios2-elf/4.1.2/../../../../nios2-elf/lib\libc.a(lib_a-freer.o)
                0x00819c44                _malloc_trim_r
                0x00819d70                _free_r
 .text          0x0081a084      0x49c c:/altera/12.0sp2/nios2eds/bin/gnu/h-i686-mingw32/bin/../lib/gcc/nios2-elf/4.1.2/../../../../nios2-elf/lib\libc.a(lib_a-fvwrite.o)
                0x0081a084                __sfvwrite_r
 .text          0x0081a520      0x180 c:/altera/12.0sp2/nios2eds/bin/gnu/h-i686-mingw32/bin/../lib/gcc/nios2-elf/4.1.2/../../../../nios2-elf/lib\libc.a(lib_a-fwalk.o)
                0x0081a520                _fwalk_reent
                0x0081a5e8                _fwalk
 .text          0x0081a6a0        0x0 c:/altera/12.0sp2/nios2eds/bin/gnu/h-i686-mingw32/bin/../lib/gcc/nios2-elf/4.1.2/../../../../nios2-elf/lib\libc.a(lib_a-impure.o)
 .text          0x0081a6a0        0x0 c:/altera/12.0sp2/nios2eds/bin/gnu/h-i686-mingw32/bin/../lib/gcc/nios2-elf/4.1.2/../../../../nios2-elf/lib\libc.a(lib_a-int_errno.o)
 .text          0x0081a6a0       0xc4 c:/altera/12.0sp2/nios2eds/bin/gnu/h-i686-mingw32/bin/../lib/gcc/nios2-elf/4.1.2/../../../../nios2-elf/lib\libc.a(lib_a-locale.o)
                0x0081a6a0                __locale_charset
                0x0081a6a8                _localeconv_r
                0x0081a6b4                localeconv
                0x0081a6c4                _setlocale_r
                0x0081a748                setlocale
 .text          0x0081a764      0x194 c:/altera/12.0sp2/nios2eds/bin/gnu/h-i686-mingw32/bin/../lib/gcc/nios2-elf/4.1.2/../../../../nios2-elf/lib\libc.a(lib_a-makebuf.o)
                0x0081a764                __smakebuf_r
 .text          0x0081a8f8       0xe4 c:/altera/12.0sp2/nios2eds/bin/gnu/h-i686-mingw32/bin/../lib/gcc/nios2-elf/4.1.2/../../../../nios2-elf/lib\libc.a(lib_a-memchr.o)
                0x0081a8f8                memchr
 .text          0x0081a9dc       0xe0 c:/altera/12.0sp2/nios2eds/bin/gnu/h-i686-mingw32/bin/../lib/gcc/nios2-elf/4.1.2/../../../../nios2-elf/lib\libc.a(lib_a-memmove.o)
                0x0081a9dc                memmove
 .text          0x0081aabc       0x98 c:/altera/12.0sp2/nios2eds/bin/gnu/h-i686-mingw32/bin/../lib/gcc/nios2-elf/4.1.2/../../../../nios2-elf/lib\libc.a(lib_a-memset.o)
                0x0081aabc                memset
 .text          0x0081ab54      0xff4 c:/altera/12.0sp2/nios2eds/bin/gnu/h-i686-mingw32/bin/../lib/gcc/nios2-elf/4.1.2/../../../../nios2-elf/lib\libc.a(lib_a-mprec.o)
                0x0081ab54                _Bfree
                0x0081ab7c                __hi0bits
                0x0081abec                __lo0bits
                0x0081acb0                __mcmp
                0x0081ad10                __ulp
                0x0081ad90                __b2d
                0x0081aeb0                __ratio
                0x0081af60                _mprec_log10
                0x0081aff4                __copybits
                0x0081b04c                __any_on
                0x0081b0d4                _Balloc
                0x0081b190                __d2b
                0x0081b30c                __mdiff
                0x0081b498                __lshift
                0x0081b5e4                __multiply
                0x0081b7cc                __i2b
                0x0081b808                __multadd
                0x0081b908                __pow5mult
                0x0081ba28                __s2b
 .text          0x0081bb48      0x5f4 c:/altera/12.0sp2/nios2eds/bin/gnu/h-i686-mingw32/bin/../lib/gcc/nios2-elf/4.1.2/../../../../nios2-elf/lib\libc.a(lib_a-reallocr.o)
                0x0081bb48                _realloc_r
 .text          0x0081c13c       0x40 c:/altera/12.0sp2/nios2eds/bin/gnu/h-i686-mingw32/bin/../lib/gcc/nios2-elf/4.1.2/../../../../nios2-elf/lib\libc.a(lib_a-s_isinfd.o)
                0x0081c13c                __isinfd
 .text          0x0081c17c       0x30 c:/altera/12.0sp2/nios2eds/bin/gnu/h-i686-mingw32/bin/../lib/gcc/nios2-elf/4.1.2/../../../../nios2-elf/lib\libc.a(lib_a-s_isnand.o)
                0x0081c17c                __isnand
 .text          0x0081c1ac      0x14c c:/altera/12.0sp2/nios2eds/bin/gnu/h-i686-mingw32/bin/../lib/gcc/nios2-elf/4.1.2/../../../../nios2-elf/lib\libc.a(lib_a-stdio.o)
                0x0081c1ac                __sclose
                0x0081c1b4                __sseek
                0x0081c21c                __swrite
                0x0081c298                __sread
 .text          0x0081c2f8       0xbc c:/altera/12.0sp2/nios2eds/bin/gnu/h-i686-mingw32/bin/../lib/gcc/nios2-elf/4.1.2/../../../../nios2-elf/lib\libc.a(lib_a-strcmp.o)
                0x0081c2f8                strcmp
 .text          0x0081c3b4       0x78 c:/altera/12.0sp2/nios2eds/bin/gnu/h-i686-mingw32/bin/../lib/gcc/nios2-elf/4.1.2/../../../../nios2-elf/lib\libc.a(lib_a-writer.o)
                0x0081c3b4                _write_r
 .text          0x0081c42c       0xb4 c:/altera/12.0sp2/nios2eds/bin/gnu/h-i686-mingw32/bin/../lib/gcc/nios2-elf/4.1.2/../../../../nios2-elf/lib\libc.a(lib_a-callocr.o)
                0x0081c42c                _calloc_r
 .text          0x0081c4e0       0x70 c:/altera/12.0sp2/nios2eds/bin/gnu/h-i686-mingw32/bin/../lib/gcc/nios2-elf/4.1.2/../../../../nios2-elf/lib\libc.a(lib_a-closer.o)
                0x0081c4e0                _close_r
 .text          0x0081c550      0x124 c:/altera/12.0sp2/nios2eds/bin/gnu/h-i686-mingw32/bin/../lib/gcc/nios2-elf/4.1.2/../../../../nios2-elf/lib\libc.a(lib_a-fclose.o)
                0x0081c550                _fclose_r
                0x0081c660                fclose
 .text          0x0081c674       0x74 c:/altera/12.0sp2/nios2eds/bin/gnu/h-i686-mingw32/bin/../lib/gcc/nios2-elf/4.1.2/../../../../nios2-elf/lib\libc.a(lib_a-fstatr.o)
                0x0081c674                _fstat_r
 .text          0x0081c6e8       0x70 c:/altera/12.0sp2/nios2eds/bin/gnu/h-i686-mingw32/bin/../lib/gcc/nios2-elf/4.1.2/../../../../nios2-elf/lib\libc.a(lib_a-isattyr.o)
                0x0081c6e8                _isatty_r
 .text          0x0081c758       0x78 c:/altera/12.0sp2/nios2eds/bin/gnu/h-i686-mingw32/bin/../lib/gcc/nios2-elf/4.1.2/../../../../nios2-elf/lib\libc.a(lib_a-lseekr.o)
                0x0081c758                _lseek_r
 .text          0x0081c7d0       0x78 c:/altera/12.0sp2/nios2eds/bin/gnu/h-i686-mingw32/bin/../lib/gcc/nios2-elf/4.1.2/../../../../nios2-elf/lib\libc.a(lib_a-readr.o)
                0x0081c7d0                _read_r
 .text          0x0081c848      0x5dc c:/altera/12.0sp2/nios2eds/bin/gnu/h-i686-mingw32/bin/../lib/gcc/nios2-elf/4.1.2\libgcc.a(_udivdi3.o)
                0x0081c848                __udivdi3
 .text          0x0081ce24      0x5b0 c:/altera/12.0sp2/nios2eds/bin/gnu/h-i686-mingw32/bin/../lib/gcc/nios2-elf/4.1.2\libgcc.a(_umoddi3.o)
                0x0081ce24                __umoddi3
 .text          0x0081d3d4       0x88 c:/altera/12.0sp2/nios2eds/bin/gnu/h-i686-mingw32/bin/../lib/gcc/nios2-elf/4.1.2\libgcc.a(_eq_df.o)
                0x0081d3d4                __eqdf2
 .text          0x0081d45c       0x88 c:/altera/12.0sp2/nios2eds/bin/gnu/h-i686-mingw32/bin/../lib/gcc/nios2-elf/4.1.2\libgcc.a(_ne_df.o)
                0x0081d45c                __nedf2
 .text          0x0081d4e4       0x88 c:/altera/12.0sp2/nios2eds/bin/gnu/h-i686-mingw32/bin/../lib/gcc/nios2-elf/4.1.2\libgcc.a(_gt_df.o)
                0x0081d4e4                __gtdf2
 .text          0x0081d56c       0x88 c:/altera/12.0sp2/nios2eds/bin/gnu/h-i686-mingw32/bin/../lib/gcc/nios2-elf/4.1.2\libgcc.a(_ge_df.o)
                0x0081d56c                __gedf2
 .text          0x0081d5f4       0x88 c:/altera/12.0sp2/nios2eds/bin/gnu/h-i686-mingw32/bin/../lib/gcc/nios2-elf/4.1.2\libgcc.a(_lt_df.o)
                0x0081d5f4                __ltdf2
 .text          0x0081d67c      0x194 c:/altera/12.0sp2/nios2eds/bin/gnu/h-i686-mingw32/bin/../lib/gcc/nios2-elf/4.1.2\libgcc.a(_usi_to_df.o)
                0x0081d67c                __floatunsidf
 .text          0x0081d810       0xc8 c:/altera/12.0sp2/nios2eds/bin/gnu/h-i686-mingw32/bin/../lib/gcc/nios2-elf/4.1.2\libgcc.a(_fpcmp_parts_df.o)
                0x0081d810                __fpcmp_parts_d
 .text          0x0081d8d8      0x154 ../EarthDefence_bsp/\libhal_bsp.a(alt_alarm_start.o)
                0x0081d8d8                alt_alarm_start
 .text          0x0081da2c      0x15c ../EarthDefence_bsp/\libhal_bsp.a(alt_close.o)
                0x0081da2c                close
 .text          0x0081db88       0x2c ../EarthDefence_bsp/\libhal_bsp.a(alt_dev.o)
 .text          0x0081dbb4        0x0 ../EarthDefence_bsp/\libhal_bsp.a(alt_errno.o)
 .text          0x0081dbb4      0x134 ../EarthDefence_bsp/\libhal_bsp.a(alt_fstat.o)
                0x0081dbb4                fstat
 .text          0x0081dce8      0x1c0 ../EarthDefence_bsp/\libhal_bsp.a(alt_irq_register.o)
                0x0081dce8                alt_irq_register
 .text          0x0081dea8        0x0 ../EarthDefence_bsp/\libhal_bsp.a(alt_irq_vars.o)
 .text          0x0081dea8      0x120 ../EarthDefence_bsp/\libhal_bsp.a(alt_isatty.o)
                0x0081dea8                isatty
 .text          0x0081dfc8       0xec ../EarthDefence_bsp/\libhal_bsp.a(alt_load.o)
                0x0081dfc8                alt_load
 .text          0x0081e0b4      0x150 ../EarthDefence_bsp/\libhal_bsp.a(alt_lseek.o)
                0x0081e0b4                lseek
 .text          0x0081e204       0x6c ../EarthDefence_bsp/\libhal_bsp.a(alt_main.o)
                0x0081e204                alt_main
 .text          0x0081e270       0x40 ../EarthDefence_bsp/\libhal_bsp.a(alt_malloc_lock.o)
                0x0081e270                __malloc_lock
                0x0081e290                __malloc_unlock
 .text          0x0081e2b0      0x180 ../EarthDefence_bsp/\libhal_bsp.a(alt_read.o)
                0x0081e2b0                read
 .text          0x0081e430       0x60 ../EarthDefence_bsp/\libhal_bsp.a(alt_release_fd.o)
                0x0081e430                alt_release_fd
 .text          0x0081e490       0xbc ../EarthDefence_bsp/\libhal_bsp.a(alt_sbrk.o)
                0x0081e490                sbrk
 .text          0x0081e54c      0x1a4 ../EarthDefence_bsp/\libhal_bsp.a(alt_tick.o)
                0x0081e54c                alt_alarm_stop
                0x0081e5e4                alt_tick
 .text          0x0081e6f0       0x30 ../EarthDefence_bsp/\libhal_bsp.a(alt_usleep.o)
                0x0081e6f0                usleep
 .text          0x0081e720      0x180 ../EarthDefence_bsp/\libhal_bsp.a(alt_write.o)
                0x0081e720                write
 .text          0x0081e8a0      0x3f8 ../EarthDefence_bsp/\libhal_bsp.a(alt_sys_init.o)
                0x0081e8a0                alt_irq_init
                0x0081e8d4                alt_sys_init
 .text          0x0081ec98      0x148 ../EarthDefence_bsp/\libhal_bsp.a(altera_avalon_jtag_uart_fd.o)
                0x0081ec98                altera_avalon_jtag_uart_read_fd
                0x0081ecf0                altera_avalon_jtag_uart_write_fd
                0x0081ed48                altera_avalon_jtag_uart_close_fd
                0x0081ed90                altera_avalon_jtag_uart_ioctl_fd
 .text          0x0081ede0      0x408 ../EarthDefence_bsp/\libhal_bsp.a(altera_avalon_jtag_uart_init.o)
                0x0081ede0                altera_avalon_jtag_uart_init
                0x0081f174                altera_avalon_jtag_uart_close
 .text          0x0081f1e8       0xf4 ../EarthDefence_bsp/\libhal_bsp.a(altera_avalon_jtag_uart_ioctl.o)
                0x0081f1e8                altera_avalon_jtag_uart_ioctl
 .text          0x0081f2dc      0x224 ../EarthDefence_bsp/\libhal_bsp.a(altera_avalon_jtag_uart_read.o)
                0x0081f2dc                altera_avalon_jtag_uart_read
 .text          0x0081f500      0x240 ../EarthDefence_bsp/\libhal_bsp.a(altera_avalon_jtag_uart_write.o)
                0x0081f500                altera_avalon_jtag_uart_write
 .text          0x0081f740       0xfc ../EarthDefence_bsp/\libhal_bsp.a(altera_avalon_timer_sc.o)
                0x0081f7b4                alt_avalon_timer_sc_init
 .text          0x0081f83c      0x168 ../EarthDefence_bsp/\libhal_bsp.a(altera_avalon_timer_ts.o)
                0x0081f83c                alt_timestamp_start
                0x0081f8e0                alt_timestamp
                0x0081f97c                alt_timestamp_freq
 .text          0x0081f9a4        0x0 ../EarthDefence_bsp/\libhal_bsp.a(altera_avalon_timer_vars.o)
 .text          0x0081f9a4      0x80c ../EarthDefence_bsp/\libhal_bsp.a(altera_up_avalon_audio.o)
                0x0081f9a4                alt_up_audio_open_dev
                0x0081f9e4                alt_up_audio_enable_read_interrupt
                0x0081fa30                alt_up_audio_disable_read_interrupt
                0x0081fa80                alt_up_audio_enable_write_interrupt
                0x0081facc                alt_up_audio_disable_write_interrupt
                0x0081fb1c                alt_up_audio_read_interrupt_pending
                0x0081fb58                alt_up_audio_write_interrupt_pending
                0x0081fb94                alt_up_audio_reset_audio_core
                0x0081fc1c                alt_up_audio_read_fifo_avail
                0x0081fc8c                alt_up_audio_record_r
                0x0081fcfc                alt_up_audio_record_l
                0x0081fd6c                alt_up_audio_write_fifo_space
                0x0081fde0                alt_up_audio_play_r
                0x0081fe50                alt_up_audio_play_l
                0x0081fec0                alt_up_audio_read_fifo
                0x0081ffc4                alt_up_audio_write_fifo
                0x008200f0                alt_up_audio_read_fifo_head
                0x00820150                alt_up_audio_write_fifo_head
 .text          0x008201b0      0x788 ../EarthDefence_bsp/\libhal_bsp.a(altera_up_avalon_audio_and_video_config.o)
                0x008201b0                alt_up_av_config_open_dev
                0x00820214                alt_up_av_config_write_data
                0x00820278                alt_up_av_config_read_data
                0x00820304                alt_up_av_config_reset
                0x0082033c                alt_up_av_config_enable_interrupt
                0x00820374                alt_up_av_config_disable_interrupt
                0x008203a4                alt_up_av_config_read_acknowledge
                0x0082040c                alt_up_av_config_read_ready
                0x00820444                alt_up_av_config_write_audio_cfg_register
                0x008204f0                alt_up_av_config_read_video_cfg_register
                0x008205e8                alt_up_av_config_write_video_cfg_register
                0x008206e0                alt_up_av_config_read_DC2_cfg_register
                0x00820744                alt_up_av_config_write_DC2_cfg_register
                0x008207a8                alt_up_av_config_read_D5M_cfg_register
                0x0082080c                alt_up_av_config_write_D5M_cfg_register
                0x00820870                alt_up_av_config_read_LTM_cfg_register
                0x008208d4                alt_up_av_config_write_LTM_cfg_register
 .text          0x00820938      0x530 ../EarthDefence_bsp/\libhal_bsp.a(altera_up_avalon_character_lcd.o)
                0x00820938                get_DDRAM_addr
                0x008209b4                alt_up_character_lcd_send_cmd
                0x008209e8                alt_up_character_lcd_init
                0x00820a1c                alt_up_character_lcd_open_dev
                0x00820a5c                alt_up_character_lcd_write
                0x00820ad4                alt_up_character_lcd_string
                0x00820b4c                alt_up_character_lcd_write_fd
                0x00820b98                alt_up_character_lcd_set_cursor_pos
                0x00820c10                alt_up_character_lcd_shift_cursor
                0x00820cc0                alt_up_character_lcd_shift_display
                0x00820d70                alt_up_character_lcd_erase_pos
                0x00820e00                alt_up_character_lcd_cursor_off
                0x00820e34                alt_up_character_lcd_cursor_blink_on
 .text          0x00820e68      0x700 ../EarthDefence_bsp/\libhal_bsp.a(altera_up_avalon_ps2.o)
                0x00820e68                read_RI_bit
                0x00820e9c                read_RE_bit
                0x00820ecc                read_CE_bit
                0x00820f00                read_num_bytes_available
                0x00820f34                read_data_valid
                0x00820f68                read_data_byte
                0x00820f94                alt_up_ps2_init
                0x00821060                alt_up_ps2_enable_read_interrupt
                0x008210b4                alt_up_ps2_disable_read_interrupt
                0x0082110c                alt_up_ps2_write_data_byte
                0x00821184                alt_up_ps2_wait_for_ack
                0x008211f4                alt_up_ps2_write_data_byte_with_ack
                0x00821260                alt_up_ps2_read_data_byte_timeout
                0x00821310                alt_up_ps2_read_data_byte
                0x0082138c                alt_up_ps2_clear_fifo
                0x008213e4                alt_up_ps2_read_fd
                0x00821480                alt_up_ps2_write_fd
                0x00821528                alt_up_ps2_open_dev
 .text          0x00821568      0x304 ../EarthDefence_bsp/\libhal_bsp.a(altera_up_avalon_video_character_buffer_with_dma.o)
                0x00821568                alt_up_char_buffer_init
                0x008215ec                alt_up_char_buffer_open_dev
                0x0082162c                alt_up_char_buffer_draw
                0x008216fc                alt_up_char_buffer_string
                0x00821810                alt_up_char_buffer_clear
 .text          0x0082186c     0x156c ../EarthDefence_bsp/\libhal_bsp.a(altera_up_avalon_video_pixel_buffer_dma.o)
                0x0082186c                alt_up_pixel_buffer_dma_open_dev
                0x008218ac                alt_up_pixel_buffer_dma_draw
                0x00821a4c                alt_up_pixel_buffer_dma_change_back_buffer_address
                0x00821aa4                alt_up_pixel_buffer_dma_swap_buffers
                0x00821afc                alt_up_pixel_buffer_dma_check_swap_buffers_status
                0x00821b30                alt_up_pixel_buffer_dma_clear_screen
                0x00821c94                alt_up_pixel_buffer_dma_draw_box
                0x00822188                alt_up_pixel_buffer_dma_draw_hline
                0x008224d8                alt_up_pixel_buffer_dma_draw_vline
                0x008228a8                alt_up_pixel_buffer_dma_draw_rectangle
                0x0082296c                helper_plot_pixel
                0x00822a3c                alt_up_pixel_buffer_dma_draw_line
 .text          0x00822dd8     0x45c0 ../EarthDefence_bsp/\libhal_bsp.a(altera_up_sd_card_avalon_interface.o)
                0x00822dd8                Write_Sector_Data
                0x00822ea0                Save_Modified_Sector
                0x00822ef0                Read_Sector_Data
                0x00822fec                get_cluster_flag
                0x008230a4                mark_cluster
                0x00823188                Check_for_Master_Boot_Record
                0x00823338                Read_File_Record_At_Offset
                0x008235bc                Write_File_Record_At_Offset
                0x00823874                Check_for_DOS_FAT
                0x00823ebc                Look_for_FAT16
                0x00823fc0                filename_to_upper_case
                0x00824090                check_file_name_for_FAT16_compliance
                0x00824320                get_dir_divider_location
                0x008243e0                match_file_record_to_name_ext
                0x008246cc                get_home_directory_cluster_for_file
                0x00824be0                find_file_in_directory
                0x00825044                find_first_empty_cluster
                0x008251e8                find_first_empty_record_in_a_subdirectory
                0x00825434                find_first_empty_record_in_root_directory
                0x00825560                convert_filename_to_name_extension
                0x00825718                create_file
                0x008259ec                copy_file_record_name_to_string
                0x00825b40                alt_up_sd_card_open_dev
                0x00825c04                alt_up_sd_card_is_Present
                0x00825ccc                alt_up_sd_card_is_FAT16
                0x00825d40                alt_up_sd_card_find_first
                0x00825e14                alt_up_sd_card_find_next
                0x008261c4                alt_up_sd_card_fopen
                0x0082656c                alt_up_sd_card_set_attributes
                0x008265fc                alt_up_sd_card_get_attributes
                0x00826688                alt_up_sd_card_read
                0x00826a1c                alt_up_sd_card_write
                0x00827040                alt_up_sd_card_fclose
                0x0082720c                Read_Sector_Data_CRC
                0x00827308                Read_Sector_Data_Attempt_CRC
 .text          0x00827398      0x14c ../EarthDefence_bsp/\libhal_bsp.a(alt_busy_sleep.o)
                0x00827398                alt_busy_sleep
 .text          0x008274e4       0x44 ../EarthDefence_bsp/\libhal_bsp.a(alt_dcache_flush_all.o)
                0x008274e4                alt_dcache_flush_all
 .text          0x00827528      0x114 ../EarthDefence_bsp/\libhal_bsp.a(alt_dev_llist_insert.o)
                0x00827528                alt_dev_llist_insert
 .text          0x0082763c       0x64 ../EarthDefence_bsp/\libhal_bsp.a(alt_do_ctors.o)
                0x0082763c                _do_ctors
 .text          0x008276a0       0x64 ../EarthDefence_bsp/\libhal_bsp.a(alt_do_dtors.o)
                0x008276a0                _do_dtors
 .text          0x00827704       0x94 ../EarthDefence_bsp/\libhal_bsp.a(alt_find_dev.o)
                0x00827704                alt_find_dev
 .text          0x00827798       0x30 ../EarthDefence_bsp/\libhal_bsp.a(alt_icache_flush_all.o)
                0x00827798                alt_icache_flush_all
 .text          0x008277c8      0x13c ../EarthDefence_bsp/\libhal_bsp.a(alt_io_redirect.o)
                0x0082788c                alt_io_redirect
 .text          0x00827904        0x0 ../EarthDefence_bsp/\libhal_bsp.a(alt_irq_entry.o)
 .text          0x00827904        0x0 ../EarthDefence_bsp/\libhal_bsp.a(alt_irq_handler.o)
 .text          0x00827904      0x2c4 ../EarthDefence_bsp/\libhal_bsp.a(alt_open.o)
                0x008279e0                open
 .text          0x00827bc8       0x20 ../EarthDefence_bsp/\libhal_bsp.a(altera_nios2_qsys_irq.o)
                0x00827bc8                altera_nios2_qsys_irq_init
 .text          0x00827be8        0x0 ../EarthDefence_bsp/\libhal_bsp.a(alt_exception_entry.o)
 .text          0x00827be8      0x120 ../EarthDefence_bsp/\libhal_bsp.a(alt_find_file.o)
                0x00827be8                alt_find_file
 .text          0x00827d08       0xb8 ../EarthDefence_bsp/\libhal_bsp.a(alt_get_fd.o)
                0x00827d08                alt_get_fd
 .text          0x00827dc0       0x90 ../EarthDefence_bsp/\libhal_bsp.a(alt_icache_flush.o)
                0x00827dc0                alt_icache_flush
 .text          0x00827e50       0x14 c:/altera/12.0sp2/nios2eds/bin/gnu/h-i686-mingw32/bin/../lib/gcc/nios2-elf/4.1.2/../../../../nios2-elf/lib\libc.a(lib_a-atexit.o)
                0x00827e50                atexit
 .text          0x00827e64       0x38 c:/altera/12.0sp2/nios2eds/bin/gnu/h-i686-mingw32/bin/../lib/gcc/nios2-elf/4.1.2/../../../../nios2-elf/lib\libc.a(lib_a-exit.o)
                0x00827e64                exit
 .text          0x00827e9c       0x74 c:/altera/12.0sp2/nios2eds/bin/gnu/h-i686-mingw32/bin/../lib/gcc/nios2-elf/4.1.2/../../../../nios2-elf/lib\libc.a(lib_a-memcmp.o)
                0x00827e9c                memcmp
 .text          0x00827f10      0x134 c:/altera/12.0sp2/nios2eds/bin/gnu/h-i686-mingw32/bin/../lib/gcc/nios2-elf/4.1.2/../../../../nios2-elf/lib\libc.a(lib_a-__atexit.o)
                0x00827f10                __register_exitproc
 .text          0x00828044      0x1b4 c:/altera/12.0sp2/nios2eds/bin/gnu/h-i686-mingw32/bin/../lib/gcc/nios2-elf/4.1.2/../../../../nios2-elf/lib\libc.a(lib_a-__call_atexit.o)
                0x00828048                __call_exitprocs
 .text          0x008281f8       0x60 ../EarthDefence_bsp/\libhal_bsp.a(alt_exit.o)
                0x00828238                _exit
 *(.gnu.warning.*)
 *(.fini)
                0x00828258                PROVIDE (__etext, ABSOLUTE (.))
                0x00828258                PROVIDE (_etext, ABSOLUTE (.))
                0x00828258                PROVIDE (etext, ABSOLUTE (.))
 *(.eh_frame_hdr)
                0x00828258                . = ALIGN (0x4)
                0x00828258                PROVIDE (__preinit_array_start, ABSOLUTE (.))
 *(.preinit_array)
                0x00828258                PROVIDE (__preinit_array_end, ABSOLUTE (.))
                0x00828258                PROVIDE (__init_array_start, ABSOLUTE (.))
 *(.init_array)
                0x00828258                PROVIDE (__init_array_end, ABSOLUTE (.))
                0x00828258                PROVIDE (__fini_array_start, ABSOLUTE (.))
 *(.fini_array)
                0x00828258                PROVIDE (__fini_array_end, ABSOLUTE (.))
 *(.eh_frame)
 .eh_frame      0x00828258       0x40 c:/altera/12.0sp2/nios2eds/bin/gnu/h-i686-mingw32/bin/../lib/gcc/nios2-elf/4.1.2\libgcc.a(_udivdi3.o)
 .eh_frame      0x00828298       0x2c c:/altera/12.0sp2/nios2eds/bin/gnu/h-i686-mingw32/bin/../lib/gcc/nios2-elf/4.1.2\libgcc.a(_umoddi3.o)
                                 0x40 (size before relaxing)
 *(.gcc_except_table)
 *(.dynamic)
                0x008282c4                PROVIDE (__CTOR_LIST__, ABSOLUTE (.))
 *(.ctors)
 *(SORT(.ctors.*))
 .ctors.65535   0x008282c4        0x4 c:/altera/12.0sp2/nios2eds/bin/gnu/h-i686-mingw32/bin/../lib/gcc/nios2-elf/4.1.2/../../../../nios2-elf/lib\libc.a(lib_a-__call_atexit.o)
                0x008282c8                PROVIDE (__CTOR_END__, ABSOLUTE (.))
                0x008282c8                PROVIDE (__DTOR_LIST__, ABSOLUTE (.))
 *(.dtors)
 *(SORT(.dtors.*))
                0x008282c8                PROVIDE (__DTOR_END__, ABSOLUTE (.))
 *(.jcr)
                0x008282c8                . = ALIGN (0x4)

.rodata         0x008282c8      0xe9c
                0x008282c8                PROVIDE (__ram_rodata_start, ABSOLUTE (.))
                0x008282c8                . = ALIGN (0x4)
 *(.rodata .rodata.* .gnu.linkonce.r.*)
 .rodata        0x008282c8       0x44 obj/default/AudioController.o
 .rodata        0x0082830c       0x14 obj/default/Bullet.o
 .rodata        0x00828320       0x44 obj/default/BulletCollection.o
 .rodata        0x00828364       0x94 obj/default/Button.o
 .rodata        0x008283f8       0x44 obj/default/Collidable.o
 .rodata        0x0082843c        0xc obj/default/Cursor.o
 .rodata        0x00828448       0x28 obj/default/Env.o
 .rodata        0x00828470      0x108 obj/default/Frame.o
 .rodata        0x00828578      0x2a0 obj/default/Game.o
 .rodata        0x00828818        0x8 obj/default/GameInfo.o
 .rodata        0x00828820      0x104 obj/default/HighScoreScreen.o
 .rodata        0x00828924       0x14 obj/default/Object.o
 .rodata        0x00828938       0x48 obj/default/QuardTree.o
 .rodata        0x00828980       0x98 obj/default/Sound.o
 .rodata        0x00828a18       0x9c obj/default/SpaceShip.o
 .rodata        0x00828ab4       0x24 obj/default/animation.o
 .rodata        0x00828ad8       0x10 c:/altera/12.0sp2/nios2eds/bin/gnu/h-i686-mingw32/bin/../lib/gcc/nios2-elf/4.1.2\libgcc.a(_thenan_sf.o)
                0x00828ad8                __thenan_sf
 .rodata        0x00828ae8       0x14 c:/altera/12.0sp2/nios2eds/bin/gnu/h-i686-mingw32/bin/../lib/gcc/nios2-elf/4.1.2\libgcc.a(_thenan_df.o)
                0x00828ae8                __thenan_df
 .rodata        0x00828afc      0x100 c:/altera/12.0sp2/nios2eds/bin/gnu/h-i686-mingw32/bin/../lib/gcc/nios2-elf/4.1.2\libgcc.a(_clz.o)
                0x00828afc                __clz_tab
 .rodata.str1.4
                0x00828bfc        0x2 c:/altera/12.0sp2/nios2eds/bin/gnu/h-i686-mingw32/bin/../lib/gcc/nios2-elf/4.1.2/../../../../nios2-elf/lib\libc.a(lib_a-puts.o)
                                  0x4 (size before relaxing)
 *fill*         0x00828bfe        0x2 00
 .rodata.str1.4
                0x00828c00       0x5e c:/altera/12.0sp2/nios2eds/bin/gnu/h-i686-mingw32/bin/../lib/gcc/nios2-elf/4.1.2/../../../../nios2-elf/lib\libc.a(lib_a-vfprintf.o)
                                 0x60 (size before relaxing)
 .rodata        0x00828c5e       0x20 c:/altera/12.0sp2/nios2eds/bin/gnu/h-i686-mingw32/bin/../lib/gcc/nios2-elf/4.1.2/../../../../nios2-elf/lib\libc.a(lib_a-vfprintf.o)
 .rodata        0x00828c7e      0x281 c:/altera/12.0sp2/nios2eds/bin/gnu/h-i686-mingw32/bin/../lib/gcc/nios2-elf/4.1.2/../../../../nios2-elf/lib\libc.a(lib_a-ctype_.o)
                0x00828c7e                _ctype_
 *fill*         0x00828eff        0x1 00
 .rodata.str1.4
                0x00828f00       0x10 c:/altera/12.0sp2/nios2eds/bin/gnu/h-i686-mingw32/bin/../lib/gcc/nios2-elf/4.1.2/../../../../nios2-elf/lib\libc.a(lib_a-dtoa.o)
                                 0x14 (size before relaxing)
 .rodata.str1.4
                0x00828f10        0x2 c:/altera/12.0sp2/nios2eds/bin/gnu/h-i686-mingw32/bin/../lib/gcc/nios2-elf/4.1.2/../../../../nios2-elf/lib\libc.a(lib_a-impure.o)
                                  0x4 (size before relaxing)
 *fill*         0x00828f12        0x2 00
 .rodata.str1.4
                0x00828f14       0x10 c:/altera/12.0sp2/nios2eds/bin/gnu/h-i686-mingw32/bin/../lib/gcc/nios2-elf/4.1.2/../../../../nios2-elf/lib\libc.a(lib_a-locale.o)
                                 0x18 (size before relaxing)
 .rodata        0x00828f24       0x30 c:/altera/12.0sp2/nios2eds/bin/gnu/h-i686-mingw32/bin/../lib/gcc/nios2-elf/4.1.2/../../../../nios2-elf/lib\libc.a(lib_a-locale.o)
 .rodata        0x00828f54      0x124 c:/altera/12.0sp2/nios2eds/bin/gnu/h-i686-mingw32/bin/../lib/gcc/nios2-elf/4.1.2/../../../../nios2-elf/lib\libc.a(lib_a-mprec.o)
                0x00828f54                __mprec_tens
                0x0082901c                __mprec_bigtens
                0x00829044                __mprec_tinytens
 .rodata        0x00829078        0xc ../EarthDefence_bsp/\libhal_bsp.a(alt_dev.o)
 .rodata        0x00829084       0x10 ../EarthDefence_bsp/\libhal_bsp.a(alt_main.o)
 .rodata        0x00829094       0xb4 ../EarthDefence_bsp/\libhal_bsp.a(alt_sys_init.o)
 .rodata        0x00829148       0x1c ../EarthDefence_bsp/\libhal_bsp.a(altera_up_avalon_video_character_buffer_with_dma.o)
 *(.rodata1)
                0x00829164                . = ALIGN (0x4)
                0x00829164                PROVIDE (__ram_rodata_end, ABSOLUTE (.))
                0x008282c8                PROVIDE (__flash_rodata_start, LOADADDR (.rodata))

.rwdata         0x00829164     0x7040 load address 0x008301a4
                0x00829164                PROVIDE (__ram_rwdata_start, ABSOLUTE (.))
                0x00829164                . = ALIGN (0x4)
 *(.got.plt)
 *(.got)
 *(.data1)
 *(.data .data.* .gnu.linkonce.d.*)
 .data          0x00829164        0x0 ../EarthDefence_bsp//obj/HAL/src/crt0.o
 .data          0x00829164        0x0 obj/default/Alien.o
 .data          0x00829164        0x0 obj/default/AudioController.o
 .data          0x00829164        0x0 obj/default/BitOperations.o
 .data          0x00829164        0x0 obj/default/Box3D.o
 .data          0x00829164        0x0 obj/default/Bullet.o
 .data          0x00829164        0x0 obj/default/BulletCollection.o
 .data          0x00829164        0x0 obj/default/Button.o
 .data          0x00829164        0x0 obj/default/Collidable.o
 .data          0x00829164        0x0 obj/default/Cursor.o
 .data          0x00829164        0x0 obj/default/CursorController.o
 .data          0x00829164        0x0 obj/default/Env.o
 .data          0x00829164        0x0 obj/default/Frame.o
 .data          0x00829164        0x0 obj/default/Game.o
 .data          0x00829164        0x0 obj/default/GameInfo.o
 .data          0x00829164        0x0 obj/default/HighScoreScreen.o
 .data          0x00829164        0x0 obj/default/Interface.o
 .data          0x00829164        0x0 obj/default/KeyController.o
 .data          0x00829164        0x0 obj/default/Node.o
 .data          0x00829164        0x0 obj/default/Object.o
 .data          0x00829164        0x0 obj/default/QuardTree.o
 .data          0x00829164        0x0 obj/default/Sound.o
 .data          0x00829164        0x0 obj/default/SpaceShip.o
 .data          0x00829164        0x0 obj/default/SwitchController.o
 .data          0x00829164        0x0 obj/default/TowerPlacer.o
 .data          0x00829164        0x0 obj/default/UnitTest.o
 .data          0x00829164        0x0 obj/default/animation.o
 .data          0x00829164        0x0 obj/default/audio_ISR.o
 .data          0x00829164     0x5450 obj/default/hardCode.o
                0x00829164                explode05
                0x008292f4                explode04
                0x00829484                explode03
                0x00829614                explode02
                0x008297a4                explode01
                0x00829934                explode11
                0x00829ac4                explode12
                0x00829c54                explode13
                0x00829de4                explode14
                0x00829f74                pacman01
                0x0082a104                pacman02
                0x0082a294                pacman03
                0x0082a424                pacman04
                0x0082a5b4                earth
 .data          0x0082e5b4        0x0 c:/altera/12.0sp2/nios2eds/bin/gnu/h-i686-mingw32/bin/../lib/gcc/nios2-elf/4.1.2\libgcc.a(_addsub_sf.o)
 .data          0x0082e5b4        0x0 c:/altera/12.0sp2/nios2eds/bin/gnu/h-i686-mingw32/bin/../lib/gcc/nios2-elf/4.1.2\libgcc.a(_mul_sf.o)
 .data          0x0082e5b4        0x0 c:/altera/12.0sp2/nios2eds/bin/gnu/h-i686-mingw32/bin/../lib/gcc/nios2-elf/4.1.2\libgcc.a(_div_sf.o)
 .data          0x0082e5b4        0x0 c:/altera/12.0sp2/nios2eds/bin/gnu/h-i686-mingw32/bin/../lib/gcc/nios2-elf/4.1.2\libgcc.a(_gt_sf.o)
 .data          0x0082e5b4        0x0 c:/altera/12.0sp2/nios2eds/bin/gnu/h-i686-mingw32/bin/../lib/gcc/nios2-elf/4.1.2\libgcc.a(_ge_sf.o)
 .data          0x0082e5b4        0x0 c:/altera/12.0sp2/nios2eds/bin/gnu/h-i686-mingw32/bin/../lib/gcc/nios2-elf/4.1.2\libgcc.a(_lt_sf.o)
 .data          0x0082e5b4        0x0 c:/altera/12.0sp2/nios2eds/bin/gnu/h-i686-mingw32/bin/../lib/gcc/nios2-elf/4.1.2\libgcc.a(_le_sf.o)
 .data          0x0082e5b4        0x0 c:/altera/12.0sp2/nios2eds/bin/gnu/h-i686-mingw32/bin/../lib/gcc/nios2-elf/4.1.2\libgcc.a(_si_to_sf.o)
 .data          0x0082e5b4        0x0 c:/altera/12.0sp2/nios2eds/bin/gnu/h-i686-mingw32/bin/../lib/gcc/nios2-elf/4.1.2\libgcc.a(_sf_to_si.o)
 .data          0x0082e5b4        0x0 c:/altera/12.0sp2/nios2eds/bin/gnu/h-i686-mingw32/bin/../lib/gcc/nios2-elf/4.1.2\libgcc.a(_sf_to_df.o)
 .data          0x0082e5b4        0x0 c:/altera/12.0sp2/nios2eds/bin/gnu/h-i686-mingw32/bin/../lib/gcc/nios2-elf/4.1.2\libgcc.a(_thenan_sf.o)
 .data          0x0082e5b4        0x0 c:/altera/12.0sp2/nios2eds/bin/gnu/h-i686-mingw32/bin/../lib/gcc/nios2-elf/4.1.2\libgcc.a(_usi_to_sf.o)
 .data          0x0082e5b4        0x0 c:/altera/12.0sp2/nios2eds/bin/gnu/h-i686-mingw32/bin/../lib/gcc/nios2-elf/4.1.2\libgcc.a(_addsub_df.o)
 .data          0x0082e5b4        0x0 c:/altera/12.0sp2/nios2eds/bin/gnu/h-i686-mingw32/bin/../lib/gcc/nios2-elf/4.1.2\libgcc.a(_mul_df.o)
 .data          0x0082e5b4        0x0 c:/altera/12.0sp2/nios2eds/bin/gnu/h-i686-mingw32/bin/../lib/gcc/nios2-elf/4.1.2\libgcc.a(_div_df.o)
 .data          0x0082e5b4        0x0 c:/altera/12.0sp2/nios2eds/bin/gnu/h-i686-mingw32/bin/../lib/gcc/nios2-elf/4.1.2\libgcc.a(_si_to_df.o)
 .data          0x0082e5b4        0x0 c:/altera/12.0sp2/nios2eds/bin/gnu/h-i686-mingw32/bin/../lib/gcc/nios2-elf/4.1.2\libgcc.a(_df_to_si.o)
 .data          0x0082e5b4        0x0 c:/altera/12.0sp2/nios2eds/bin/gnu/h-i686-mingw32/bin/../lib/gcc/nios2-elf/4.1.2\libgcc.a(_make_df.o)
 .data          0x0082e5b4        0x0 c:/altera/12.0sp2/nios2eds/bin/gnu/h-i686-mingw32/bin/../lib/gcc/nios2-elf/4.1.2\libgcc.a(_df_to_sf.o)
 .data          0x0082e5b4        0x0 c:/altera/12.0sp2/nios2eds/bin/gnu/h-i686-mingw32/bin/../lib/gcc/nios2-elf/4.1.2\libgcc.a(_thenan_df.o)
 .data          0x0082e5b4        0x0 c:/altera/12.0sp2/nios2eds/bin/gnu/h-i686-mingw32/bin/../lib/gcc/nios2-elf/4.1.2\libgcc.a(lib2-divmod.o)
 .data          0x0082e5b4        0x0 c:/altera/12.0sp2/nios2eds/bin/gnu/h-i686-mingw32/bin/../lib/gcc/nios2-elf/4.1.2\libgcc.a(_muldi3.o)
 .data          0x0082e5b4        0x0 c:/altera/12.0sp2/nios2eds/bin/gnu/h-i686-mingw32/bin/../lib/gcc/nios2-elf/4.1.2\libgcc.a(_clzsi2.o)
 .data          0x0082e5b4        0x0 c:/altera/12.0sp2/nios2eds/bin/gnu/h-i686-mingw32/bin/../lib/gcc/nios2-elf/4.1.2\libgcc.a(_pack_sf.o)
 .data          0x0082e5b4        0x0 c:/altera/12.0sp2/nios2eds/bin/gnu/h-i686-mingw32/bin/../lib/gcc/nios2-elf/4.1.2\libgcc.a(_unpack_sf.o)
 .data          0x0082e5b4        0x0 c:/altera/12.0sp2/nios2eds/bin/gnu/h-i686-mingw32/bin/../lib/gcc/nios2-elf/4.1.2\libgcc.a(_fpcmp_parts_sf.o)
 .data          0x0082e5b4        0x0 c:/altera/12.0sp2/nios2eds/bin/gnu/h-i686-mingw32/bin/../lib/gcc/nios2-elf/4.1.2\libgcc.a(_make_sf.o)
 .data          0x0082e5b4        0x0 c:/altera/12.0sp2/nios2eds/bin/gnu/h-i686-mingw32/bin/../lib/gcc/nios2-elf/4.1.2\libgcc.a(_pack_df.o)
 .data          0x0082e5b4        0x0 c:/altera/12.0sp2/nios2eds/bin/gnu/h-i686-mingw32/bin/../lib/gcc/nios2-elf/4.1.2\libgcc.a(_unpack_df.o)
 .data          0x0082e5b4        0x0 c:/altera/12.0sp2/nios2eds/bin/gnu/h-i686-mingw32/bin/../lib/gcc/nios2-elf/4.1.2\libgcc.a(_clz.o)
 .data          0x0082e5b4        0x0 c:/altera/12.0sp2/nios2eds/bin/gnu/h-i686-mingw32/bin/../lib/gcc/nios2-elf/4.1.2/../../../../nios2-elf/lib\libc.a(lib_a-atoi.o)
 .data          0x0082e5b4        0x0 c:/altera/12.0sp2/nios2eds/bin/gnu/h-i686-mingw32/bin/../lib/gcc/nios2-elf/4.1.2/../../../../nios2-elf/lib\libc.a(lib_a-malloc.o)
 .data          0x0082e5b4      0x408 c:/altera/12.0sp2/nios2eds/bin/gnu/h-i686-mingw32/bin/../lib/gcc/nios2-elf/4.1.2/../../../../nios2-elf/lib\libc.a(lib_a-mallocr.o)
                0x0082e5b4                __malloc_av_
 .data          0x0082e9bc        0x0 c:/altera/12.0sp2/nios2eds/bin/gnu/h-i686-mingw32/bin/../lib/gcc/nios2-elf/4.1.2/../../../../nios2-elf/lib\libc.a(lib_a-memcpy.o)
 .data          0x0082e9bc        0x0 c:/altera/12.0sp2/nios2eds/bin/gnu/h-i686-mingw32/bin/../lib/gcc/nios2-elf/4.1.2/../../../../nios2-elf/lib\libc.a(lib_a-printf.o)
 .data          0x0082e9bc        0x0 c:/altera/12.0sp2/nios2eds/bin/gnu/h-i686-mingw32/bin/../lib/gcc/nios2-elf/4.1.2/../../../../nios2-elf/lib\libc.a(lib_a-puts.o)
 .data          0x0082e9bc        0x0 c:/altera/12.0sp2/nios2eds/bin/gnu/h-i686-mingw32/bin/../lib/gcc/nios2-elf/4.1.2/../../../../nios2-elf/lib\libc.a(lib_a-rand.o)
 .data          0x0082e9bc        0x0 c:/altera/12.0sp2/nios2eds/bin/gnu/h-i686-mingw32/bin/../lib/gcc/nios2-elf/4.1.2/../../../../nios2-elf/lib\libc.a(lib_a-sbrkr.o)
 .data          0x0082e9bc        0x0 c:/altera/12.0sp2/nios2eds/bin/gnu/h-i686-mingw32/bin/../lib/gcc/nios2-elf/4.1.2/../../../../nios2-elf/lib\libc.a(lib_a-sprintf.o)
 .data          0x0082e9bc        0x0 c:/altera/12.0sp2/nios2eds/bin/gnu/h-i686-mingw32/bin/../lib/gcc/nios2-elf/4.1.2/../../../../nios2-elf/lib\libc.a(lib_a-strcpy.o)
 .data          0x0082e9bc        0x0 c:/altera/12.0sp2/nios2eds/bin/gnu/h-i686-mingw32/bin/../lib/gcc/nios2-elf/4.1.2/../../../../nios2-elf/lib\libc.a(lib_a-strlen.o)
 .data          0x0082e9bc        0x0 c:/altera/12.0sp2/nios2eds/bin/gnu/h-i686-mingw32/bin/../lib/gcc/nios2-elf/4.1.2/../../../../nios2-elf/lib\libc.a(lib_a-strncat.o)
 .data          0x0082e9bc        0x0 c:/altera/12.0sp2/nios2eds/bin/gnu/h-i686-mingw32/bin/../lib/gcc/nios2-elf/4.1.2/../../../../nios2-elf/lib\libc.a(lib_a-strncpy.o)
 .data          0x0082e9bc        0x0 c:/altera/12.0sp2/nios2eds/bin/gnu/h-i686-mingw32/bin/../lib/gcc/nios2-elf/4.1.2/../../../../nios2-elf/lib\libc.a(lib_a-strtol.o)
 .data          0x0082e9bc        0x0 c:/altera/12.0sp2/nios2eds/bin/gnu/h-i686-mingw32/bin/../lib/gcc/nios2-elf/4.1.2/../../../../nios2-elf/lib\libc.a(lib_a-vfprintf.o)
 .data          0x0082e9bc        0x0 c:/altera/12.0sp2/nios2eds/bin/gnu/h-i686-mingw32/bin/../lib/gcc/nios2-elf/4.1.2/../../../../nios2-elf/lib\libc.a(lib_a-wsetup.o)
 .data          0x0082e9bc        0x0 c:/altera/12.0sp2/nios2eds/bin/gnu/h-i686-mingw32/bin/../lib/gcc/nios2-elf/4.1.2/../../../../nios2-elf/lib\libc.a(lib_a-ctype_.o)
 .data          0x0082e9bc        0x0 c:/altera/12.0sp2/nios2eds/bin/gnu/h-i686-mingw32/bin/../lib/gcc/nios2-elf/4.1.2/../../../../nios2-elf/lib\libc.a(lib_a-dtoa.o)
 .data          0x0082e9bc        0x0 c:/altera/12.0sp2/nios2eds/bin/gnu/h-i686-mingw32/bin/../lib/gcc/nios2-elf/4.1.2/../../../../nios2-elf/lib\libc.a(lib_a-fflush.o)
 .data          0x0082e9bc        0x0 c:/altera/12.0sp2/nios2eds/bin/gnu/h-i686-mingw32/bin/../lib/gcc/nios2-elf/4.1.2/../../../../nios2-elf/lib\libc.a(lib_a-findfp.o)
 .data          0x0082e9bc        0x0 c:/altera/12.0sp2/nios2eds/bin/gnu/h-i686-mingw32/bin/../lib/gcc/nios2-elf/4.1.2/../../../../nios2-elf/lib\libc.a(lib_a-freer.o)
 .data          0x0082e9bc        0x0 c:/altera/12.0sp2/nios2eds/bin/gnu/h-i686-mingw32/bin/../lib/gcc/nios2-elf/4.1.2/../../../../nios2-elf/lib\libc.a(lib_a-fvwrite.o)
 .data          0x0082e9bc        0x0 c:/altera/12.0sp2/nios2eds/bin/gnu/h-i686-mingw32/bin/../lib/gcc/nios2-elf/4.1.2/../../../../nios2-elf/lib\libc.a(lib_a-fwalk.o)
 .data          0x0082e9bc      0x400 c:/altera/12.0sp2/nios2eds/bin/gnu/h-i686-mingw32/bin/../lib/gcc/nios2-elf/4.1.2/../../../../nios2-elf/lib\libc.a(lib_a-impure.o)
 .data          0x0082edbc        0x0 c:/altera/12.0sp2/nios2eds/bin/gnu/h-i686-mingw32/bin/../lib/gcc/nios2-elf/4.1.2/../../../../nios2-elf/lib\libc.a(lib_a-int_errno.o)
 .data          0x0082edbc        0xc c:/altera/12.0sp2/nios2eds/bin/gnu/h-i686-mingw32/bin/../lib/gcc/nios2-elf/4.1.2/../../../../nios2-elf/lib\libc.a(lib_a-locale.o)
                0x0082edbc                __lc_ctype
 .data          0x0082edc8        0x0 c:/altera/12.0sp2/nios2eds/bin/gnu/h-i686-mingw32/bin/../lib/gcc/nios2-elf/4.1.2/../../../../nios2-elf/lib\libc.a(lib_a-makebuf.o)
 .data          0x0082edc8        0x0 c:/altera/12.0sp2/nios2eds/bin/gnu/h-i686-mingw32/bin/../lib/gcc/nios2-elf/4.1.2/../../../../nios2-elf/lib\libc.a(lib_a-memchr.o)
 .data          0x0082edc8        0x0 c:/altera/12.0sp2/nios2eds/bin/gnu/h-i686-mingw32/bin/../lib/gcc/nios2-elf/4.1.2/../../../../nios2-elf/lib\libc.a(lib_a-memmove.o)
 .data          0x0082edc8        0x0 c:/altera/12.0sp2/nios2eds/bin/gnu/h-i686-mingw32/bin/../lib/gcc/nios2-elf/4.1.2/../../../../nios2-elf/lib\libc.a(lib_a-memset.o)
 .data          0x0082edc8        0x0 c:/altera/12.0sp2/nios2eds/bin/gnu/h-i686-mingw32/bin/../lib/gcc/nios2-elf/4.1.2/../../../../nios2-elf/lib\libc.a(lib_a-mprec.o)
 .data          0x0082edc8        0x0 c:/altera/12.0sp2/nios2eds/bin/gnu/h-i686-mingw32/bin/../lib/gcc/nios2-elf/4.1.2/../../../../nios2-elf/lib\libc.a(lib_a-reallocr.o)
 .data          0x0082edc8        0x0 c:/altera/12.0sp2/nios2eds/bin/gnu/h-i686-mingw32/bin/../lib/gcc/nios2-elf/4.1.2/../../../../nios2-elf/lib\libc.a(lib_a-s_isinfd.o)
 .data          0x0082edc8        0x0 c:/altera/12.0sp2/nios2eds/bin/gnu/h-i686-mingw32/bin/../lib/gcc/nios2-elf/4.1.2/../../../../nios2-elf/lib\libc.a(lib_a-s_isnand.o)
 .data          0x0082edc8        0x0 c:/altera/12.0sp2/nios2eds/bin/gnu/h-i686-mingw32/bin/../lib/gcc/nios2-elf/4.1.2/../../../../nios2-elf/lib\libc.a(lib_a-stdio.o)
 .data          0x0082edc8        0x0 c:/altera/12.0sp2/nios2eds/bin/gnu/h-i686-mingw32/bin/../lib/gcc/nios2-elf/4.1.2/../../../../nios2-elf/lib\libc.a(lib_a-strcmp.o)
 .data          0x0082edc8        0x0 c:/altera/12.0sp2/nios2eds/bin/gnu/h-i686-mingw32/bin/../lib/gcc/nios2-elf/4.1.2/../../../../nios2-elf/lib\libc.a(lib_a-writer.o)
 .data          0x0082edc8        0x0 c:/altera/12.0sp2/nios2eds/bin/gnu/h-i686-mingw32/bin/../lib/gcc/nios2-elf/4.1.2/../../../../nios2-elf/lib\libc.a(lib_a-callocr.o)
 .data          0x0082edc8        0x0 c:/altera/12.0sp2/nios2eds/bin/gnu/h-i686-mingw32/bin/../lib/gcc/nios2-elf/4.1.2/../../../../nios2-elf/lib\libc.a(lib_a-closer.o)
 .data          0x0082edc8        0x0 c:/altera/12.0sp2/nios2eds/bin/gnu/h-i686-mingw32/bin/../lib/gcc/nios2-elf/4.1.2/../../../../nios2-elf/lib\libc.a(lib_a-fclose.o)
 .data          0x0082edc8        0x0 c:/altera/12.0sp2/nios2eds/bin/gnu/h-i686-mingw32/bin/../lib/gcc/nios2-elf/4.1.2/../../../../nios2-elf/lib\libc.a(lib_a-fstatr.o)
 .data          0x0082edc8        0x0 c:/altera/12.0sp2/nios2eds/bin/gnu/h-i686-mingw32/bin/../lib/gcc/nios2-elf/4.1.2/../../../../nios2-elf/lib\libc.a(lib_a-isattyr.o)
 .data          0x0082edc8        0x0 c:/altera/12.0sp2/nios2eds/bin/gnu/h-i686-mingw32/bin/../lib/gcc/nios2-elf/4.1.2/../../../../nios2-elf/lib\libc.a(lib_a-lseekr.o)
 .data          0x0082edc8        0x0 c:/altera/12.0sp2/nios2eds/bin/gnu/h-i686-mingw32/bin/../lib/gcc/nios2-elf/4.1.2/../../../../nios2-elf/lib\libc.a(lib_a-readr.o)
 .data          0x0082edc8        0x0 c:/altera/12.0sp2/nios2eds/bin/gnu/h-i686-mingw32/bin/../lib/gcc/nios2-elf/4.1.2\libgcc.a(_udivdi3.o)
 .data          0x0082edc8        0x0 c:/altera/12.0sp2/nios2eds/bin/gnu/h-i686-mingw32/bin/../lib/gcc/nios2-elf/4.1.2\libgcc.a(_umoddi3.o)
 .data          0x0082edc8        0x0 c:/altera/12.0sp2/nios2eds/bin/gnu/h-i686-mingw32/bin/../lib/gcc/nios2-elf/4.1.2\libgcc.a(_eq_df.o)
 .data          0x0082edc8        0x0 c:/altera/12.0sp2/nios2eds/bin/gnu/h-i686-mingw32/bin/../lib/gcc/nios2-elf/4.1.2\libgcc.a(_ne_df.o)
 .data          0x0082edc8        0x0 c:/altera/12.0sp2/nios2eds/bin/gnu/h-i686-mingw32/bin/../lib/gcc/nios2-elf/4.1.2\libgcc.a(_gt_df.o)
 .data          0x0082edc8        0x0 c:/altera/12.0sp2/nios2eds/bin/gnu/h-i686-mingw32/bin/../lib/gcc/nios2-elf/4.1.2\libgcc.a(_ge_df.o)
 .data          0x0082edc8        0x0 c:/altera/12.0sp2/nios2eds/bin/gnu/h-i686-mingw32/bin/../lib/gcc/nios2-elf/4.1.2\libgcc.a(_lt_df.o)
 .data          0x0082edc8        0x0 c:/altera/12.0sp2/nios2eds/bin/gnu/h-i686-mingw32/bin/../lib/gcc/nios2-elf/4.1.2\libgcc.a(_usi_to_df.o)
 .data          0x0082edc8        0x0 c:/altera/12.0sp2/nios2eds/bin/gnu/h-i686-mingw32/bin/../lib/gcc/nios2-elf/4.1.2\libgcc.a(_fpcmp_parts_df.o)
 .data          0x0082edc8        0x0 ../EarthDefence_bsp/\libhal_bsp.a(alt_alarm_start.o)
 .data          0x0082edc8        0x0 ../EarthDefence_bsp/\libhal_bsp.a(alt_close.o)
 .data          0x0082edc8      0x1a8 ../EarthDefence_bsp/\libhal_bsp.a(alt_dev.o)
                0x0082edc8                alt_dev_null
                0x0082edf0                alt_fd_list
 .data          0x0082ef70        0x0 ../EarthDefence_bsp/\libhal_bsp.a(alt_errno.o)
 .data          0x0082ef70        0x0 ../EarthDefence_bsp/\libhal_bsp.a(alt_fstat.o)
 .data          0x0082ef70        0x0 ../EarthDefence_bsp/\libhal_bsp.a(alt_irq_register.o)
 .data          0x0082ef70        0x0 ../EarthDefence_bsp/\libhal_bsp.a(alt_irq_vars.o)
 .data          0x0082ef70        0x0 ../EarthDefence_bsp/\libhal_bsp.a(alt_isatty.o)
 .data          0x0082ef70        0x0 ../EarthDefence_bsp/\libhal_bsp.a(alt_load.o)
 .data          0x0082ef70        0x0 ../EarthDefence_bsp/\libhal_bsp.a(alt_lseek.o)
 .data          0x0082ef70        0x0 ../EarthDefence_bsp/\libhal_bsp.a(alt_main.o)
 .data          0x0082ef70        0x0 ../EarthDefence_bsp/\libhal_bsp.a(alt_malloc_lock.o)
 .data          0x0082ef70        0x0 ../EarthDefence_bsp/\libhal_bsp.a(alt_read.o)
 .data          0x0082ef70        0x0 ../EarthDefence_bsp/\libhal_bsp.a(alt_release_fd.o)
 .data          0x0082ef70        0x0 ../EarthDefence_bsp/\libhal_bsp.a(alt_sbrk.o)
 .data          0x0082ef70        0x0 ../EarthDefence_bsp/\libhal_bsp.a(alt_tick.o)
 .data          0x0082ef70        0x0 ../EarthDefence_bsp/\libhal_bsp.a(alt_usleep.o)
 .data          0x0082ef70        0x0 ../EarthDefence_bsp/\libhal_bsp.a(alt_write.o)
 .data          0x0082ef70     0x11ec ../EarthDefence_bsp/\libhal_bsp.a(alt_sys_init.o)
 .data          0x0083015c        0x0 ../EarthDefence_bsp/\libhal_bsp.a(altera_avalon_jtag_uart_fd.o)
 .data          0x0083015c        0x0 ../EarthDefence_bsp/\libhal_bsp.a(altera_avalon_jtag_uart_init.o)
 .data          0x0083015c        0x0 ../EarthDefence_bsp/\libhal_bsp.a(altera_avalon_jtag_uart_ioctl.o)
 .data          0x0083015c        0x0 ../EarthDefence_bsp/\libhal_bsp.a(altera_avalon_jtag_uart_read.o)
 .data          0x0083015c        0x0 ../EarthDefence_bsp/\libhal_bsp.a(altera_avalon_jtag_uart_write.o)
 .data          0x0083015c        0x0 ../EarthDefence_bsp/\libhal_bsp.a(altera_avalon_timer_sc.o)
 .data          0x0083015c        0x0 ../EarthDefence_bsp/\libhal_bsp.a(altera_avalon_timer_ts.o)
 .data          0x0083015c        0x0 ../EarthDefence_bsp/\libhal_bsp.a(altera_avalon_timer_vars.o)
 .data          0x0083015c        0x0 ../EarthDefence_bsp/\libhal_bsp.a(altera_up_avalon_audio.o)
 .data          0x0083015c        0x0 ../EarthDefence_bsp/\libhal_bsp.a(altera_up_avalon_audio_and_video_config.o)
 .data          0x0083015c        0x0 ../EarthDefence_bsp/\libhal_bsp.a(altera_up_avalon_character_lcd.o)
 .data          0x0083015c        0x0 ../EarthDefence_bsp/\libhal_bsp.a(altera_up_avalon_ps2.o)
 .data          0x0083015c        0x0 ../EarthDefence_bsp/\libhal_bsp.a(altera_up_avalon_video_character_buffer_with_dma.o)
 .data          0x0083015c        0x0 ../EarthDefence_bsp/\libhal_bsp.a(altera_up_avalon_video_pixel_buffer_dma.o)
 .data          0x0083015c        0x0 ../EarthDefence_bsp/\libhal_bsp.a(altera_up_sd_card_avalon_interface.o)
 .data          0x0083015c        0x0 ../EarthDefence_bsp/\libhal_bsp.a(alt_busy_sleep.o)
 .data          0x0083015c        0x0 ../EarthDefence_bsp/\libhal_bsp.a(alt_dcache_flush_all.o)
 .data          0x0083015c        0x0 ../EarthDefence_bsp/\libhal_bsp.a(alt_dev_llist_insert.o)
 .data          0x0083015c        0x0 ../EarthDefence_bsp/\libhal_bsp.a(alt_do_ctors.o)
 .data          0x0083015c        0x0 ../EarthDefence_bsp/\libhal_bsp.a(alt_do_dtors.o)
 .data          0x0083015c        0x0 ../EarthDefence_bsp/\libhal_bsp.a(alt_find_dev.o)
 .data          0x0083015c        0x0 ../EarthDefence_bsp/\libhal_bsp.a(alt_icache_flush_all.o)
 .data          0x0083015c        0x0 ../EarthDefence_bsp/\libhal_bsp.a(alt_io_redirect.o)
 .data          0x0083015c        0x0 ../EarthDefence_bsp/\libhal_bsp.a(alt_irq_entry.o)
 .data          0x0083015c        0x0 ../EarthDefence_bsp/\libhal_bsp.a(alt_irq_handler.o)
 .data          0x0083015c        0x0 ../EarthDefence_bsp/\libhal_bsp.a(alt_open.o)
 .data          0x0083015c        0x0 ../EarthDefence_bsp/\libhal_bsp.a(altera_nios2_qsys_irq.o)
 .data          0x0083015c        0x0 ../EarthDefence_bsp/\libhal_bsp.a(alt_exception_entry.o)
 .data          0x0083015c        0x0 ../EarthDefence_bsp/\libhal_bsp.a(alt_find_file.o)
 .data          0x0083015c        0x0 ../EarthDefence_bsp/\libhal_bsp.a(alt_get_fd.o)
 .data          0x0083015c        0x0 ../EarthDefence_bsp/\libhal_bsp.a(alt_icache_flush.o)
 .data          0x0083015c        0x0 c:/altera/12.0sp2/nios2eds/bin/gnu/h-i686-mingw32/bin/../lib/gcc/nios2-elf/4.1.2/../../../../nios2-elf/lib\libc.a(lib_a-atexit.o)
 .data          0x0083015c        0x0 c:/altera/12.0sp2/nios2eds/bin/gnu/h-i686-mingw32/bin/../lib/gcc/nios2-elf/4.1.2/../../../../nios2-elf/lib\libc.a(lib_a-exit.o)
 .data          0x0083015c        0x0 c:/altera/12.0sp2/nios2eds/bin/gnu/h-i686-mingw32/bin/../lib/gcc/nios2-elf/4.1.2/../../../../nios2-elf/lib\libc.a(lib_a-memcmp.o)
 .data          0x0083015c        0x0 c:/altera/12.0sp2/nios2eds/bin/gnu/h-i686-mingw32/bin/../lib/gcc/nios2-elf/4.1.2/../../../../nios2-elf/lib\libc.a(lib_a-__atexit.o)
 .data          0x0083015c        0x0 c:/altera/12.0sp2/nios2eds/bin/gnu/h-i686-mingw32/bin/../lib/gcc/nios2-elf/4.1.2/../../../../nios2-elf/lib\libc.a(lib_a-__call_atexit.o)
 .data          0x0083015c        0x0 ../EarthDefence_bsp/\libhal_bsp.a(alt_exit.o)
                0x0083815c                _gp = ABSOLUTE ((. + 0x8000))
                0x0083815c                PROVIDE (gp, _gp)
 *(.rwdata .rwdata.*)
 *(.sdata .sdata.* .gnu.linkonce.s.*)
 .sdata         0x0083015c        0x4 obj/default/hardCode.o
                0x0083015c                star
 .sdata         0x00830160        0x8 c:/altera/12.0sp2/nios2eds/bin/gnu/h-i686-mingw32/bin/../lib/gcc/nios2-elf/4.1.2/../../../../nios2-elf/lib\libc.a(lib_a-mallocr.o)
                0x00830160                __malloc_trim_threshold
                0x00830164                __malloc_sbrk_base
 .sdata         0x00830168        0x4 c:/altera/12.0sp2/nios2eds/bin/gnu/h-i686-mingw32/bin/../lib/gcc/nios2-elf/4.1.2/../../../../nios2-elf/lib\libc.a(lib_a-ctype_.o)
                0x00830168                __ctype_ptr
 .sdata         0x0083016c        0x8 c:/altera/12.0sp2/nios2eds/bin/gnu/h-i686-mingw32/bin/../lib/gcc/nios2-elf/4.1.2/../../../../nios2-elf/lib\libc.a(lib_a-impure.o)
                0x0083016c                _impure_ptr
                0x00830170                _global_impure_ptr
 .sdata         0x00830174        0x8 c:/altera/12.0sp2/nios2eds/bin/gnu/h-i686-mingw32/bin/../lib/gcc/nios2-elf/4.1.2/../../../../nios2-elf/lib\libc.a(lib_a-locale.o)
                0x00830174                __mb_cur_max
 .sdata         0x0083017c       0x14 ../EarthDefence_bsp/\libhal_bsp.a(alt_dev.o)
                0x0083017c                alt_fs_list
                0x00830184                alt_dev_list
                0x0083018c                alt_max_fd
 .sdata         0x00830190        0x4 ../EarthDefence_bsp/\libhal_bsp.a(alt_errno.o)
                0x00830190                alt_errno
 .sdata         0x00830194        0x4 ../EarthDefence_bsp/\libhal_bsp.a(alt_irq_vars.o)
                0x00830194                alt_priority_mask
 .sdata         0x00830198        0x4 ../EarthDefence_bsp/\libhal_bsp.a(alt_sbrk.o)
 .sdata         0x0083019c        0x8 ../EarthDefence_bsp/\libhal_bsp.a(alt_tick.o)
                0x0083019c                alt_alarm_list
 *(.sdata2 .sdata2.* .gnu.linkonce.s2.*)
                0x008301a4                . = ALIGN (0x4)
                0x008301a4                _edata = ABSOLUTE (.)
                0x008301a4                PROVIDE (edata, ABSOLUTE (.))
                0x008301a4                PROVIDE (__ram_rwdata_end, ABSOLUTE (.))
                0x008301a4                PROVIDE (__flash_rwdata_start, LOADADDR (.rwdata))

.bss            0x008371e4      0x964
                0x008371e4                __bss_start = ABSOLUTE (.)
                0x008371e4                PROVIDE (__sbss_start, ABSOLUTE (.))
                0x008371e4                PROVIDE (___sbss_start, ABSOLUTE (.))
 *(.dynsbss)
 *(.sbss .sbss.* .gnu.linkonce.sb.*)
 .sbss          0x008371e4        0x4 obj/default/Alien.o
                0x008371e4                char_buffer
 .sbss          0x008371e8        0x3 obj/default/CursorController.o
                0x008371e8                byte2
                0x008371e9                byte3
                0x008371ea                byte1
 *fill*         0x008371eb        0x1 00
 .sbss          0x008371ec       0x4c obj/default/Game.o
                0x008371ec                lock
                0x008371f0                weapon1_lvl2
                0x008371f4                swap
                0x008371f8                weapon4_lvl1
                0x008371fc                weapon2_lvl2
                0x00837200                audioController
                0x00837204                weapon2_lvl1
                0x00837208                char_lcd_dev
                0x0083720c                weapon3_lvl1
                0x00837210                cameraX
                0x00837214                weapon4_lvl2
                0x00837218                weapon5_lvl2
                0x0083721c                weapon5_lvl1
                0x00837220                ps2
                0x00837224                cameraZ
                0x00837228                pixel_buffer
                0x0083722c                weapon3_lvl2
                0x00837230                weapon1_lvl1
                0x00837234                cameraY
 .sbss          0x00837238        0xc c:/altera/12.0sp2/nios2eds/bin/gnu/h-i686-mingw32/bin/../lib/gcc/nios2-elf/4.1.2/../../../../nios2-elf/lib\libc.a(lib_a-mallocr.o)
                0x00837238                __malloc_top_pad
                0x0083723c                __malloc_max_sbrked_mem
                0x00837240                __malloc_max_total_mem
 .sbss          0x00837244        0x4 c:/altera/12.0sp2/nios2eds/bin/gnu/h-i686-mingw32/bin/../lib/gcc/nios2-elf/4.1.2/../../../../nios2-elf/lib\libc.a(lib_a-int_errno.o)
                0x00837244                errno
 .sbss          0x00837248        0xc c:/altera/12.0sp2/nios2eds/bin/gnu/h-i686-mingw32/bin/../lib/gcc/nios2-elf/4.1.2/../../../../nios2-elf/lib\libc.a(lib_a-locale.o)
                0x00837248                __nlocale_changed
                0x0083724c                __mlocale_changed
                0x00837250                _PathLocale
 .sbss          0x00837254        0x4 ../EarthDefence_bsp/\libhal_bsp.a(alt_irq_vars.o)
                0x00837254                alt_irq_active
 .sbss          0x00837258        0xc ../EarthDefence_bsp/\libhal_bsp.a(alt_main.o)
                0x00837258                alt_argc
                0x0083725c                alt_argv
                0x00837260                alt_envp
 .sbss          0x00837264        0x8 ../EarthDefence_bsp/\libhal_bsp.a(alt_tick.o)
                0x00837264                _alt_tick_rate
                0x00837268                _alt_nticks
 .sbss          0x0083726c        0x8 ../EarthDefence_bsp/\libhal_bsp.a(altera_avalon_timer_vars.o)
                0x0083726c                altera_avalon_timer_ts_base
                0x00837270                altera_avalon_timer_ts_freq
 .sbss          0x00837274       0x34 ../EarthDefence_bsp/\libhal_bsp.a(altera_up_sd_card_avalon_interface.o)
                0x00837274                initialized
                0x00837278                is_sd_card_formated_as_FAT16
                0x0083727c                aux_status_register
                0x00837280                status_register
                0x00837284                CSD_register_w0
                0x00837288                command_register
                0x0083728c                command_argument_register
                0x00837290                buffer_memory
                0x00837294                fat_partition_offset_in_512_byte_sectors
                0x00837298                fat_partition_size_in_512_byte_sectors
                0x0083729c                device_pointer
                0x008372a0                current_sector_modified
                0x008372a4                current_sector_index
 *(.sbss2 .sbss2.* .gnu.linkonce.sb2.*)
 *(.scommon)
                0x008372a8                PROVIDE (__sbss_end, ABSOLUTE (.))
                0x008372a8                PROVIDE (___sbss_end, ABSOLUTE (.))
 *(.dynbss)
 *(.bss .bss.* .gnu.linkonce.b.*)
 .bss           0x008372a8        0x0 ../EarthDefence_bsp//obj/HAL/src/crt0.o
 .bss           0x008372a8        0x0 obj/default/Alien.o
 .bss           0x008372a8        0x0 obj/default/AudioController.o
 .bss           0x008372a8        0x0 obj/default/BitOperations.o
 .bss           0x008372a8        0x0 obj/default/Box3D.o
 .bss           0x008372a8        0x0 obj/default/Bullet.o
 .bss           0x008372a8        0x0 obj/default/BulletCollection.o