Archive member included because of file (symbol)

c:/altera/12.0sp2/nios2eds/bin/gnu/h-i686-mingw32/bin/../lib/gcc/nios2-elf/4.1.2/../../../../nios2-elf/lib\libm.a(lib_a-w_sqrt.o)
                              obj/default/Game.o (sqrt)
c:/altera/12.0sp2/nios2eds/bin/gnu/h-i686-mingw32/bin/../lib/gcc/nios2-elf/4.1.2/../../../../nios2-elf/lib\libm.a(lib_a-e_sqrt.o)
                              c:/altera/12.0sp2/nios2eds/bin/gnu/h-i686-mingw32/bin/../lib/gcc/nios2-elf/4.1.2/../../../../nios2-elf/lib\libm.a(lib_a-w_sqrt.o) (__ieee754_sqrt)
c:/altera/12.0sp2/nios2eds/bin/gnu/h-i686-mingw32/bin/../lib/gcc/nios2-elf/4.1.2/../../../../nios2-elf/lib\libm.a(lib_a-s_isnand.o)
                              c:/altera/12.0sp2/nios2eds/bin/gnu/h-i686-mingw32/bin/../lib/gcc/nios2-elf/4.1.2/../../../../nios2-elf/lib\libm.a(lib_a-w_sqrt.o) (__isnand)
c:/altera/12.0sp2/nios2eds/bin/gnu/h-i686-mingw32/bin/../lib/gcc/nios2-elf/4.1.2/../../../../nios2-elf/lib\libm.a(lib_a-s_lib_ver.o)
                              c:/altera/12.0sp2/nios2eds/bin/gnu/h-i686-mingw32/bin/../lib/gcc/nios2-elf/4.1.2/../../../../nios2-elf/lib\libm.a(lib_a-w_sqrt.o) (__fdlib_version)
c:/altera/12.0sp2/nios2eds/bin/gnu/h-i686-mingw32/bin/../lib/gcc/nios2-elf/4.1.2/../../../../nios2-elf/lib\libm.a(lib_a-s_matherr.o)
                              c:/altera/12.0sp2/nios2eds/bin/gnu/h-i686-mingw32/bin/../lib/gcc/nios2-elf/4.1.2/../../../../nios2-elf/lib\libm.a(lib_a-w_sqrt.o) (matherr)
c:/altera/12.0sp2/nios2eds/bin/gnu/h-i686-mingw32/bin/../lib/gcc/nios2-elf/4.1.2\libgcc.a(_le_sf.o)
                              obj/default/Game.o (__lesf2)
c:/altera/12.0sp2/nios2eds/bin/gnu/h-i686-mingw32/bin/../lib/gcc/nios2-elf/4.1.2\libgcc.a(_si_to_sf.o)
                              obj/default/Game.o (__floatsisf)
c:/altera/12.0sp2/nios2eds/bin/gnu/h-i686-mingw32/bin/../lib/gcc/nios2-elf/4.1.2\libgcc.a(_sf_to_df.o)
                              obj/default/Game.o (__extendsfdf2)
c:/altera/12.0sp2/nios2eds/bin/gnu/h-i686-mingw32/bin/../lib/gcc/nios2-elf/4.1.2\libgcc.a(_addsub_df.o)
                              c:/altera/12.0sp2/nios2eds/bin/gnu/h-i686-mingw32/bin/../lib/gcc/nios2-elf/4.1.2/../../../../nios2-elf/lib\libm.a(lib_a-e_sqrt.o) (__subdf3)
c:/altera/12.0sp2/nios2eds/bin/gnu/h-i686-mingw32/bin/../lib/gcc/nios2-elf/4.1.2\libgcc.a(_mul_df.o)
                              c:/altera/12.0sp2/nios2eds/bin/gnu/h-i686-mingw32/bin/../lib/gcc/nios2-elf/4.1.2/../../../../nios2-elf/lib\libm.a(lib_a-e_sqrt.o) (__muldf3)
c:/altera/12.0sp2/nios2eds/bin/gnu/h-i686-mingw32/bin/../lib/gcc/nios2-elf/4.1.2\libgcc.a(_div_df.o)
                              c:/altera/12.0sp2/nios2eds/bin/gnu/h-i686-mingw32/bin/../lib/gcc/nios2-elf/4.1.2/../../../../nios2-elf/lib\libm.a(lib_a-w_sqrt.o) (__divdf3)
c:/altera/12.0sp2/nios2eds/bin/gnu/h-i686-mingw32/bin/../lib/gcc/nios2-elf/4.1.2\libgcc.a(_lt_df.o)
                              c:/altera/12.0sp2/nios2eds/bin/gnu/h-i686-mingw32/bin/../lib/gcc/nios2-elf/4.1.2/../../../../nios2-elf/lib\libm.a(lib_a-w_sqrt.o) (__ltdf2)
c:/altera/12.0sp2/nios2eds/bin/gnu/h-i686-mingw32/bin/../lib/gcc/nios2-elf/4.1.2\libgcc.a(_make_df.o)
                              c:/altera/12.0sp2/nios2eds/bin/gnu/h-i686-mingw32/bin/../lib/gcc/nios2-elf/4.1.2\libgcc.a(_sf_to_df.o) (__make_dp)
c:/altera/12.0sp2/nios2eds/bin/gnu/h-i686-mingw32/bin/../lib/gcc/nios2-elf/4.1.2\libgcc.a(_df_to_sf.o)
                              obj/default/Game.o (__truncdfsf2)
c:/altera/12.0sp2/nios2eds/bin/gnu/h-i686-mingw32/bin/../lib/gcc/nios2-elf/4.1.2\libgcc.a(_thenan_df.o)
                              c:/altera/12.0sp2/nios2eds/bin/gnu/h-i686-mingw32/bin/../lib/gcc/nios2-elf/4.1.2\libgcc.a(_addsub_df.o) (__thenan_df)
c:/altera/12.0sp2/nios2eds/bin/gnu/h-i686-mingw32/bin/../lib/gcc/nios2-elf/4.1.2\libgcc.a(lib2-divmod.o)
                              obj/default/Game.o (__modsi3)
c:/altera/12.0sp2/nios2eds/bin/gnu/h-i686-mingw32/bin/../lib/gcc/nios2-elf/4.1.2\libgcc.a(_muldi3.o)
                              c:/altera/12.0sp2/nios2eds/bin/gnu/h-i686-mingw32/bin/../lib/gcc/nios2-elf/4.1.2\libgcc.a(_mul_df.o) (__muldi3)
c:/altera/12.0sp2/nios2eds/bin/gnu/h-i686-mingw32/bin/../lib/gcc/nios2-elf/4.1.2\libgcc.a(_clzsi2.o)
                              c:/altera/12.0sp2/nios2eds/bin/gnu/h-i686-mingw32/bin/../lib/gcc/nios2-elf/4.1.2\libgcc.a(_si_to_sf.o) (__clzsi2)
c:/altera/12.0sp2/nios2eds/bin/gnu/h-i686-mingw32/bin/../lib/gcc/nios2-elf/4.1.2\libgcc.a(_pack_sf.o)
                              c:/altera/12.0sp2/nios2eds/bin/gnu/h-i686-mingw32/bin/../lib/gcc/nios2-elf/4.1.2\libgcc.a(_si_to_sf.o) (__pack_f)
c:/altera/12.0sp2/nios2eds/bin/gnu/h-i686-mingw32/bin/../lib/gcc/nios2-elf/4.1.2\libgcc.a(_unpack_sf.o)
                              c:/altera/12.0sp2/nios2eds/bin/gnu/h-i686-mingw32/bin/../lib/gcc/nios2-elf/4.1.2\libgcc.a(_le_sf.o) (__unpack_f)
[...]
Memory Configuration

Name             Origin             Length             Attributes
reset            0x00800000         0x00000020
sdram            0x00800020         0x007fffe0
*default*        0x00000000         0xffffffff

Linker script and memory map

LOAD ../TowerDefence_bsp//obj/HAL/src/crt0.o
LOAD obj/default/Env.o
LOAD obj/default/Game.o
LOAD obj/default/Object.o
LOAD obj/default/animation.o
LOAD obj/default/hardCode.o
LOAD c:/altera/12.0sp2/nios2eds/bin/gnu/h-i686-mingw32/bin/../lib/gcc/nios2-elf/4.1.2/../../../../nios2-elf/lib\libstdc++.a
LOAD c:/altera/12.0sp2/nios2eds/bin/gnu/h-i686-mingw32/bin/../lib/gcc/nios2-elf/4.1.2/../../../../nios2-elf/lib\libm.a
LOAD c:/altera/12.0sp2/nios2eds/bin/gnu/h-i686-mingw32/bin/../lib/gcc/nios2-elf/4.1.2\libgcc.a
START GROUP
LOAD c:/altera/12.0sp2/nios2eds/bin/gnu/h-i686-mingw32/bin/../lib/gcc/nios2-elf/4.1.2/../../../../nios2-elf/lib\libc.a
LOAD c:/altera/12.0sp2/nios2eds/bin/gnu/h-i686-mingw32/bin/../lib/gcc/nios2-elf/4.1.2\libgcc.a
LOAD ../TowerDefence_bsp/\libhal_bsp.a
END GROUP
LOAD c:/altera/12.0sp2/nios2eds/bin/gnu/h-i686-mingw32/bin/../lib/gcc/nios2-elf/4.1.2\libgcc.a
                0x00800000                __alt_mem_sdram = 0x800000

.entry          0x00800000       0x20
 *(.entry)
 .entry         0x00800000       0x20 ../TowerDefence_bsp//obj/HAL/src/crt0.o
                0x00800000                __reset

.exceptions     0x00800020      0x194
                0x00800020                PROVIDE (__ram_exceptions_start, ABSOLUTE (.))
                0x00800020                . = ALIGN (0x20)
 *(.irq)
 *(.exceptions.entry.label)
 .exceptions.entry.label
                0x00800020        0x0 ../TowerDefence_bsp/\libhal_bsp.a(alt_irq_entry.o)
                0x00800020                alt_irq_entry
 .exceptions.entry.label
                0x00800020        0x0 ../TowerDefence_bsp/\libhal_bsp.a(alt_exception_entry.o)
                0x00800020                alt_exception
 *(.exceptions.entry.user)
 *(.exceptions.entry)
 .exceptions.entry
                0x00800020       0x54 ../TowerDefence_bsp/\libhal_bsp.a(alt_exception_entry.o)
 *(.exceptions.irqtest.user)
 *(.exceptions.irqtest)
 .exceptions.irqtest
                0x00800074       0x10 ../TowerDefence_bsp/\libhal_bsp.a(alt_irq_entry.o)
 *(.exceptions.irqhandler.user)
 *(.exceptions.irqhandler)
 .exceptions.irqhandler
                0x00800084        0x4 ../TowerDefence_bsp/\libhal_bsp.a(alt_irq_entry.o)
 *(.exceptions.irqreturn.user)
 *(.exceptions.irqreturn)
 .exceptions.irqreturn
                0x00800088        0x4 ../TowerDefence_bsp/\libhal_bsp.a(alt_irq_entry.o)
 *(.exceptions.notirq.label)
 .exceptions.notirq.label
                0x0080008c        0x0 ../TowerDefence_bsp/\libhal_bsp.a(alt_irq_entry.o)
 *(.exceptions.notirq.user)
 *(.exceptions.notirq)
 .exceptions.notirq
                0x0080008c        0x8 ../TowerDefence_bsp/\libhal_bsp.a(alt_exception_entry.o)
 *(.exceptions.soft.user)
 *(.exceptions.soft)
 *(.exceptions.unknown.user)
 *(.exceptions.unknown)
 .exceptions.unknown
                0x00800094        0x4 ../TowerDefence_bsp/\libhal_bsp.a(alt_exception_entry.o)
 *(.exceptions.exit.label)
 .exceptions.exit.label
                0x00800098        0x0 ../TowerDefence_bsp/\libhal_bsp.a(alt_irq_entry.o)
 .exceptions.exit.label
                0x00800098        0x0 ../TowerDefence_bsp/\libhal_bsp.a(alt_exception_entry.o)
 *(.exceptions.exit.user)
 *(.exceptions.exit)
 .exceptions.exit
                0x00800098       0x54 ../TowerDefence_bsp/\libhal_bsp.a(alt_exception_entry.o)
 *(.exceptions)
 .exceptions    0x008000ec       0xc8 ../TowerDefence_bsp/\libhal_bsp.a(alt_irq_handler.o)
                0x008000ec                alt_irq_handler
                0x008001b4                PROVIDE (__ram_exceptions_end, ABSOLUTE (.))
                0x00800020                PROVIDE (__flash_exceptions_start, LOADADDR (.exceptions))

.text           0x008001b4     0xe8bc
                0x008001b4                PROVIDE (stext, ABSOLUTE (.))
 *(.interp)
 *(.hash)
 *(.dynsym)
 *(.dynstr)
 *(.gnu.version)
 *(.gnu.version_d)
 *(.gnu.version_r)
 *(.rel.init)
 *(.rela.init)
 *(.rel.text .rel.text.* .rel.gnu.linkonce.t.*)
 *(.rela.text .rela.text.* .rela.gnu.linkonce.t.*)
 *(.rel.fini)
 *(.rela.fini)
 *(.rel.rodata .rel.rodata.* .rel.gnu.linkonce.r.*)
 *(.rela.rodata .rela.rodata.* .rela.gnu.linkonce.r.*)
 *(.rel.data .rel.data.* .rel.gnu.linkonce.d.*)
 *(.rela.data .rela.data.* .rela.gnu.linkonce.d.*)
 *(.rel.tdata .rel.tdata.* .rel.gnu.linkonce.td.*)
 *(.rela.tdata .rela.tdata.* .rela.gnu.linkonce.td.*)
 *(.rel.tbss .rel.tbss.* .rel.gnu.linkonce.tb.*)
 *(.rela.tbss .rela.tbss.* .rela.gnu.linkonce.tb.*)
 *(.rel.ctors)
 *(.rela.ctors)
 *(.rel.dtors)
 *(.rela.dtors)
 *(.rel.got)
 *(.rela.got)
 *(.rel.sdata .rel.sdata.* .rel.gnu.linkonce.s.*)
 *(.rela.sdata .rela.sdata.* .rela.gnu.linkonce.s.*)
 *(.rel.sbss .rel.sbss.* .rel.gnu.linkonce.sb.*)
 *(.rela.sbss .rela.sbss.* .rela.gnu.linkonce.sb.*)
 *(.rel.sdata2 .rel.sdata2.* .rel.gnu.linkonce.s2.*)
 *(.rela.sdata2 .rela.sdata2.* .rela.gnu.linkonce.s2.*)
 *(.rel.sbss2 .rel.sbss2.* .rel.gnu.linkonce.sb2.*)
 *(.rela.sbss2 .rela.sbss2.* .rela.gnu.linkonce.sb2.*)
 *(.rel.bss .rel.bss.* .rel.gnu.linkonce.b.*)
 *(.rela.bss .rela.bss.* .rela.gnu.linkonce.b.*)
 *(.rel.plt)
 *(.rela.plt)
 *(.rel.dyn)
 *(.init)
 *(.plt)
 *(.text .stub .text.* .gnu.linkonce.t.*)
 .text          0x008001b4       0x4c ../TowerDefence_bsp//obj/HAL/src/crt0.o
                0x008001b4                _start
 .text          0x00800200       0xc4 obj/default/Env.o
                0x00800200                initEnv
                0x00800268                addToEnv
 .text          0x008002c4      0xa58 obj/default/Game.o
                0x008002c4                distance
                0x00800368                my_alarm_callback
                0x00800490                initVGA
                0x00800520                loadSDCard
                0x008005b4                loadSDImage
                0x00800708                backgroundImage
                0x0080074c                checkCollision
                0x008008a0                main
 .text          0x00800d1c      0x2dc obj/default/Object.o
                0x00800d1c                initObject
                0x00800e18                killObject
                0x00800ea4                setStats
                0x00800eec                addStats
                0x00800f48                setXY
 .text          0x00800ff8      0x660 obj/default/animation.o
                0x00800ff8                initAnimation
                0x008010a0                killAnimation
                0x00801124                addImage
                0x008011a4                draw
                0x0080128c                cleanDrawing
                0x00801344                animated
                0x00801418                backgroundAnimation
 .text          0x00801658        0x0 obj/default/hardCode.o
 .text          0x00801658      0x130 c:/altera/12.0sp2/nios2eds/bin/gnu/h-i686-mingw32/bin/../lib/gcc/nios2-elf/4.1.2/../../../../nios2-elf/lib\libm.a(lib_a-w_sqrt.o)
                0x00801658                sqrt
 .text          0x00801788      0x2c8 c:/altera/12.0sp2/nios2eds/bin/gnu/h-i686-mingw32/bin/../lib/gcc/nios2-elf/4.1.2/../../../../nios2-elf/lib\libm.a(lib_a-e_sqrt.o)
                0x00801788                __ieee754_sqrt
 .text          0x00801a50       0x30 c:/altera/12.0sp2/nios2eds/bin/gnu/h-i686-mingw32/bin/../lib/gcc/nios2-elf/4.1.2/../../../../nios2-elf/lib\libm.a(lib_a-s_isnand.o)
                0x00801a50                __isnand
 .text          0x00801a80        0x0 c:/altera/12.0sp2/nios2eds/bin/gnu/h-i686-mingw32/bin/../lib/gcc/nios2-elf/4.1.2/../../../../nios2-elf/lib\libm.a(lib_a-s_lib_ver.o)
 .text          0x00801a80        0x8 c:/altera/12.0sp2/nios2eds/bin/gnu/h-i686-mingw32/bin/../lib/gcc/nios2-elf/4.1.2/../../../../nios2-elf/lib\libm.a(lib_a-s_matherr.o)
                0x00801a80                matherr
 .text          0x00801a88       0x78 c:/altera/12.0sp2/nios2eds/bin/gnu/h-i686-mingw32/bin/../lib/gcc/nios2-elf/4.1.2\libgcc.a(_le_sf.o)
                0x00801a88                __lesf2
 .text          0x00801b00       0x98 c:/altera/12.0sp2/nios2eds/bin/gnu/h-i686-mingw32/bin/../lib/gcc/nios2-elf/4.1.2\libgcc.a(_si_to_sf.o)
                0x00801b00                __floatsisf
 .text          0x00801b98       0x54 c:/altera/12.0sp2/nios2eds/bin/gnu/h-i686-mingw32/bin/../lib/gcc/nios2-elf/4.1.2\libgcc.a(_sf_to_df.o)
                0x00801b98                __extendsfdf2
 .text          0x00801bec      0x504 c:/altera/12.0sp2/nios2eds/bin/gnu/h-i686-mingw32/bin/../lib/gcc/nios2-elf/4.1.2\libgcc.a(_addsub_df.o)
                0x00801ffc                __subdf3
                0x0080207c                __adddf3
 .text          0x008020f0      0x3c4 c:/altera/12.0sp2/nios2eds/bin/gnu/h-i686-mingw32/bin/../lib/gcc/nios2-elf/4.1.2\libgcc.a(_mul_df.o)
                0x008020f0                __muldf3
 .text          0x008024b4      0x258 c:/altera/12.0sp2/nios2eds/bin/gnu/h-i686-mingw32/bin/../lib/gcc/nios2-elf/4.1.2\libgcc.a(_div_df.o)
                0x008024b4                __divdf3
 .text          0x0080270c       0x88 c:/altera/12.0sp2/nios2eds/bin/gnu/h-i686-mingw32/bin/../lib/gcc/nios2-elf/4.1.2\libgcc.a(_lt_df.o)
                0x0080270c                __ltdf2
 .text          0x00802794       0x38 c:/altera/12.0sp2/nios2eds/bin/gnu/h-i686-mingw32/bin/../lib/gcc/nios2-elf/4.1.2\libgcc.a(_make_df.o)
                0x00802794                __make_dp
 .text          0x008027cc       0x74 c:/altera/12.0sp2/nios2eds/bin/gnu/h-i686-mingw32/bin/../lib/gcc/nios2-elf/4.1.2\libgcc.a(_df_to_sf.o)
                0x008027cc                __truncdfsf2
 .text          0x00802840        0x0 c:/altera/12.0sp2/nios2eds/bin/gnu/h-i686-mingw32/bin/../lib/gcc/nios2-elf/4.1.2\libgcc.a(_thenan_df.o)
 .text          0x00802840      0x14c c:/altera/12.0sp2/nios2eds/bin/gnu/h-i686-mingw32/bin/../lib/gcc/nios2-elf/4.1.2\libgcc.a(lib2-divmod.o)
                0x008028bc                __divsi3
                0x0080291c                __modsi3
                0x0080297c                __udivsi3
                0x00802984                __umodsi3
 .text          0x0080298c       0x98 c:/altera/12.0sp2/nios2eds/bin/gnu/h-i686-mingw32/bin/../lib/gcc/nios2-elf/4.1.2\libgcc.a(_muldi3.o)
                0x0080298c                __muldi3
 .text          0x00802a24       0x80 c:/altera/12.0sp2/nios2eds/bin/gnu/h-i686-mingw32/bin/../lib/gcc/nios2-elf/4.1.2\libgcc.a(_clzsi2.o)
                0x00802a24                __clzsi2
 .text          0x00802aa4      0x160 c:/altera/12.0sp2/nios2eds/bin/gnu/h-i686-mingw32/bin/../lib/gcc/nios2-elf/4.1.2\libgcc.a(_pack_sf.o)
                0x00802aa4                __pack_f
 .text          0x00802c04       0xc8 c:/altera/12.0sp2/nios2eds/bin/gnu/h-i686-mingw32/bin/../lib/gcc/nios2-elf/4.1.2\libgcc.a(_unpack_sf.o)
                0x00802c04                __unpack_f
 .text          0x00802ccc       0xa8 c:/altera/12.0sp2/nios2eds/bin/gnu/h-i686-mingw32/bin/../lib/gcc/nios2-elf/4.1.2\libgcc.a(_fpcmp_parts_sf.o)
                0x00802ccc                __fpcmp_parts_f
 .text          0x00802d74       0x2c c:/altera/12.0sp2/nios2eds/bin/gnu/h-i686-mingw32/bin/../lib/gcc/nios2-elf/4.1.2\libgcc.a(_make_sf.o)
                0x00802d74                __make_fp
 .text          0x00802da0      0x314 c:/altera/12.0sp2/nios2eds/bin/gnu/h-i686-mingw32/bin/../lib/gcc/nios2-elf/4.1.2\libgcc.a(_pack_df.o)
                0x00802da0                __pack_d
 .text          0x008030b4      0x138 c:/altera/12.0sp2/nios2eds/bin/gnu/h-i686-mingw32/bin/../lib/gcc/nios2-elf/4.1.2\libgcc.a(_unpack_df.o)
                0x008030b4                __unpack_d
 .text          0x008031ec       0xc8 c:/altera/12.0sp2/nios2eds/bin/gnu/h-i686-mingw32/bin/../lib/gcc/nios2-elf/4.1.2\libgcc.a(_fpcmp_parts_df.o)
                0x008031ec                __fpcmp_parts_d
 .text          0x008032b4        0x0 c:/altera/12.0sp2/nios2eds/bin/gnu/h-i686-mingw32/bin/../lib/gcc/nios2-elf/4.1.2\libgcc.a(_clz.o)
 .text          0x008032b4       0x10 c:/altera/12.0sp2/nios2eds/bin/gnu/h-i686-mingw32/bin/../lib/gcc/nios2-elf/4.1.2/../../../../nios2-elf/lib\libc.a(lib_a-errno.o)
                0x008032b4                __errno
 .text          0x008032c4        0x0 c:/altera/12.0sp2/nios2eds/bin/gnu/h-i686-mingw32/bin/../lib/gcc/nios2-elf/4.1.2/../../../../nios2-elf/lib\libc.a(lib_a-impure.o)
 .text          0x008032c4       0x28 c:/altera/12.0sp2/nios2eds/bin/gnu/h-i686-mingw32/bin/../lib/gcc/nios2-elf/4.1.2/../../../../nios2-elf/lib\libc.a(lib_a-malloc.o)
                0x008032c4                free
                0x008032d8                malloc
 .text          0x008032ec      0x740 c:/altera/12.0sp2/nios2eds/bin/gnu/h-i686-mingw32/bin/../lib/gcc/nios2-elf/4.1.2/../../../../nios2-elf/lib\libc.a(lib_a-mallocr.o)
                0x008032ec                _malloc_r
 .text          0x00803a2c       0xb4 c:/altera/12.0sp2/nios2eds/bin/gnu/h-i686-mingw32/bin/../lib/gcc/nios2-elf/4.1.2/../../../../nios2-elf/lib\libc.a(lib_a-puts.o)
                0x00803a2c                _puts_r
                0x00803acc                puts
 .text          0x00803ae0       0x94 c:/altera/12.0sp2/nios2eds/bin/gnu/h-i686-mingw32/bin/../lib/gcc/nios2-elf/4.1.2/../../../../nios2-elf/lib\libc.a(lib_a-rand.o)
                0x00803ae0                srand
                0x00803afc                rand
 .text          0x00803b74       0x70 c:/altera/12.0sp2/nios2eds/bin/gnu/h-i686-mingw32/bin/../lib/gcc/nios2-elf/4.1.2/../../../../nios2-elf/lib\libc.a(lib_a-sbrkr.o)
                0x00803b74                _sbrk_r
 .text          0x00803be4       0x74 c:/altera/12.0sp2/nios2eds/bin/gnu/h-i686-mingw32/bin/../lib/gcc/nios2-elf/4.1.2/../../../../nios2-elf/lib\libc.a(lib_a-strlen.o)
                0x00803be4                strlen
 .text          0x00803c58      0x440 c:/altera/12.0sp2/nios2eds/bin/gnu/h-i686-mingw32/bin/../lib/gcc/nios2-elf/4.1.2/../../../../nios2-elf/lib\libc.a(lib_a-freer.o)
                0x00803c58                _malloc_trim_r
                0x00803d84                _free_r
 .text          0x00804098      0x49c c:/altera/12.0sp2/nios2eds/bin/gnu/h-i686-mingw32/bin/../lib/gcc/nios2-elf/4.1.2/../../../../nios2-elf/lib\libc.a(lib_a-fvwrite.o)
                0x00804098                __sfvwrite_r
 .text          0x00804534        0x0 c:/altera/12.0sp2/nios2eds/bin/gnu/h-i686-mingw32/bin/../lib/gcc/nios2-elf/4.1.2/../../../../nios2-elf/lib\libc.a(lib_a-int_errno.o)
 .text          0x00804534       0xe4 c:/altera/12.0sp2/nios2eds/bin/gnu/h-i686-mingw32/bin/../lib/gcc/nios2-elf/4.1.2/../../../../nios2-elf/lib\libc.a(lib_a-memchr.o)
                0x00804534                memchr
 .text          0x00804618       0xa0 c:/altera/12.0sp2/nios2eds/bin/gnu/h-i686-mingw32/bin/../lib/gcc/nios2-elf/4.1.2/../../../../nios2-elf/lib\libc.a(lib_a-memcpy.o)
                0x00804618                memcpy
 .text          0x008046b8       0xe0 c:/altera/12.0sp2/nios2eds/bin/gnu/h-i686-mingw32/bin/../lib/gcc/nios2-elf/4.1.2/../../../../nios2-elf/lib\libc.a(lib_a-memmove.o)
                0x008046b8                memmove
 .text          0x00804798      0x5f4 c:/altera/12.0sp2/nios2eds/bin/gnu/h-i686-mingw32/bin/../lib/gcc/nios2-elf/4.1.2/../../../../nios2-elf/lib\libc.a(lib_a-reallocr.o)
                0x00804798                _realloc_r
 .text          0x00804d8c      0x13c c:/altera/12.0sp2/nios2eds/bin/gnu/h-i686-mingw32/bin/../lib/gcc/nios2-elf/4.1.2/../../../../nios2-elf/lib\libc.a(lib_a-wsetup.o)
                0x00804d8c                __swsetup_r
 .text          0x00804ec8      0x230 c:/altera/12.0sp2/nios2eds/bin/gnu/h-i686-mingw32/bin/../lib/gcc/nios2-elf/4.1.2/../../../../nios2-elf/lib\libc.a(lib_a-fflush.o)
                0x00804ec8                _fflush_r
                0x008050c4                fflush
 .text          0x008050f8      0x2c0 c:/altera/12.0sp2/nios2eds/bin/gnu/h-i686-mingw32/bin/../lib/gcc/nios2-elf/4.1.2/../../../../nios2-elf/lib\libc.a(lib_a-findfp.o)
                0x00805150                __sfp_lock_acquire
                0x00805154                __sfp_lock_release
                0x00805158                __sinit_lock_acquire
                0x0080515c                __sinit_lock_release
                0x00805160                __sinit
                0x00805214                __fp_unlock_all
                0x0080522c                __fp_lock_all
                0x00805244                _cleanup_r
                0x00805250                _cleanup
                0x00805260                __sfmoreglue
                0x008052c8                __sfp
 .text          0x008053b8      0x180 c:/altera/12.0sp2/nios2eds/bin/gnu/h-i686-mingw32/bin/../lib/gcc/nios2-elf/4.1.2/../../../../nios2-elf/lib\libc.a(lib_a-fwalk.o)
                0x008053b8                _fwalk_reent
                0x00805480                _fwalk
 .text          0x00805538      0x194 c:/altera/12.0sp2/nios2eds/bin/gnu/h-i686-mingw32/bin/../lib/gcc/nios2-elf/4.1.2/../../../../nios2-elf/lib\libc.a(lib_a-makebuf.o)
                0x00805538                __smakebuf_r
 .text          0x008056cc       0x98 c:/altera/12.0sp2/nios2eds/bin/gnu/h-i686-mingw32/bin/../lib/gcc/nios2-elf/4.1.2/../../../../nios2-elf/lib\libc.a(lib_a-memset.o)
                0x008056cc                memset
 .text          0x00805764      0x14c c:/altera/12.0sp2/nios2eds/bin/gnu/h-i686-mingw32/bin/../lib/gcc/nios2-elf/4.1.2/../../../../nios2-elf/lib\libc.a(lib_a-stdio.o)
                0x00805764                __sclose
                0x0080576c                __sseek
                0x008057d4                __swrite
                0x00805850                __sread
 .text          0x008058b0       0x78 c:/altera/12.0sp2/nios2eds/bin/gnu/h-i686-mingw32/bin/../lib/gcc/nios2-elf/4.1.2/../../../../nios2-elf/lib\libc.a(lib_a-writer.o)
                0x008058b0                _write_r
 .text          0x00805928       0x70 c:/altera/12.0sp2/nios2eds/bin/gnu/h-i686-mingw32/bin/../lib/gcc/nios2-elf/4.1.2/../../../../nios2-elf/lib\libc.a(lib_a-closer.o)
                0x00805928                _close_r
 .text          0x00805998      0x124 c:/altera/12.0sp2/nios2eds/bin/gnu/h-i686-mingw32/bin/../lib/gcc/nios2-elf/4.1.2/../../../../nios2-elf/lib\libc.a(lib_a-fclose.o)
                0x00805998                _fclose_r
                0x00805aa8                fclose
 .text          0x00805abc       0x74 c:/altera/12.0sp2/nios2eds/bin/gnu/h-i686-mingw32/bin/../lib/gcc/nios2-elf/4.1.2/../../../../nios2-elf/lib\libc.a(lib_a-fstatr.o)
                0x00805abc                _fstat_r
 .text          0x00805b30       0x70 c:/altera/12.0sp2/nios2eds/bin/gnu/h-i686-mingw32/bin/../lib/gcc/nios2-elf/4.1.2/../../../../nios2-elf/lib\libc.a(lib_a-isattyr.o)
                0x00805b30                _isatty_r
 .text          0x00805ba0       0x78 c:/altera/12.0sp2/nios2eds/bin/gnu/h-i686-mingw32/bin/../lib/gcc/nios2-elf/4.1.2/../../../../nios2-elf/lib\libc.a(lib_a-lseekr.o)
                0x00805ba0                _lseek_r
 .text          0x00805c18       0x78 c:/altera/12.0sp2/nios2eds/bin/gnu/h-i686-mingw32/bin/../lib/gcc/nios2-elf/4.1.2/../../../../nios2-elf/lib\libc.a(lib_a-readr.o)
                0x00805c18                _read_r
 .text          0x00805c90      0x154 ../TowerDefence_bsp/\libhal_bsp.a(alt_alarm_start.o)
                0x00805c90                alt_alarm_start
 .text          0x00805de4      0x15c ../TowerDefence_bsp/\libhal_bsp.a(alt_close.o)
                0x00805de4                close
 .text          0x00805f40       0x2c ../TowerDefence_bsp/\libhal_bsp.a(alt_dev.o)
 .text          0x00805f6c        0x0 ../TowerDefence_bsp/\libhal_bsp.a(alt_errno.o)
 .text          0x00805f6c      0x134 ../TowerDefence_bsp/\libhal_bsp.a(alt_fstat.o)
                0x00805f6c                fstat
 .text          0x008060a0      0x120 ../TowerDefence_bsp/\libhal_bsp.a(alt_isatty.o)
                0x008060a0                isatty
 .text          0x008061c0       0xec ../TowerDefence_bsp/\libhal_bsp.a(alt_load.o)
                0x008061c0                alt_load
 .text          0x008062ac      0x150 ../TowerDefence_bsp/\libhal_bsp.a(alt_lseek.o)
                0x008062ac                lseek
 .text          0x008063fc       0x6c ../TowerDefence_bsp/\libhal_bsp.a(alt_main.o)
                0x008063fc                alt_main
 .text          0x00806468       0x40 ../TowerDefence_bsp/\libhal_bsp.a(alt_malloc_lock.o)
                0x00806468                __malloc_lock
                0x00806488                __malloc_unlock
 .text          0x008064a8      0x180 ../TowerDefence_bsp/\libhal_bsp.a(alt_read.o)
                0x008064a8                read
 .text          0x00806628       0x60 ../TowerDefence_bsp/\libhal_bsp.a(alt_release_fd.o)
                0x00806628                alt_release_fd
 .text          0x00806688       0xbc ../TowerDefence_bsp/\libhal_bsp.a(alt_sbrk.o)
                0x00806688                sbrk
 .text          0x00806744      0x1a4 ../TowerDefence_bsp/\libhal_bsp.a(alt_tick.o)
                0x00806744                alt_alarm_stop
                0x008067dc                alt_tick
 .text          0x008068e8       0x30 ../TowerDefence_bsp/\libhal_bsp.a(alt_usleep.o)
                0x008068e8                usleep
 .text          0x00806918      0x180 ../TowerDefence_bsp/\libhal_bsp.a(alt_write.o)
                0x00806918                write
 .text          0x00806a98      0x3b0 ../TowerDefence_bsp/\libhal_bsp.a(alt_sys_init.o)
                0x00806a98                alt_irq_init
                0x00806acc                alt_sys_init
 .text          0x00806e48      0x148 ../TowerDefence_bsp/\libhal_bsp.a(altera_avalon_jtag_uart_fd.o)
                0x00806e48                altera_avalon_jtag_uart_read_fd
                0x00806ea0                altera_avalon_jtag_uart_write_fd
                0x00806ef8                altera_avalon_jtag_uart_close_fd
                0x00806f40                altera_avalon_jtag_uart_ioctl_fd
 .text          0x00806f90      0x40c ../TowerDefence_bsp/\libhal_bsp.a(altera_avalon_jtag_uart_init.o)
                0x00806f90                altera_avalon_jtag_uart_init
                0x00807328                altera_avalon_jtag_uart_close
 .text          0x0080739c       0xf4 ../TowerDefence_bsp/\libhal_bsp.a(altera_avalon_jtag_uart_ioctl.o)
                0x0080739c                altera_avalon_jtag_uart_ioctl
 .text          0x00807490      0x224 ../TowerDefence_bsp/\libhal_bsp.a(altera_avalon_jtag_uart_read.o)
                0x00807490                altera_avalon_jtag_uart_read
 .text          0x008076b4      0x240 ../TowerDefence_bsp/\libhal_bsp.a(altera_avalon_jtag_uart_write.o)
                0x008076b4                altera_avalon_jtag_uart_write
 .text          0x008078f4      0x100 ../TowerDefence_bsp/\libhal_bsp.a(altera_avalon_timer_sc.o)
                0x00807964                alt_avalon_timer_sc_init
 .text          0x008079f4        0x0 ../TowerDefence_bsp/\libhal_bsp.a(altera_avalon_timer_vars.o)
 .text          0x008079f4      0x304 ../TowerDefence_bsp/\libhal_bsp.a(altera_up_avalon_video_character_buffer_with_dma.o)
                0x008079f4                alt_up_char_buffer_init
                0x00807a78                alt_up_char_buffer_open_dev
                0x00807ab8                alt_up_char_buffer_draw
                0x00807b88                alt_up_char_buffer_string
                0x00807c9c                alt_up_char_buffer_clear
 .text          0x00807cf8     0x156c ../TowerDefence_bsp/\libhal_bsp.a(altera_up_avalon_video_pixel_buffer_dma.o)
                0x00807cf8                alt_up_pixel_buffer_dma_open_dev
                0x00807d38                alt_up_pixel_buffer_dma_draw
                0x00807ed8                alt_up_pixel_buffer_dma_change_back_buffer_address
                0x00807f30                alt_up_pixel_buffer_dma_swap_buffers
                0x00807f88                alt_up_pixel_buffer_dma_check_swap_buffers_status
                0x00807fbc                alt_up_pixel_buffer_dma_clear_screen
                0x00808120                alt_up_pixel_buffer_dma_draw_box
                0x00808614                alt_up_pixel_buffer_dma_draw_hline
                0x00808964                alt_up_pixel_buffer_dma_draw_vline
                0x00808d34                alt_up_pixel_buffer_dma_draw_rectangle
                0x00808df8                helper_plot_pixel
                0x00808ec8                alt_up_pixel_buffer_dma_draw_line
 .text          0x00809264     0x45c0 ../TowerDefence_bsp/\libhal_bsp.a(altera_up_sd_card_avalon_interface.o)
                0x00809264                Write_Sector_Data
                0x0080932c                Save_Modified_Sector
                0x0080937c                Read_Sector_Data
                0x00809478                get_cluster_flag
                0x00809530                mark_cluster
                0x00809614                Check_for_Master_Boot_Record
                0x008097c4                Read_File_Record_At_Offset
                0x00809a48                Write_File_Record_At_Offset
                0x00809d00                Check_for_DOS_FAT
                0x0080a348                Look_for_FAT16
                0x0080a44c                filename_to_upper_case
                0x0080a51c                check_file_name_for_FAT16_compliance
                0x0080a7ac                get_dir_divider_location
                0x0080a86c                match_file_record_to_name_ext
                0x0080ab58                get_home_directory_cluster_for_file
                0x0080b06c                find_file_in_directory
                0x0080b4d0                find_first_empty_cluster
                0x0080b674                find_first_empty_record_in_a_subdirectory
                0x0080b8c0                find_first_empty_record_in_root_directory
                0x0080b9ec                convert_filename_to_name_extension
                0x0080bba4                create_file
                0x0080be78                copy_file_record_name_to_string
                0x0080bfcc                alt_up_sd_card_open_dev
                0x0080c090                alt_up_sd_card_is_Present
                0x0080c158                alt_up_sd_card_is_FAT16
                0x0080c1cc                alt_up_sd_card_find_first
                0x0080c2a0                alt_up_sd_card_find_next
                0x0080c650                alt_up_sd_card_fopen
                0x0080c9f8                alt_up_sd_card_set_attributes
                0x0080ca88                alt_up_sd_card_get_attributes
                0x0080cb14                alt_up_sd_card_read
                0x0080cea8                alt_up_sd_card_write
                0x0080d4cc                alt_up_sd_card_fclose
                0x0080d698                Read_Sector_Data_CRC
                0x0080d794                Read_Sector_Data_Attempt_CRC
 .text          0x0080d824      0x14c ../TowerDefence_bsp/\libhal_bsp.a(alt_busy_sleep.o)
                0x0080d824                alt_busy_sleep
 .text          0x0080d970       0x44 ../TowerDefence_bsp/\libhal_bsp.a(alt_dcache_flush_all.o)
                0x0080d970                alt_dcache_flush_all
 .text          0x0080d9b4      0x114 ../TowerDefence_bsp/\libhal_bsp.a(alt_dev_llist_insert.o)
                0x0080d9b4                alt_dev_llist_insert
 .text          0x0080dac8       0x64 ../TowerDefence_bsp/\libhal_bsp.a(alt_do_ctors.o)
                0x0080dac8                _do_ctors
 .text          0x0080db2c       0x64 ../TowerDefence_bsp/\libhal_bsp.a(alt_do_dtors.o)
                0x0080db2c                _do_dtors
 .text          0x0080db90       0x94 ../TowerDefence_bsp/\libhal_bsp.a(alt_find_dev.o)
                0x0080db90                alt_find_dev
 .text          0x0080dc24       0x30 ../TowerDefence_bsp/\libhal_bsp.a(alt_icache_flush_all.o)
                0x0080dc24                alt_icache_flush_all
 .text          0x0080dc54      0x1d4 ../TowerDefence_bsp/\libhal_bsp.a(alt_iic.o)
                0x0080dc54                alt_ic_isr_register
                0x0080dca4                alt_ic_irq_enable
                0x0080dd40                alt_ic_irq_disable
                0x0080dde0                alt_ic_irq_enabled
 .text          0x0080de28       0xf8 ../TowerDefence_bsp/\libhal_bsp.a(alt_iic_isr_register.o)
                0x0080de28                alt_iic_isr_register
 .text          0x0080df20      0x13c ../TowerDefence_bsp/\libhal_bsp.a(alt_io_redirect.o)
                0x0080dfe4                alt_io_redirect
 .text          0x0080e05c        0x0 ../TowerDefence_bsp/\libhal_bsp.a(alt_irq_entry.o)
 .text          0x0080e05c        0x0 ../TowerDefence_bsp/\libhal_bsp.a(alt_irq_handler.o)
 .text          0x0080e05c        0x0 ../TowerDefence_bsp/\libhal_bsp.a(alt_irq_vars.o)
 .text          0x0080e05c      0x2c4 ../TowerDefence_bsp/\libhal_bsp.a(alt_open.o)
                0x0080e138                open
 .text          0x0080e320       0x20 ../TowerDefence_bsp/\libhal_bsp.a(altera_nios2_qsys_irq.o)
                0x0080e320                altera_nios2_qsys_irq_init
 .text          0x0080e340        0x0 ../TowerDefence_bsp/\libhal_bsp.a(alt_exception_entry.o)
 .text          0x0080e340      0x120 ../TowerDefence_bsp/\libhal_bsp.a(alt_find_file.o)
                0x0080e340                alt_find_file
 .text          0x0080e460       0xb8 ../TowerDefence_bsp/\libhal_bsp.a(alt_get_fd.o)
                0x0080e460                alt_get_fd
 .text          0x0080e518       0x90 ../TowerDefence_bsp/\libhal_bsp.a(alt_icache_flush.o)
                0x0080e518                alt_icache_flush
 .text          0x0080e5a8       0x14 c:/altera/12.0sp2/nios2eds/bin/gnu/h-i686-mingw32/bin/../lib/gcc/nios2-elf/4.1.2/../../../../nios2-elf/lib\libc.a(lib_a-atexit.o)
                0x0080e5a8                atexit
 .text          0x0080e5bc       0x38 c:/altera/12.0sp2/nios2eds/bin/gnu/h-i686-mingw32/bin/../lib/gcc/nios2-elf/4.1.2/../../../../nios2-elf/lib\libc.a(lib_a-exit.o)
                0x0080e5bc                exit
 .text          0x0080e5f4       0x74 c:/altera/12.0sp2/nios2eds/bin/gnu/h-i686-mingw32/bin/../lib/gcc/nios2-elf/4.1.2/../../../../nios2-elf/lib\libc.a(lib_a-memcmp.o)
                0x0080e5f4                memcmp
 .text          0x0080e668       0xbc c:/altera/12.0sp2/nios2eds/bin/gnu/h-i686-mingw32/bin/../lib/gcc/nios2-elf/4.1.2/../../../../nios2-elf/lib\libc.a(lib_a-strcmp.o)
                0x0080e668                strcmp
 .text          0x0080e724      0x134 c:/altera/12.0sp2/nios2eds/bin/gnu/h-i686-mingw32/bin/../lib/gcc/nios2-elf/4.1.2/../../../../nios2-elf/lib\libc.a(lib_a-__atexit.o)
                0x0080e724                __register_exitproc
 .text          0x0080e858      0x1b4 c:/altera/12.0sp2/nios2eds/bin/gnu/h-i686-mingw32/bin/../lib/gcc/nios2-elf/4.1.2/../../../../nios2-elf/lib\libc.a(lib_a-__call_atexit.o)
                0x0080e85c                __call_exitprocs
 .text          0x0080ea0c       0x60 ../TowerDefence_bsp/\libhal_bsp.a(alt_exit.o)
                0x0080ea4c                _exit
 *(.gnu.warning.*)
 *(.fini)
                0x0080ea6c                PROVIDE (__etext, ABSOLUTE (.))
                0x0080ea6c                PROVIDE (_etext, ABSOLUTE (.))
                0x0080ea6c                PROVIDE (etext, ABSOLUTE (.))
 *(.eh_frame_hdr)
                0x0080ea6c                . = ALIGN (0x4)
                0x0080ea6c                PROVIDE (__preinit_array_start, ABSOLUTE (.))
 *(.preinit_array)
                0x0080ea6c                PROVIDE (__preinit_array_end, ABSOLUTE (.))
                0x0080ea6c                PROVIDE (__init_array_start, ABSOLUTE (.))
 *(.init_array)
                0x0080ea6c                PROVIDE (__init_array_end, ABSOLUTE (.))
                0x0080ea6c                PROVIDE (__fini_array_start, ABSOLUTE (.))
 *(.fini_array)
                0x0080ea6c                PROVIDE (__fini_array_end, ABSOLUTE (.))
 *(.eh_frame)
 *(.gcc_except_table)
 *(.dynamic)
                0x0080ea6c                PROVIDE (__CTOR_LIST__, ABSOLUTE (.))
 *(.ctors)
 *(SORT(.ctors.*))
 .ctors.65535   0x0080ea6c        0x4 c:/altera/12.0sp2/nios2eds/bin/gnu/h-i686-mingw32/bin/../lib/gcc/nios2-elf/4.1.2/../../../../nios2-elf/lib\libc.a(lib_a-__call_atexit.o)
                0x0080ea70                PROVIDE (__CTOR_END__, ABSOLUTE (.))
                0x0080ea70                PROVIDE (__DTOR_LIST__, ABSOLUTE (.))
 *(.dtors)
 *(SORT(.dtors.*))
                0x0080ea70                PROVIDE (__DTOR_END__, ABSOLUTE (.))
 *(.jcr)
                0x0080ea70                . = ALIGN (0x4)

.rodata         0x0080ea70      0x268
                0x0080ea70                PROVIDE (__ram_rodata_start, ABSOLUTE (.))
                0x0080ea70                . = ALIGN (0x4)
 *(.rodata .rodata.* .gnu.linkonce.r.*)
 .rodata        0x0080ea70       0xa8 obj/default/Game.o
 .rodata.str1.4
                0x0080eb18        0x5 c:/altera/12.0sp2/nios2eds/bin/gnu/h-i686-mingw32/bin/../lib/gcc/nios2-elf/4.1.2/../../../../nios2-elf/lib\libm.a(lib_a-w_sqrt.o)
                                  0x8 (size before relaxing)
 *fill*         0x0080eb1d        0x3 00
 .rodata        0x0080eb20       0x14 c:/altera/12.0sp2/nios2eds/bin/gnu/h-i686-mingw32/bin/../lib/gcc/nios2-elf/4.1.2\libgcc.a(_thenan_df.o)
                0x0080eb20                __thenan_df
 .rodata        0x0080eb34      0x100 c:/altera/12.0sp2/nios2eds/bin/gnu/h-i686-mingw32/bin/../lib/gcc/nios2-elf/4.1.2\libgcc.a(_clz.o)
                0x0080eb34                __clz_tab
 .rodata.str1.4
                0x0080ec34        0x2 c:/altera/12.0sp2/nios2eds/bin/gnu/h-i686-mingw32/bin/../lib/gcc/nios2-elf/4.1.2/../../../../nios2-elf/lib\libc.a(lib_a-impure.o)
                                  0x4 (size before relaxing)
 *fill*         0x0080ec36        0x2 00
 .rodata.str1.4
                0x0080ec38        0x4 c:/altera/12.0sp2/nios2eds/bin/gnu/h-i686-mingw32/bin/../lib/gcc/nios2-elf/4.1.2/../../../../nios2-elf/lib\libc.a(lib_a-puts.o)
 .rodata        0x0080ec3c        0xc ../TowerDefence_bsp/\libhal_bsp.a(alt_dev.o)
 .rodata        0x0080ec48       0x10 ../TowerDefence_bsp/\libhal_bsp.a(alt_main.o)
 .rodata        0x0080ec58       0x64 ../TowerDefence_bsp/\libhal_bsp.a(alt_sys_init.o)
 .rodata        0x0080ecbc       0x1c ../TowerDefence_bsp/\libhal_bsp.a(altera_up_avalon_video_character_buffer_with_dma.o)
 *(.rodata1)
                0x0080ecd8                . = ALIGN (0x4)
                0x0080ecd8                PROVIDE (__ram_rodata_end, ABSOLUTE (.))
                0x0080ea70                PROVIDE (__flash_rodata_start, LOADADDR (.rodata))

.rwdata         0x0080ecd8     0x6f68 load address 0x00815c40
                0x0080ecd8                PROVIDE (__ram_rwdata_start, ABSOLUTE (.))
                0x0080ecd8                . = ALIGN (0x4)
 *(.got.plt)
 *(.got)
 *(.data1)
 *(.data .data.* .gnu.linkonce.d.*)
 .data          0x0080ecd8        0x0 ../TowerDefence_bsp//obj/HAL/src/crt0.o
 .data          0x0080ecd8        0x0 obj/default/Env.o
 .data          0x0080ecd8        0x0 obj/default/Game.o
 .data          0x0080ecd8        0x0 obj/default/Object.o
 .data          0x0080ecd8        0x0 obj/default/animation.o
 .data          0x0080ecd8     0x5450 obj/default/hardCode.o
                0x0080ecd8                explode05
                0x0080ee68                explode04
                0x0080eff8                explode03
                0x0080f188                explode02
                0x0080f318                explode01
                0x0080f4a8                explode11
                0x0080f638                explode12
                0x0080f7c8                explode13
                0x0080f958                explode14
                0x0080fae8                pacman01
                0x0080fc78                pacman02
                0x0080fe08                pacman03
                0x0080ff98                pacman04
                0x00810128                earth
 .data          0x00814128        0x0 c:/altera/12.0sp2/nios2eds/bin/gnu/h-i686-mingw32/bin/../lib/gcc/nios2-elf/4.1.2/../../../../nios2-elf/lib\libm.a(lib_a-w_sqrt.o)
 .data          0x00814128        0x0 c:/altera/12.0sp2/nios2eds/bin/gnu/h-i686-mingw32/bin/../lib/gcc/nios2-elf/4.1.2/../../../../nios2-elf/lib\libm.a(lib_a-e_sqrt.o)
 .data          0x00814128        0x0 c:/altera/12.0sp2/nios2eds/bin/gnu/h-i686-mingw32/bin/../lib/gcc/nios2-elf/4.1.2/../../../../nios2-elf/lib\libm.a(lib_a-s_isnand.o)
 .data          0x00814128        0x0 c:/altera/12.0sp2/nios2eds/bin/gnu/h-i686-mingw32/bin/../lib/gcc/nios2-elf/4.1.2/../../../../nios2-elf/lib\libm.a(lib_a-s_lib_ver.o)
 .data          0x00814128        0x0 c:/altera/12.0sp2/nios2eds/bin/gnu/h-i686-mingw32/bin/../lib/gcc/nios2-elf/4.1.2/../../../../nios2-elf/lib\libm.a(lib_a-s_matherr.o)
 .data          0x00814128        0x0 c:/altera/12.0sp2/nios2eds/bin/gnu/h-i686-mingw32/bin/../lib/gcc/nios2-elf/4.1.2\libgcc.a(_le_sf.o)
 .data          0x00814128        0x0 c:/altera/12.0sp2/nios2eds/bin/gnu/h-i686-mingw32/bin/../lib/gcc/nios2-elf/4.1.2\libgcc.a(_si_to_sf.o)
 .data          0x00814128        0x0 c:/altera/12.0sp2/nios2eds/bin/gnu/h-i686-mingw32/bin/../lib/gcc/nios2-elf/4.1.2\libgcc.a(_sf_to_df.o)
 .data          0x00814128        0x0 c:/altera/12.0sp2/nios2eds/bin/gnu/h-i686-mingw32/bin/../lib/gcc/nios2-elf/4.1.2\libgcc.a(_addsub_df.o)
 .data          0x00814128        0x0 c:/altera/12.0sp2/nios2eds/bin/gnu/h-i686-mingw32/bin/../lib/gcc/nios2-elf/4.1.2\libgcc.a(_mul_df.o)
 .data          0x00814128        0x0 c:/altera/12.0sp2/nios2eds/bin/gnu/h-i686-mingw32/bin/../lib/gcc/nios2-elf/4.1.2\libgcc.a(_div_df.o)
 .data          0x00814128        0x0 c:/altera/12.0sp2/nios2eds/bin/gnu/h-i686-mingw32/bin/../lib/gcc/nios2-elf/4.1.2\libgcc.a(_lt_df.o)
 .data          0x00814128        0x0 c:/altera/12.0sp2/nios2eds/bin/gnu/h-i686-mingw32/bin/../lib/gcc/nios2-elf/4.1.2\libgcc.a(_make_df.o)
 .data          0x00814128        0x0 c:/altera/12.0sp2/nios2eds/bin/gnu/h-i686-mingw32/bin/../lib/gcc/nios2-elf/4.1.2\libgcc.a(_df_to_sf.o)
 .data          0x00814128        0x0 c:/altera/12.0sp2/nios2eds/bin/gnu/h-i686-mingw32/bin/../lib/gcc/nios2-elf/4.1.2\libgcc.a(_thenan_df.o)
 .data          0x00814128        0x0 c:/altera/12.0sp2/nios2eds/bin/gnu/h-i686-mingw32/bin/../lib/gcc/nios2-elf/4.1.2\libgcc.a(lib2-divmod.o)
 .data          0x00814128        0x0 c:/altera/12.0sp2/nios2eds/bin/gnu/h-i686-mingw32/bin/../lib/gcc/nios2-elf/4.1.2\libgcc.a(_muldi3.o)
 .data          0x00814128        0x0 c:/altera/12.0sp2/nios2eds/bin/gnu/h-i686-mingw32/bin/../lib/gcc/nios2-elf/4.1.2\libgcc.a(_clzsi2.o)
 .data          0x00814128        0x0 c:/altera/12.0sp2/nios2eds/bin/gnu/h-i686-mingw32/bin/../lib/gcc/nios2-elf/4.1.2\libgcc.a(_pack_sf.o)
 .data          0x00814128        0x0 c:/altera/12.0sp2/nios2eds/bin/gnu/h-i686-mingw32/bin/../lib/gcc/nios2-elf/4.1.2\libgcc.a(_unpack_sf.o)
 .data          0x00814128        0x0 c:/altera/12.0sp2/nios2eds/bin/gnu/h-i686-mingw32/bin/../lib/gcc/nios2-elf/4.1.2\libgcc.a(_fpcmp_parts_sf.o)
 .data          0x00814128        0x0 c:/altera/12.0sp2/nios2eds/bin/gnu/h-i686-mingw32/bin/../lib/gcc/nios2-elf/4.1.2\libgcc.a(_make_sf.o)
 .data          0x00814128        0x0 c:/altera/12.0sp2/nios2eds/bin/gnu/h-i686-mingw32/bin/../lib/gcc/nios2-elf/4.1.2\libgcc.a(_pack_df.o)
 .data          0x00814128        0x0 c:/altera/12.0sp2/nios2eds/bin/gnu/h-i686-mingw32/bin/../lib/gcc/nios2-elf/4.1.2\libgcc.a(_unpack_df.o)
 .data          0x00814128        0x0 c:/altera/12.0sp2/nios2eds/bin/gnu/h-i686-mingw32/bin/../lib/gcc/nios2-elf/4.1.2\libgcc.a(_fpcmp_parts_df.o)
 .data          0x00814128        0x0 c:/altera/12.0sp2/nios2eds/bin/gnu/h-i686-mingw32/bin/../lib/gcc/nios2-elf/4.1.2\libgcc.a(_clz.o)
 .data          0x00814128        0x0 c:/altera/12.0sp2/nios2eds/bin/gnu/h-i686-mingw32/bin/../lib/gcc/nios2-elf/4.1.2/../../../../nios2-elf/lib\libc.a(lib_a-errno.o)
 .data          0x00814128      0x400 c:/altera/12.0sp2/nios2eds/bin/gnu/h-i686-mingw32/bin/../lib/gcc/nios2-elf/4.1.2/../../../../nios2-elf/lib\libc.a(lib_a-impure.o)
 .data          0x00814528        0x0 c:/altera/12.0sp2/nios2eds/bin/gnu/h-i686-mingw32/bin/../lib/gcc/nios2-elf/4.1.2/../../../../nios2-elf/lib\libc.a(lib_a-malloc.o)
 .data          0x00814528      0x408 c:/altera/12.0sp2/nios2eds/bin/gnu/h-i686-mingw32/bin/../lib/gcc/nios2-elf/4.1.2/../../../../nios2-elf/lib\libc.a(lib_a-mallocr.o)
                0x00814528                __malloc_av_
 .data          0x00814930        0x0 c:/altera/12.0sp2/nios2eds/bin/gnu/h-i686-mingw32/bin/../lib/gcc/nios2-elf/4.1.2/../../../../nios2-elf/lib\libc.a(lib_a-puts.o)
 .data          0x00814930        0x0 c:/altera/12.0sp2/nios2eds/bin/gnu/h-i686-mingw32/bin/../lib/gcc/nios2-elf/4.1.2/../../../../nios2-elf/lib\libc.a(lib_a-rand.o)
 .data          0x00814930        0x0 c:/altera/12.0sp2/nios2eds/bin/gnu/h-i686-mingw32/bin/../lib/gcc/nios2-elf/4.1.2/../../../../nios2-elf/lib\libc.a(lib_a-sbrkr.o)
 .data          0x00814930        0x0 c:/altera/12.0sp2/nios2eds/bin/gnu/h-i686-mingw32/bin/../lib/gcc/nios2-elf/4.1.2/../../../../nios2-elf/lib\libc.a(lib_a-strlen.o)
 .data          0x00814930        0x0 c:/altera/12.0sp2/nios2eds/bin/gnu/h-i686-mingw32/bin/../lib/gcc/nios2-elf/4.1.2/../../../../nios2-elf/lib\libc.a(lib_a-freer.o)
 .data          0x00814930        0x0 c:/altera/12.0sp2/nios2eds/bin/gnu/h-i686-mingw32/bin/../lib/gcc/nios2-elf/4.1.2/../../../../nios2-elf/lib\libc.a(lib_a-fvwrite.o)
 .data          0x00814930        0x0 c:/altera/12.0sp2/nios2eds/bin/gnu/h-i686-mingw32/bin/../lib/gcc/nios2-elf/4.1.2/../../../../nios2-elf/lib\libc.a(lib_a-int_errno.o)
 .data          0x00814930        0x0 c:/altera/12.0sp2/nios2eds/bin/gnu/h-i686-mingw32/bin/../lib/gcc/nios2-elf/4.1.2/../../../../nios2-elf/lib\libc.a(lib_a-memchr.o)
 .data          0x00814930        0x0 c:/altera/12.0sp2/nios2eds/bin/gnu/h-i686-mingw32/bin/../lib/gcc/nios2-elf/4.1.2/../../../../nios2-elf/lib\libc.a(lib_a-memcpy.o)
 .data          0x00814930        0x0 c:/altera/12.0sp2/nios2eds/bin/gnu/h-i686-mingw32/bin/../lib/gcc/nios2-elf/4.1.2/../../../../nios2-elf/lib\libc.a(lib_a-memmove.o)
 .data          0x00814930        0x0 c:/altera/12.0sp2/nios2eds/bin/gnu/h-i686-mingw32/bin/../lib/gcc/nios2-elf/4.1.2/../../../../nios2-elf/lib\libc.a(lib_a-reallocr.o)
 .data          0x00814930        0x0 c:/altera/12.0sp2/nios2eds/bin/gnu/h-i686-mingw32/bin/../lib/gcc/nios2-elf/4.1.2/../../../../nios2-elf/lib\libc.a(lib_a-wsetup.o)
 .data          0x00814930        0x0 c:/altera/12.0sp2/nios2eds/bin/gnu/h-i686-mingw32/bin/../lib/gcc/nios2-elf/4.1.2/../../../../nios2-elf/lib\libc.a(lib_a-fflush.o)
 .data          0x00814930        0x0 c:/altera/12.0sp2/nios2eds/bin/gnu/h-i686-mingw32/bin/../lib/gcc/nios2-elf/4.1.2/../../../../nios2-elf/lib\libc.a(lib_a-findfp.o)
 .data          0x00814930        0x0 c:/altera/12.0sp2/nios2eds/bin/gnu/h-i686-mingw32/bin/../lib/gcc/nios2-elf/4.1.2/../../../../nios2-elf/lib\libc.a(lib_a-fwalk.o)
 .data          0x00814930        0x0 c:/altera/12.0sp2/nios2eds/bin/gnu/h-i686-mingw32/bin/../lib/gcc/nios2-elf/4.1.2/../../../../nios2-elf/lib\libc.a(lib_a-makebuf.o)
 .data          0x00814930        0x0 c:/altera/12.0sp2/nios2eds/bin/gnu/h-i686-mingw32/bin/../lib/gcc/nios2-elf/4.1.2/../../../../nios2-elf/lib\libc.a(lib_a-memset.o)
 .data          0x00814930        0x0 c:/altera/12.0sp2/nios2eds/bin/gnu/h-i686-mingw32/bin/../lib/gcc/nios2-elf/4.1.2/../../../../nios2-elf/lib\libc.a(lib_a-stdio.o)
 .data          0x00814930        0x0 c:/altera/12.0sp2/nios2eds/bin/gnu/h-i686-mingw32/bin/../lib/gcc/nios2-elf/4.1.2/../../../../nios2-elf/lib\libc.a(lib_a-writer.o)
 .data          0x00814930        0x0 c:/altera/12.0sp2/nios2eds/bin/gnu/h-i686-mingw32/bin/../lib/gcc/nios2-elf/4.1.2/../../../../nios2-elf/lib\libc.a(lib_a-closer.o)
 .data          0x00814930        0x0 c:/altera/12.0sp2/nios2eds/bin/gnu/h-i686-mingw32/bin/../lib/gcc/nios2-elf/4.1.2/../../../../nios2-elf/lib\libc.a(lib_a-fclose.o)
 .data          0x00814930        0x0 c:/altera/12.0sp2/nios2eds/bin/gnu/h-i686-mingw32/bin/../lib/gcc/nios2-elf/4.1.2/../../../../nios2-elf/lib\libc.a(lib_a-fstatr.o)
 .data          0x00814930        0x0 c:/altera/12.0sp2/nios2eds/bin/gnu/h-i686-mingw32/bin/../lib/gcc/nios2-elf/4.1.2/../../../../nios2-elf/lib\libc.a(lib_a-isattyr.o)
 .data          0x00814930        0x0 c:/altera/12.0sp2/nios2eds/bin/gnu/h-i686-mingw32/bin/../lib/gcc/nios2-elf/4.1.2/../../../../nios2-elf/lib\libc.a(lib_a-lseekr.o)
 .data          0x00814930        0x0 c:/altera/12.0sp2/nios2eds/bin/gnu/h-i686-mingw32/bin/../lib/gcc/nios2-elf/4.1.2/../../../../nios2-elf/lib\libc.a(lib_a-readr.o)
 .data          0x00814930        0x0 ../TowerDefence_bsp/\libhal_bsp.a(alt_alarm_start.o)
 .data          0x00814930        0x0 ../TowerDefence_bsp/\libhal_bsp.a(alt_close.o)
 .data          0x00814930      0x1a8 ../TowerDefence_bsp/\libhal_bsp.a(alt_dev.o)
                0x00814930                alt_dev_null
                0x00814958                alt_fd_list
 .data          0x00814ad8        0x0 ../TowerDefence_bsp/\libhal_bsp.a(alt_errno.o)
 .data          0x00814ad8        0x0 ../TowerDefence_bsp/\libhal_bsp.a(alt_fstat.o)
 .data          0x00814ad8        0x0 ../TowerDefence_bsp/\libhal_bsp.a(alt_isatty.o)
 .data          0x00814ad8        0x0 ../TowerDefence_bsp/\libhal_bsp.a(alt_load.o)
 .data          0x00814ad8        0x0 ../TowerDefence_bsp/\libhal_bsp.a(alt_lseek.o)
 .data          0x00814ad8        0x0 ../TowerDefence_bsp/\libhal_bsp.a(alt_main.o)
 .data          0x00814ad8        0x0 ../TowerDefence_bsp/\libhal_bsp.a(alt_malloc_lock.o)
 .data          0x00814ad8        0x0 ../TowerDefence_bsp/\libhal_bsp.a(alt_read.o)
 .data          0x00814ad8        0x0 ../TowerDefence_bsp/\libhal_bsp.a(alt_release_fd.o)
 .data          0x00814ad8        0x0 ../TowerDefence_bsp/\libhal_bsp.a(alt_sbrk.o)
 .data          0x00814ad8        0x0 ../TowerDefence_bsp/\libhal_bsp.a(alt_tick.o)
 .data          0x00814ad8        0x0 ../TowerDefence_bsp/\libhal_bsp.a(alt_usleep.o)
 .data          0x00814ad8        0x0 ../TowerDefence_bsp/\libhal_bsp.a(alt_write.o)
 .data          0x00814ad8     0x1128 ../TowerDefence_bsp/\libhal_bsp.a(alt_sys_init.o)
 .data          0x00815c00        0x0 ../TowerDefence_bsp/\libhal_bsp.a(altera_avalon_jtag_uart_fd.o)
 .data          0x00815c00        0x0 ../TowerDefence_bsp/\libhal_bsp.a(altera_avalon_jtag_uart_init.o)
 .data          0x00815c00        0x0 ../TowerDefence_bsp/\libhal_bsp.a(altera_avalon_jtag_uart_ioctl.o)
 .data          0x00815c00        0x0 ../TowerDefence_bsp/\libhal_bsp.a(altera_avalon_jtag_uart_read.o)
 .data          0x00815c00        0x0 ../TowerDefence_bsp/\libhal_bsp.a(altera_avalon_jtag_uart_write.o)
 .data          0x00815c00        0x0 ../TowerDefence_bsp/\libhal_bsp.a(altera_avalon_timer_sc.o)
 .data          0x00815c00        0x0 ../TowerDefence_bsp/\libhal_bsp.a(altera_avalon_timer_vars.o)
 .data          0x00815c00        0x0 ../TowerDefence_bsp/\libhal_bsp.a(altera_up_avalon_video_character_buffer_with_dma.o)
 .data          0x00815c00        0x0 ../TowerDefence_bsp/\libhal_bsp.a(altera_up_avalon_video_pixel_buffer_dma.o)
 .data          0x00815c00        0x0 ../TowerDefence_bsp/\libhal_bsp.a(altera_up_sd_card_avalon_interface.o)
 .data          0x00815c00        0x0 ../TowerDefence_bsp/\libhal_bsp.a(alt_busy_sleep.o)
 .data          0x00815c00        0x0 ../TowerDefence_bsp/\libhal_bsp.a(alt_dcache_flush_all.o)
 .data          0x00815c00        0x0 ../TowerDefence_bsp/\libhal_bsp.a(alt_dev_llist_insert.o)
 .data          0x00815c00        0x0 ../TowerDefence_bsp/\libhal_bsp.a(alt_do_ctors.o)
 .data          0x00815c00        0x0 ../TowerDefence_bsp/\libhal_bsp.a(alt_do_dtors.o)
 .data          0x00815c00        0x0 ../TowerDefence_bsp/\libhal_bsp.a(alt_find_dev.o)
 .data          0x00815c00        0x0 ../TowerDefence_bsp/\libhal_bsp.a(alt_icache_flush_all.o)
 .data          0x00815c00        0x0 ../TowerDefence_bsp/\libhal_bsp.a(alt_iic.o)
 .data          0x00815c00        0x0 ../TowerDefence_bsp/\libhal_bsp.a(alt_iic_isr_register.o)
 .data          0x00815c00        0x0 ../TowerDefence_bsp/\libhal_bsp.a(alt_io_redirect.o)
 .data          0x00815c00        0x0 ../TowerDefence_bsp/\libhal_bsp.a(alt_irq_entry.o)
 .data          0x00815c00        0x0 ../TowerDefence_bsp/\libhal_bsp.a(alt_irq_handler.o)
 .data          0x00815c00        0x0 ../TowerDefence_bsp/\libhal_bsp.a(alt_irq_vars.o)
 .data          0x00815c00        0x0 ../TowerDefence_bsp/\libhal_bsp.a(alt_open.o)
 .data          0x00815c00        0x0 ../TowerDefence_bsp/\libhal_bsp.a(altera_nios2_qsys_irq.o)
 .data          0x00815c00        0x0 ../TowerDefence_bsp/\libhal_bsp.a(alt_exception_entry.o)
 .data          0x00815c00        0x0 ../TowerDefence_bsp/\libhal_bsp.a(alt_find_file.o)
 .data          0x00815c00        0x0 ../TowerDefence_bsp/\libhal_bsp.a(alt_get_fd.o)
 .data          0x00815c00        0x0 ../TowerDefence_bsp/\libhal_bsp.a(alt_icache_flush.o)
 .data          0x00815c00        0x0 c:/altera/12.0sp2/nios2eds/bin/gnu/h-i686-mingw32/bin/../lib/gcc/nios2-elf/4.1.2/../../../../nios2-elf/lib\libc.a(lib_a-atexit.o)
 .data          0x00815c00        0x0 c:/altera/12.0sp2/nios2eds/bin/gnu/h-i686-mingw32/bin/../lib/gcc/nios2-elf/4.1.2/../../../../nios2-elf/lib\libc.a(lib_a-exit.o)
 .data          0x00815c00        0x0 c:/altera/12.0sp2/nios2eds/bin/gnu/h-i686-mingw32/bin/../lib/gcc/nios2-elf/4.1.2/../../../../nios2-elf/lib\libc.a(lib_a-memcmp.o)
 .data          0x00815c00        0x0 c:/altera/12.0sp2/nios2eds/bin/gnu/h-i686-mingw32/bin/../lib/gcc/nios2-elf/4.1.2/../../../../nios2-elf/lib\libc.a(lib_a-strcmp.o)
 .data          0x00815c00        0x0 c:/altera/12.0sp2/nios2eds/bin/gnu/h-i686-mingw32/bin/../lib/gcc/nios2-elf/4.1.2/../../../../nios2-elf/lib\libc.a(lib_a-__atexit.o)
 .data          0x00815c00        0x0 c:/altera/12.0sp2/nios2eds/bin/gnu/h-i686-mingw32/bin/../lib/gcc/nios2-elf/4.1.2/../../../../nios2-elf/lib\libc.a(lib_a-__call_atexit.o)
 .data          0x00815c00        0x0 ../TowerDefence_bsp/\libhal_bsp.a(alt_exit.o)
                0x0081dc00                _gp = ABSOLUTE ((. + 0x8000))
                0x0081dc00                PROVIDE (gp, _gp)
 *(.rwdata .rwdata.*)
 *(.sdata .sdata.* .gnu.linkonce.s.*)
 .sdata         0x00815c00        0x4 obj/default/hardCode.o
                0x00815c00                star
 .sdata         0x00815c04        0x4 c:/altera/12.0sp2/nios2eds/bin/gnu/h-i686-mingw32/bin/../lib/gcc/nios2-elf/4.1.2/../../../../nios2-elf/lib\libm.a(lib_a-s_lib_ver.o)
                0x00815c04                __fdlib_version
 .sdata         0x00815c08        0x8 c:/altera/12.0sp2/nios2eds/bin/gnu/h-i686-mingw32/bin/../lib/gcc/nios2-elf/4.1.2/../../../../nios2-elf/lib\libc.a(lib_a-impure.o)
                0x00815c08                _impure_ptr
                0x00815c0c                _global_impure_ptr
 .sdata         0x00815c10        0x8 c:/altera/12.0sp2/nios2eds/bin/gnu/h-i686-mingw32/bin/../lib/gcc/nios2-elf/4.1.2/../../../../nios2-elf/lib\libc.a(lib_a-mallocr.o)
                0x00815c10                __malloc_trim_threshold
                0x00815c14                __malloc_sbrk_base
 .sdata         0x00815c18       0x14 ../TowerDefence_bsp/\libhal_bsp.a(alt_dev.o)
                0x00815c18                alt_fs_list
                0x00815c20                alt_dev_list
                0x00815c28                alt_max_fd
 .sdata         0x00815c2c        0x4 ../TowerDefence_bsp/\libhal_bsp.a(alt_errno.o)
                0x00815c2c                alt_errno
 .sdata         0x00815c30        0x4 ../TowerDefence_bsp/\libhal_bsp.a(alt_sbrk.o)
 .sdata         0x00815c34        0x8 ../TowerDefence_bsp/\libhal_bsp.a(alt_tick.o)
                0x00815c34                alt_alarm_list
 .sdata         0x00815c3c        0x4 ../TowerDefence_bsp/\libhal_bsp.a(alt_irq_vars.o)
                0x00815c3c                alt_priority_mask
 *(.sdata2 .sdata2.* .gnu.linkonce.s2.*)
                0x00815c40                . = ALIGN (0x4)
                0x00815c40                _edata = ABSOLUTE (.)
                0x00815c40                PROVIDE (edata, ABSOLUTE (.))
                0x00815c40                PROVIDE (__ram_rwdata_end, ABSOLUTE (.))
                0x00815c40                PROVIDE (__flash_rwdata_start, LOADADDR (.rwdata))

.bss            0x0081cba8      0x888
                0x0081cba8                __bss_start = ABSOLUTE (.)
                0x0081cba8                PROVIDE (__sbss_start, ABSOLUTE (.))
                0x0081cba8                PROVIDE (___sbss_start, ABSOLUTE (.))
 *(.dynsbss)
 *(.sbss .sbss.* .gnu.linkonce.sb.*)
 .sbss          0x0081cba8        0x0 obj/default/Env.o
 .sbss          0x0081cba8        0x4 obj/default/Game.o
                0x0081cba8                pixel_buffer
 .sbss          0x0081cbac        0xc c:/altera/12.0sp2/nios2eds/bin/gnu/h-i686-mingw32/bin/../lib/gcc/nios2-elf/4.1.2/../../../../nios2-elf/lib\libc.a(lib_a-mallocr.o)
                0x0081cbac                __malloc_top_pad
                0x0081cbb0                __malloc_max_sbrked_mem
                0x0081cbb4                __malloc_max_total_mem
 .sbss          0x0081cbb8        0x4 c:/altera/12.0sp2/nios2eds/bin/gnu/h-i686-mingw32/bin/../lib/gcc/nios2-elf/4.1.2/../../../../nios2-elf/lib\libc.a(lib_a-int_errno.o)
                0x0081cbb8                errno
 .sbss          0x0081cbbc        0xc ../TowerDefence_bsp/\libhal_bsp.a(alt_main.o)
                0x0081cbbc                alt_argc
                0x0081cbc0                alt_argv
                0x0081cbc4                alt_envp
 .sbss          0x0081cbc8        0x8 ../TowerDefence_bsp/\libhal_bsp.a(alt_tick.o)
                0x0081cbc8                _alt_tick_rate
                0x0081cbcc                _alt_nticks
 .sbss          0x0081cbd0        0x8 ../TowerDefence_bsp/\libhal_bsp.a(altera_avalon_timer_vars.o)
                0x0081cbd0                altera_avalon_timer_ts_base
                0x0081cbd4                altera_avalon_timer_ts_freq
 .sbss          0x0081cbd8       0x34 ../TowerDefence_bsp/\libhal_bsp.a(altera_up_sd_card_avalon_interface.o)
                0x0081cbd8                initialized
                0x0081cbdc                is_sd_card_formated_as_FAT16
                0x0081cbe0                aux_status_register
                0x0081cbe4                status_register
                0x0081cbe8                CSD_register_w0
                0x0081cbec                command_register
                0x0081cbf0                command_argument_register
                0x0081cbf4                buffer_memory
                0x0081cbf8                fat_partition_offset_in_512_byte_sectors
                0x0081cbfc                fat_partition_size_in_512_byte_sectors
                0x0081cc00                device_pointer
                0x0081cc04                current_sector_modified
                0x0081cc08                current_sector_index
 .sbss          0x0081cc0c        0x4 ../TowerDefence_bsp/\libhal_bsp.a(alt_irq_vars.o)
                0x0081cc0c                alt_irq_active
 *(.sbss2 .sbss2.* .gnu.linkonce.sb2.*)
 *(.scommon)
                0x0081cc10                PROVIDE (__sbss_end, ABSOLUTE (.))
                0x0081cc10                PROVIDE (___sbss_end, ABSOLUTE (.))
 *(.dynbss)
 *(.bss .bss.* .gnu.linkonce.b.*)
 .bss           0x0081cc10        0x0 ../TowerDefence_bsp//obj/HAL/src/crt0.o
 .bss           0x0081cc10        0x0 obj/default/Env.o
 .bss           0x0081cc10        0x0 obj/default/Game.o
 .bss           0x0081cc10        0x0 obj/default/Object.o
 .bss           0x0081cc10        0x0 obj/default/animation.o
 .bss           0x0081cc10        0x0 obj/default/hardCode.o
 .bss           0x0081cc10        0x0 c:/altera/12.0sp2/nios2eds/bin/gnu/h-i686-mingw32/bin/../lib/gcc/nios2-elf/4.1.2/../../../../nios2-elf/lib\libm.a(lib_a-w_sqrt.o)
 .bss           0x0081cc10        0x0 c:/altera/12.0sp2/nios2eds/bin/gnu/h-i686-mingw32/bin/../lib/gcc/nios2-elf/4.1.2/../../../../nios2-elf/lib\libm.a(lib_a-e_sqrt.o)
 .bss           0x0081cc10        0x0 c:/altera/12.0sp2/nios2eds/bin/gnu/h-i686-mingw32/bin/../lib/gcc/nios2-elf/4.1.2/../../../../nios2-elf/lib\libm.a(lib_a-s_isnand.o)
 .bss           0x0081cc10        0x0 c:/altera/12.0sp2/nios2eds/bin/gnu/h-i686-mingw32/bin/../lib/gcc/nios2-elf/4.1.2/../../../../nios2-elf/lib\libm.a(lib_a-s_lib_ver.o)
 .bss           0x0081cc10        0x0 c:/altera/12.0sp2/nios2eds/bin/gnu/h-i686-mingw32/bin/../lib/gcc/nios2-elf/4.1.2/../../../../nios2-elf/lib\libm.a(lib_a-s_matherr.o)
 .bss           0x0081cc10        0x0 c:/altera/12.0sp2/nios2eds/bin/gnu/h-i686-mingw32/bin/../lib/gcc/nios2-elf/4.1.2\libgcc.a(_le_sf.o)
 .bss           0x0081cc10        0x0 c:/altera/12.0sp2/nios2eds/bin/gnu/h-i686-mingw32/bin/../lib/gcc/nios2-elf/4.1.2\libgcc.a(_si_to_sf.o)
 .bss           0x0081cc10        0x0 c:/altera/12.0sp2/nios2eds/bin/gnu/h-i686-mingw32/bin/../lib/gcc/nios2-elf/4.1.2\libgcc.a(_sf_to_df.o)
 .bss           0x0081cc10        0x0 c:/altera/12.0sp2/nios2eds/bin/gnu/h-i686-mingw32/bin/../lib/gcc/nios2-elf/4.1.2\libgcc.a(_addsub_df.o)
 .bss           0x0081cc10        0x0 c:/altera/12.0sp2/nios2eds/bin/gnu/h-i686-mingw32/bin/../lib/gcc/nios2-elf/4.1.2\libgcc.a(_mul_df.o)
 .bss           0x0081cc10        0x0 c:/altera/12.0sp2/nios2eds/bin/gnu/h-i686-mingw32/bin/../lib/gcc/nios2-elf/4.1.2\libgcc.a(_div_df.o)
 .bss           0x0081cc10        0x0 c:/altera/12.0sp2/nios2eds/bin/gnu/h-i686-mingw32/bin/../lib/gcc/nios2-elf/4.1.2\libgcc.a(_lt_df.o)
 .bss           0x0081cc10        0x0 c:/altera/12.0sp2/nios2eds/bin/gnu/h-i686-mingw32/bin/../lib/gcc/nios2-elf/4.1.2\libgcc.a(_make_df.o)
 .bss           0x0081cc10        0x0 c:/altera/12.0sp2/nios2eds/bin/gnu/h-i686-mingw32/bin/../lib/gcc/nios2-elf/4.1.2\libgcc.a(_df_to_sf.o)
 .bss           0x0081cc10        0x0 c:/altera/12.0sp2/nios2eds/bin/gnu/h-i686-mingw32/bin/../lib/gcc/nios2-elf/4.1.2\libgcc.a(_thenan_df.o)
 .bss           0x0081cc10        0x0 c:/altera/12.0sp2/nios2eds/bin/gnu/h-i686-mingw32/bin/../lib/gcc/nios2-elf/4.1.2\libgcc.a(lib2-divmod.o)
 .bss           0x0081cc10        0x0 c:/altera/12.0sp2/nios2eds/bin/gnu/h-i686-mingw32/bin/../lib/gcc/nios2-elf/4.1.2\libgcc.a(_muldi3.o)
 .bss           0x0081cc10        0x0 c:/altera/12.0sp2/nios2eds/bin/gnu/h-i686-mingw32/bin/../lib/gcc/nios2-elf/4.1.2\libgcc.a(_clzsi2.o)
 .bss           0x0081cc10        0x0 c:/altera/12.0sp2/nios2eds/bin/gnu/h-i686-mingw32/bin/../lib/gcc/nios2-elf/4.1.2\libgcc.a(_pack_sf.o)
 .bss           0x0081cc10        0x0 c:/altera/12.0sp2/nios2eds/bin/gnu/h-i686-mingw32/bin/../lib/gcc/nios2-elf/4.1.2\libgcc.a(_unpack_sf.o)
 .bss           0x0081cc10        0x0 c:/altera/12.0sp2/nios2eds/bin/gnu/h-i686-mingw32/bin/../lib/gcc/nios2-elf/4.1.2\libgcc.a(_fpcmp_parts_sf.o)
 .bss           0x0081cc10        0x0 c:/altera/12.0sp2/nios2eds/bin/gnu/h-i686-mingw32/bin/../lib/gcc/nios2-elf/4.1.2\libgcc.a(_make_sf.o)
 .bss           0x0081cc10        0x0 c:/altera/12.0sp2/nios2eds/bin/gnu/h-i686-mingw32/bin/../lib/gcc/nios2-elf/4.1.2\libgcc.a(_pack_df.o)
 .bss           0x0081cc10        0x0 c:/altera/12.0sp2/nios2eds/bin/gnu/h-i686-mingw32/bin/../lib/gcc/nios2-elf/4.1.2\libgcc.a(_unpack_df.o)
 .bss           0x0081cc10        0x0 c:/altera/12.0sp2/nios2eds/bin/gnu/h-i686-mingw32/bin/../lib/gcc/nios2-elf/4.1.2\libgcc.a(_fpcmp_parts_df.o)
 .bss           0x0081cc10        0x0 c:/altera/12.0sp2/nios2eds/bin/gnu/h-i686-mingw32/bin/../lib/gcc/nios2-elf/4.1.2\libgcc.a(_clz.o)
 .bss           0x0081cc10        0x0 c:/altera/12.0sp2/nios2eds/bin/gnu/h-i686-mingw32/bin/../lib/gcc/nios2-elf/4.1.2/../../../../nios2-elf/lib\libc.a(lib_a-errno.o)
 .bss           0x0081cc10        0x0 c:/altera/12.0sp2/nios2eds/bin/gnu/h-i686-mingw32/bin/../lib/gcc/nios2-elf/4.1.2/../../../../nios2-elf/lib\libc.a(lib_a-impure.o)
 .bss           0x0081cc10        0x0 c:/altera/12.0sp2/nios2eds/bin/gnu/h-i686-mingw32/bin/../lib/gcc/nios2-elf/4.1.2/../../../../nios2-elf/lib\libc.a(lib_a-malloc.o)
 .bss           0x0081cc10       0x28 c:/altera/12.0sp2/nios2eds/bin/gnu/h-i686-mingw32/bin/../lib/gcc/nios2-elf/4.1.2/../../../../nios2-elf/lib\libc.a(lib_a-mallocr.o)
                0x0081cc10                __malloc_current_mallinfo
 .bss           0x0081cc38        0x0 c:/altera/12.0sp2/nios2eds/bin/gnu/h-i686-mingw32/bin/../lib/gcc/nios2-elf/4.1.2/../../../../nios2-elf/lib\libc.a(lib_a-puts.o)
 .bss           0x0081cc38        0x0 c:/altera/12.0sp2/nios2eds/bin/gnu/h-i686-mingw32/bin/../lib/gcc/nios2-elf/4.1.2/../../../../nios2-elf/lib\libc.a(lib_a-rand.o)
 .bss           0x0081cc38        0x0 c:/altera/12.0sp2/nios2eds/bin/gnu/h-i686-mingw32/bin/../lib/gcc/nios2-elf/4.1.2/../../../../nios2-elf/lib\libc.a(lib_a-sbrkr.o)
 .bss           0x0081cc38        0x0 c:/altera/12.0sp2/nios2eds/bin/gnu/h-i686-mingw32/bin/../lib/gcc/nios2-elf/4.1.2/../../../../nios2-elf/lib\libc.a(lib_a-strlen.o)
 .bss           0x0081cc38        0x0 c:/altera/12.0sp2/nios2eds/bin/gnu/h-i686-mingw32/bin/../lib/gcc/nios2-elf/4.1.2/../../../../nios2-elf/lib\libc.a(lib_a-freer.o)
 .bss           0x0081cc38        0x0 c:/altera/12.0sp2/nios2eds/bin/gnu/h-i686-mingw32/bin/../lib/gcc/nios2-elf/4.1.2/../../../../nios2-elf/lib\libc.a(lib_a-fvwrite.o)
 .bss           0x0081cc38        0x0 c:/altera/12.0sp2/nios2eds/bin/gnu/h-i686-mingw32/bin/../lib/gcc/nios2-elf/4.1.2/../../../../nios2-elf/lib\libc.a(lib_a-int_errno.o)
 .bss           0x0081cc38        0x0 c:/altera/12.0sp2/nios2eds/bin/gnu/h-i686-mingw32/bin/../lib/gcc/nios2-elf/4.1.2/../../../../nios2-elf/lib\libc.a(lib_a-memchr.o)
 .bss           0x0081cc38        0x0 c:/altera/12.0sp2/nios2eds/bin/gnu/h-i686-mingw32/bin/../lib/gcc/nios2-elf/4.1.2/../../../../nios2-elf/lib\libc.a(lib_a-memcpy.o)
 .bss           0x0081cc38        0x0 c:/altera/12.0sp2/nios2eds/bin/gnu/h-i686-mingw32/bin/../lib/gcc/nios2-elf/4.1.2/../../../../nios2-elf/lib\libc.a(lib_a-memmove.o)
 .bss           0x0081cc38        0x0 c:/altera/12.0sp2/nios2eds/bin/gnu/h-i686-mingw32/bin/../lib/gcc/nios2-elf/4.1.2/../../../../nios2-elf/lib\libc.a(lib_a-reallocr.o)
 .bss           0x0081cc38        0x0 c:/altera/12.0sp2/nios2eds/bin/gnu/h-i686-mingw32/bin/../lib/gcc/nios2-elf/4.1.2/../../../../nios2-elf/lib\libc.a(lib_a-wsetup.o)
 .bss           0x0081cc38        0x0 c:/altera/12.0sp2/nios2eds/bin/gnu/h-i686-mingw32/bin/../lib/gcc/nios2-elf/4.1.2/../../../../nios2-elf/lib\libc.a(lib_a-fflush.o)
 .bss           0x0081cc38        0x0 c:/altera/12.0sp2/nios2eds/bin/gnu/h-i686-mingw32/bin/../lib/gcc/nios2-elf/4.1.2/../../../../nios2-elf/lib\libc.a(lib_a-findfp.o)
 .bss           0x0081cc38        0x0 c:/altera/12.0sp2/nios2eds/bin/gnu/h-i686-mingw32/bin/../lib/gcc/nios2-elf/4.1.2/../../../../nios2-elf/lib\libc.a(lib_a-fwalk.o)
 .bss           0x0081cc38        0x0 c:/altera/12.0sp2/nios2eds/bin/gnu/h-i686-mingw32/bin/../lib/gcc/nios2-elf/4.1.2/../../../../nios2-elf/lib\libc.a(lib_a-makebuf.o)
 .bss           0x0081cc38        0x0 c:/altera/12.0sp2/nios2eds/bin/gnu/h-i686-mingw32/bin/../lib/gcc/nios2-elf/4.1.2/../../../../nios2-elf/lib\libc.a(lib_a-memset.o)
 .bss           0x0081cc38        0x0 c:/altera/12.0sp2/nios2eds/bin/gnu/h-i686-mingw32/bin/../lib/gcc/nios2-elf/4.1.2/../../../../nios2-elf/lib\libc.a(lib_a-stdio.o)
 .bss           0x0081cc38        0x0 c:/altera/12.0sp2/nios2eds/bin/gnu/h-i686-mingw32/bin/../lib/gcc/nios2-elf/4.1.2/../../../../nios2-elf/lib\libc.a(lib_a-writer.o)
 .bss           0x0081cc38        0x0 c:/altera/12.0sp2/nios2eds/bin/gnu/h-i686-mingw32/bin/../lib/gcc/nios2-elf/4.1.2/../../../../nios2-elf/lib\libc.a(lib_a-closer.o)
 .bss           0x0081cc38        0x0 c:/altera/12.0sp2/nios2eds/bin/gnu/h-i686-mingw32/bin/../lib/gcc/nios2-elf/4.1.2/../../../../nios2-elf/lib\libc.a(lib_a-fclose.o)
 .bss           0x0081cc38        0x0 c:/altera/12.0sp2/nios2eds/bin/gnu/h-i686-mingw32/bin/../lib/gcc/nios2-elf/4.1.2/../../../../nios2-elf/lib\libc.a(lib_a-fstatr.o)
 .bss           0x0081cc38        0x0 c:/altera/12.0sp2/nios2eds/bin/gnu/h-i686-mingw32/bin/../lib/gcc/nios2-elf/4.1.2/../../../../nios2-elf/lib\libc.a(lib_a-isattyr.o)
 .bss           0x0081cc38        0x0 c:/altera/12.0sp2/nios2eds/bin/gnu/h-i686-mingw32/bin/../lib/gcc/nios2-elf/4.1.2/../../../../nios2-elf/lib\libc.a(lib_a-lseekr.o)
 .bss           0x0081cc38        0x0 c:/altera/12.0sp2/nios2eds/bin/gnu/h-i686-mingw32/bin/../lib/gcc/nios2-elf/4.1.2/../../../../nios2-elf/lib\libc.a(lib_a-readr.o)
 .bss           0x0081cc38        0x0 ../TowerDefence_bsp/\libhal_bsp.a(alt_alarm_start.o)
 .bss           0x0081cc38        0x0 ../TowerDefence_bsp/\libhal_bsp.a(alt_close.o)
 .bss           0x0081cc38        0x0 ../TowerDefence_bsp/\libhal_bsp.a(alt_dev.o)
 .bss           0x0081cc38        0x0 ../TowerDefence_bsp/\libhal_bsp.a(alt_errno.o)
 .bss           0x0081cc38        0x0 ../TowerDefence_bsp/\libhal_bsp.a(alt_fstat.o)
 .bss           0x0081cc38        0x0 ../TowerDefence_bsp/\libhal_bsp.a(alt_isatty.o)
 .bss           0x0081cc38        0x0 ../TowerDefence_bsp/\libhal_bsp.a(alt_load.o)
 .bss           0x0081cc38        0x0 ../TowerDefence_bsp/\libhal_bsp.a(alt_lseek.o)
 .bss           0x0081cc38        0x0 ../TowerDefence_bsp/\libhal_bsp.a(alt_main.o)
 .bss           0x0081cc38        0x0 ../TowerDefence_bsp/\libhal_bsp.a(alt_malloc_lock.o)
 .bss           0x0081cc38        0x0 ../TowerDefence_bsp/\libhal_bsp.a(alt_read.o)
 .bss           0x0081cc38        0x0 ../TowerDefence_bsp/\libhal_bsp.a(alt_release_fd.o)
 .bss           0x0081cc38        0x0 ../TowerDefence_bsp/\libhal_bsp.a(alt_sbrk.o)
 .bss           0x0081cc38        0x0 ../TowerDefence_bsp/\libhal_bsp.a(alt_tick.o)
 .bss           0x0081cc38        0x0 ../TowerDefence_bsp/\libhal_bsp.a(alt_usleep.o)
 .bss           0x0081cc38        0x0 ../TowerDefence_bsp/\libhal_bsp.a(alt_write.o)
 .bss           0x0081cc38        0x0 ../TowerDefence_bsp/\libhal_bsp.a(alt_sys_init.o)
 .bss           0x0081cc38        0x0 ../TowerDefence_bsp/\libhal_bsp.a(altera_avalon_jtag_uart_fd.o)
 .bss           0x0081cc38        0x0 ../TowerDefence_bsp/\libhal_bsp.a(altera_avalon_jtag_uart_init.o)
 .bss           0x0081cc38        0x0 ../TowerDefence_bsp/\libhal_bsp.a(altera_avalon_jtag_uart_ioctl.o)
 .bss           0x0081cc38        0x0 ../TowerDefence_bsp/\libhal_bsp.a(altera_avalon_jtag_uart_read.o)
 .bss           0x0081cc38        0x0 ../TowerDefence_bsp/\libhal_bsp.a(altera_avalon_jtag_uart_write.o)
 .bss           0x0081cc38        0x0 ../TowerDefence_bsp/\libhal_bsp.a(altera_avalon_timer_sc.o)
 .bss           0x0081cc38        0x0 ../TowerDefence_bsp/\libhal_bsp.a(altera_avalon_timer_vars.o)
 .bss           0x0081cc38        0x0 ../TowerDefence_bsp/\libhal_bsp.a(altera_up_avalon_video_character_buffer_with_dma.o)
 .bss           0x0081cc38        0x0 ../TowerDefence_bsp/\libhal_bsp.a(altera_up_avalon_video_pixel_buffer_dma.o)
 .bss           0x0081cc38        0x0 ../TowerDefence_bsp/\libhal_bsp.a(altera_up_sd_card_avalon_interface.o)
 .bss           0x0081cc38        0x0 ../TowerDefence_bsp/\libhal_bsp.a(alt_busy_sleep.o)
 .bss           0x0081cc38        0x0 ../TowerDefence_bsp/\libhal_bsp.a(alt_dcache_flush_all.o)
 .bss           0x0081cc38        0x0 ../TowerDefence_bsp/\libhal_bsp.a(alt_dev_llist_insert.o)
 .bss           0x0081cc38        0x0 ../TowerDefence_bsp/\libhal_bsp.a(alt_do_ctors.o)
 .bss           0x0081cc38        0x0 ../TowerDefence_bsp/\libhal_bsp.a(alt_do_dtors.o)
 .bss           0x0081cc38        0x0 ../TowerDefence_bsp/\libhal_bsp.a(alt_find_dev.o)
 .bss           0x0081cc38        0x0 ../TowerDefence_bsp/\libhal_bsp.a(alt_icache_flush_all.o)
 .bss           0x0081cc38        0x0 ../TowerDefence_bsp/\libhal_bsp.a(alt_iic.o)
 .bss           0x0081cc38        0x0 ../TowerDefence_bsp/\libhal_bsp.a(alt_iic_isr_register.o)
 .bss           0x0081cc38        0x0 ../TowerDefence_bsp/\libhal_bsp.a(alt_io_redirect.o)
 .bss           0x0081cc38        0x0 ../TowerDefence_bsp/\libhal_bsp.a(alt_irq_entry.o)
 .bss           0x0081cc38        0x0 ../TowerDefence_bsp/\libhal_bsp.a(alt_irq_handler.o)
 .bss           0x0081cc38        0x0 ../TowerDefence_bsp/\libhal_bsp.a(alt_irq_vars.o)
 .bss           0x0081cc38        0x0 ../TowerDefence_bsp/\libhal_bsp.a(alt_open.o)
 .bss           0x0081cc38        0x0 ../TowerDefence_bsp/\libhal_bsp.a(altera_nios2_qsys_irq.o)
 .bss           0x0081cc38        0x0 ../TowerDefence_bsp/\libhal_bsp.a(alt_exception_entry.o)
 .bss           0x0081cc38        0x0 ../TowerDefence_bsp/\libhal_bsp.a(alt_find_file.o)
 .bss           0x0081cc38        0x0 ../TowerDefence_bsp/\libhal_bsp.a(alt_get_fd.o)
 .bss           0x0081cc38        0x0 ../TowerDefence_bsp/\libhal_bsp.a(alt_icache_flush.o)
 .bss           0x0081cc38        0x0 c:/altera/12.0sp2/nios2eds/bin/gnu/h-i686-mingw32/bin/../lib/gcc/nios2-elf/4.1.2/../../../../nios2-elf/lib\libc.a(lib_a-atexit.o)
 .bss           0x0081cc38        0x0 c:/altera/12.0sp2/nios2eds/bin/gnu/h-i686-mingw32/bin/../lib/gcc/nios2-elf/4.1.2/../../../../nios2-elf/lib\libc.a(lib_a-exit.o)
 .bss           0x0081cc38        0x0 c:/altera/12.0sp2/nios2eds/bin/gnu/h-i686-mingw32/bin/../lib/gcc/nios2-elf/4.1.2/../../../../nios2-elf/lib\libc.a(lib_a-memcmp.o)
 .bss           0x0081cc38        0x0 c:/altera/12.0sp2/nios2eds/bin/gnu/h-i686-mingw32/bin/../lib/gcc/nios2-elf/4.1.2/../../../../nios2-elf/lib\libc.a(lib_a-strcmp.o)
 .bss           0x0081cc38        0x0 c:/altera/12.0sp2/nios2eds/bin/gnu/h-i686-mingw32/bin/../lib/gcc/nios2-elf/4.1.2/../../../../nios2-elf/lib\libc.a(lib_a-__atexit.o)
 .bss           0x0081cc38        0x0 c:/altera/12.0sp2/nios2eds/bin/gnu/h-i686-mingw32/bin/../lib/gcc/nios2-elf/4.1.2/../../../../nios2-elf/lib\libc.a(lib_a-__call_atexit.o)
 .bss           0x0081cc38        0x0 ../TowerDefence_bsp/\libhal_bsp.a(alt_exit.o)
 *(COMMON)
 COMMON         0x0081cc38        0x0 obj/default/Env.o
 COMMON         0x0081cc38      0x568 ../TowerDefence_bsp/\libhal_bsp.a(altera_up_sd_card_avalon_interface.o)
                0x0081cc38                search_data
                0x0081cc4c                boot_sector_data
                0x0081cca0                active_files
 COMMON         0x0081d1a0      0x100 ../TowerDefence_bsp/\libhal_bsp.a(alt_irq_handler.o)
                0x0081d1a0                alt_irq
 COMMON         0x0081d2a0      0x190 c:/altera/12.0sp2/nios2eds/bin/gnu/h-i686-mingw32/bin/../lib/gcc/nios2-elf/4.1.2/../../../../nios2-elf/lib\libc.a(lib_a-atexit.o)
                0x0081d2a0                _atexit0
                0x0081d430                . = ALIGN (0x4)
                0x0081d430                __bss_end = ABSOLUTE (.)

.sdram          0x0081d430        0x0
                0x0081d430                PROVIDE (_alt_partition_sdram_start, ABSOLUTE (.))
 *(.sdram. sdram.*)
                0x0081d430                . = ALIGN (0x4)
                0x0081d430                PROVIDE (_alt_partition_sdram_end, ABSOLUTE (.))
                0x0081d430                _end = ABSOLUTE (.)
                0x0081d430                end = ABSOLUTE (.)
                0x0081d430                __alt_stack_base = ABSOLUTE (.)
                0x0081d430                PROVIDE (_alt_partition_sdram_load_addr, LOADADDR (.sdram))

.stab
 *(.stab)

.stabstr
 *(.stabstr)

.stab.excl
 *(.stab.excl)

.stab.exclstr
 *(.stab.exclstr)

.stab.index
 *(.stab.index)

.stab.indexstr
 *(.stab.indexstr)

.comment        0x00000000       0x26
 *(.comment)
 .comment       0x00000000       0x26 obj/default/Env.o
                                 0x27 (size before relaxing)
 .comment       0x00000000       0x27 obj/default/Game.o
 .comment       0x00000000       0x27 obj/default/Object.o
 .comment       0x00000000       0x27 obj/default/animation.o
 .comment       0x00000000       0x27 obj/default/hardCode.o
 .comment       0x00000000       0x27 c:/altera/12.0sp2/nios2eds/bin/gnu/h-i686-mingw32/bin/../lib/gcc/nios2-elf/4.1.2/../../../../nios2-elf/lib\libm.a(lib_a-w_sqrt.o)
 .comment       0x00000000       0x27 c:/altera/12.0sp2/nios2eds/bin/gnu/h-i686-mingw32/bin/../lib/gcc/nios2-elf/4.1.2/../../../../nios2-elf/lib\libm.a(lib_a-e_sqrt.o)
 .comment       0x00000000       0x27 c:/altera/12.0sp2/nios2eds/bin/gnu/h-i686-mingw32/bin/../lib/gcc/nios2-elf/4.1.2/../../../../nios2-elf/lib\libm.a(lib_a-s_isnand.o)
 .comment       0x00000000       0x27 c:/altera/12.0sp2/nios2eds/bin/gnu/h-i686-mingw32/bin/../lib/gcc/nios2-elf/4.1.2/../../../../nios2-elf/lib\libm.a(lib_a-s_lib_ver.o)
 .comment       0x00000000       0x27 c:/altera/12.0sp2/nios2eds/bin/gnu/h-i686-mingw32/bin/../lib/gcc/nios2-elf/4.1.2/../../../../nios2-elf/lib\libm.a(lib_a-s_matherr.o)
 .comment       0x00000000       0x27 c:/altera/12.0sp2/nios2eds/bin/gnu/h-i686-mingw32/bin/../lib/gcc/nios2-elf/4.1.2\libgcc.a(_le_sf.o)
 .comment       0x00000000       0x27 c:/altera/12.0sp2/nios2eds/bin/gnu/h-i686-mingw32/bin/../lib/gcc/nios2-elf/4.1.2\libgcc.a(_si_to_sf.o)
 .comment       0x00000000       0x27 c:/altera/12.0sp2/nios2eds/bin/gnu/h-i686-mingw32/bin/../lib/gcc/nios2-elf/4.1.2\libgcc.a(_sf_to_df.o)
 .comment       0x00000000       0x27 c:/altera/12.0sp2/nios2eds/bin/gnu/h-i686-mingw32/bin/../lib/gcc/nios2-elf/4.1.2\libgcc.a(_addsub_df.o)
 .comment       0x00000000       0x27 c:/altera/12.0sp2/nios2eds/bin/gnu/h-i686-mingw32/bin/../lib/gcc/nios2-elf/4.1.2\libgcc.a(_mul_df.o)
 .comment       0x00000000       0x27 c:/altera/12.0sp2/nios2eds/bin/gnu/h-i686-mingw32/bin/../lib/gcc/nios2-elf/4.1.2\libgcc.a(_div_df.o)
 .comment       0x00000000       0x27 c:/altera/12.0sp2/nios2eds/bin/gnu/h-i686-mingw32/bin/../lib/gcc/nios2-elf/4.1.2\libgcc.a(_lt_df.o)
 .comment       0x00000000       0x27 c:/altera/12.0sp2/nios2eds/bin/gnu/h-i686-mingw32/bin/../lib/gcc/nios2-elf/4.1.2\libgcc.a(_make_df.o)
 .comment       0x00000000       0x27 c:/altera/12.0sp2/nios2eds/bin/gnu/h-i686-mingw32/bin/../lib/gcc/nios2-elf/4.1.2\libgcc.a(_df_to_sf.o)
 .comment       0x00000000       0x27 c:/altera/12.0sp2/nios2eds/bin/gnu/h-i686-mingw32/bin/../lib/gcc/nios2-elf/4.1.2\libgcc.a(_thenan_df.o)
 .comment       0x00000000       0x27 c:/altera/12.0sp2/nios2eds/bin/gnu/h-i686-mingw32/bin/../lib/gcc/nios2-elf/4.1.2\libgcc.a(lib2-divmod.o)
 .comment       0x00000000       0x27 c:/altera/12.0sp2/nios2eds/bin/gnu/h-i686-mingw32/bin/../lib/gcc/nios2-elf/4.1.2\libgcc.a(_muldi3.o)
 .comment       0x00000000       0x27 c:/altera/12.0sp2/nios2eds/bin/gnu/h-i686-mingw32/bin/../lib/gcc/nios2-elf/4.1.2\libgcc.a(_clzsi2.o)
 .comment       0x00000000       0x27 c:/altera/12.0sp2/nios2eds/bin/gnu/h-i686-mingw32/bin/../lib/gcc/nios2-elf/4.1.2\libgcc.a(_pack_sf.o)
 .comment       0x00000000       0x27 c:/altera/12.0sp2/nios2eds/bin/gnu/h-i686-mingw32/bin/../lib/gcc/nios2-elf/4.1.2\libgcc.a(_unpack_sf.o)
 .comment       0x00000000       0x27 c:/altera/12.0sp2/nios2eds/bin/gnu/h-i686-mingw32/bin/../lib/gcc/nios2-elf/4.1.2\libgcc.a(_fpcmp_parts_sf.o)
 .comment       0x00000000       0x27 c:/altera/12.0sp2/nios2eds/bin/gnu/h-i686-mingw32/bin/../lib/gcc/nios2-elf/4.1.2\libgcc.a(_make_sf.o)
 .comment       0x00000000       0x27 c:/altera/12.0sp2/nios2eds/bin/gnu/h-i686-mingw32/bin/../lib/gcc/nios2-elf/4.1.2\libgcc.a(_pack_df.o)
 .comment       0x00000000       0x27 c:/altera/12.0sp2/nios2eds/bin/gnu/h-i686-mingw32/bin/../lib/gcc/nios2-elf/4.1.2\libgcc.a(_unpack_df.o)
 .comment       0x00000000       0x27 c:/altera/12.0sp2/nios2eds/bin/gnu/h-i686-mingw32/bin/../lib/gcc/nios2-elf/4.1.2\libgcc.a(_fpcmp_parts_df.o)
 .comment       0x00000000       0x27 c:/altera/12.0sp2/nios2eds/bin/gnu/h-i686-mingw32/bin/../lib/gcc/nios2-elf/4.1.2\libgcc.a(_clz.o)
 .comment       0x00000000       0x27 c:/altera/12.0sp2/nios2eds/bin/gnu/h-i686-mingw32/bin/../lib/gcc/nios2-elf/4.1.2/../../../../nios2-elf/lib\libc.a(lib_a-errno.o)
 .comment       0x00000000       0x27 c:/altera/12.0sp2/nios2eds/bin/gnu/h-i686-mingw32/bin/../lib/gcc/nios2-elf/4.1.2/../../../../nios2-elf/lib\libc.a(lib_a-impure.o)
 .comment       0x00000000       0x27 c:/altera/12.0sp2/nios2eds/bin/gnu/h-i686-mingw32/bin/../lib/gcc/nios2-elf/4.1.2/../../../../nios2-elf/lib\libc.a(lib_a-malloc.o)
 .comment       0x00000000       0x27 c:/altera/12.0sp2/nios2eds/bin/gnu/h-i686-mingw32/bin/../lib/gcc/nios2-elf/4.1.2/../../../../nios2-elf/lib\libc.a(lib_a-mallocr.o)
 .comment       0x00000000       0x27 c:/altera/12.0sp2/nios2eds/bin/gnu/h-i686-mingw32/bin/../lib/gcc/nios2-elf/4.1.2/../../../../nios2-elf/lib\libc.a(lib_a-puts.o)
 .comment       0x00000000       0x27 c:/altera/12.0sp2/nios2eds/bin/gnu/h-i686-mingw32/bin/../lib/gcc/nios2-elf/4.1.2/../../../../nios2-elf/lib\libc.a(lib_a-rand.o)
 .comment       0x00000000       0x27 c:/altera/12.0sp2/nios2eds/bin/gnu/h-i686-mingw32/bin/../lib/gcc/nios2-elf/4.1.2/../../../../nios2-elf/lib\libc.a(lib_a-sbrkr.o)
 .comment       0x00000000       0x27 c:/altera/12.0sp2/nios2eds/bin/gnu/h-i686-mingw32/bin/../lib/gcc/nios2-elf/4.1.2/../../../../nios2-elf/lib\libc.a(lib_a-strlen.o)
 .comment       0x00000000       0x27 c:/altera/12.0sp2/nios2eds/bin/gnu/h-i686-mingw32/bin/../lib/gcc/nios2-elf/4.1.2/../../../../nios2-elf/lib\libc.a(lib_a-freer.o)
 .comment       0x00000000       0x27 c:/altera/12.0sp2/nios2eds/bin/gnu/h-i686-mingw32/bin/../lib/gcc/nios2-elf/4.1.2/../../../../nios2-elf/lib\libc.a(lib_a-fvwrite.o)
 .comment       0x00000000       0x27 c:/altera/12.0sp2/nios2eds/bin/gnu/h-i686-mingw32/bin/../lib/gcc/nios2-elf/4.1.2/../../../../nios2-elf/lib\libc.a(lib_a-int_errno.o)
 .comment       0x00000000       0x27 c:/altera/12.0sp2/nios2eds/bin/gnu/h-i686-mingw32/bin/../lib/gcc/nios2-elf/4.1.2/../../../../nios2-elf/lib\libc.a(lib_a-memchr.o)
 .comment       0x00000000       0x27 c:/altera/12.0sp2/nios2eds/bin/gnu/h-i686-mingw32/bin/../lib/gcc/nios2-elf/4.1.2/../../../../nios2-elf/lib\libc.a(lib_a-memcpy.o)
 .comment       0x00000000       0x27 c:/altera/12.0sp2/nios2eds/bin/gnu/h-i686-mingw32/bin/../lib/gcc/nios2-elf/4.1.2/../../../../nios2-elf/lib\libc.a(lib_a-memmove.o)
 .comment       0x00000000       0x27 c:/altera/12.0sp2/nios2eds/bin/gnu/h-i686-mingw32/bin/../lib/gcc/nios2-elf/4.1.2/../../../../nios2-elf/lib\libc.a(lib_a-reallocr.o)
 .comment       0x00000000       0x27 c:/altera/12.0sp2/nios2eds/bin/gnu/h-i686-mingw32/bin/../lib/gcc/nios2-elf/4.1.2/../../../../nios2-elf/lib\libc.a(lib_a-wsetup.o)
 .comment       0x00000000       0x27 c:/altera/12.0sp2/nios2eds/bin/gnu/h-i686-mingw32/bin/../lib/gcc/nios2-elf/4.1.2/../../../../nios2-elf/lib\libc.a(lib_a-fflush.o)
 .comment       0x00000000       0x27 c:/altera/12.0sp2/nios2eds/bin/gnu/h-i686-mingw32/bin/../lib/gcc/nios2-elf/4.1.2/../../../../nios2-elf/lib\libc.a(lib_a-findfp.o)
 .comment       0x00000000       0x27 c:/altera/12.0sp2/nios2eds/bin/gnu/h-i686-mingw32/bin/../lib/gcc/nios2-elf/4.1.2/../../../../nios2-elf/lib\libc.a(lib_a-fwalk.o)
 .comment       0x00000000       0x27 c:/altera/12.0sp2/nios2eds/bin/gnu/h-i686-mingw32/bin/../lib/gcc/nios2-elf/4.1.2/../../../../nios2-elf/lib\libc.a(lib_a-makebuf.o)
 .comment       0x00000000       0x27 c:/altera/12.0sp2/nios2eds/bin/gnu/h-i686-mingw32/bin/../lib/gcc/nios2-elf/4.1.2/../../../../nios2-elf/lib\libc.a(lib_a-memset.o)
 .comment       0x00000000       0x27 c:/altera/12.0sp2/nios2eds/bin/gnu/h-i686-mingw32/bin/../lib/gcc/nios2-elf/4.1.2/../../../../nios2-elf/lib\libc.a(lib_a-stdio.o)
 .comment       0x00000000       0x27 c:/altera/12.0sp2/nios2eds/bin/gnu/h-i686-mingw32/bin/../lib/gcc/nios2-elf/4.1.2/../../../../nios2-elf/lib\libc.a(lib_a-writer.o)
 .comment       0x00000000       0x27 c:/altera/12.0sp2/nios2eds/bin/gnu/h-i686-mingw32/bin/../lib/gcc/nios2-elf/4.1.2/../../../../nios2-elf/lib\libc.a(lib_a-closer.o)
 .comment       0x00000000       0x27 c:/altera/12.0sp2/nios2eds/bin/gnu/h-i686-mingw32/bin/../lib/gcc/nios2-elf/4.1.2/../../../../nios2-elf/lib\libc.a(lib_a-fclose.o)
 .comment       0x00000000       0x27 c:/altera/12.0sp2/nios2eds/bin/gnu/h-i686-mingw32/bin/../lib/gcc/nios2-elf/4.1.2/../../../../nios2-elf/lib\libc.a(lib_a-fstatr.o)
 .comment       0x00000000       0x27 c:/altera/12.0sp2/nios2eds/bin/gnu/h-i686-mingw32/bin/../lib/gcc/nios2-elf/4.1.2/../../../../nios2-elf/lib\libc.a(lib_a-isattyr.o)
 .comment       0x00000000       0x27 c:/altera/12.0sp2/nios2eds/bin/gnu/h-i686-mingw32/bin/../lib/gcc/nios2-elf/4.1.2/../../../../nios2-elf/lib\libc.a(lib_a-lseekr.o)
 .comment       0x00000000       0x27 c:/altera/12.0sp2/nios2eds/bin/gnu/h-i686-mingw32/bin/../lib/gcc/nios2-elf/4.1.2/../../../../nios2-elf/lib\libc.a(lib_a-readr.o)
 .comment       0x00000000       0x27 ../TowerDefence_bsp/\libhal_bsp.a(alt_alarm_start.o)
 .comment       0x00000000       0x27 ../TowerDefence_bsp/\libhal_bsp.a(alt_close.o)
 .comment       0x00000000       0x27 ../TowerDefence_bsp/\libhal_bsp.a(alt_dev.o)
 .comment       0x00000000       0x27 ../TowerDefence_bsp/\libhal_bsp.a(alt_errno.o)
 .comment       0x00000000       0x27 ../TowerDefence_bsp/\libhal_bsp.a(alt_fstat.o)
 .comment       0x00000000       0x27 ../TowerDefence_bsp/\libhal_bsp.a(alt_isatty.o)
 .comment       0x00000000       0x27 ../TowerDefence_bsp/\libhal_bsp.a(alt_load.o)
 .comment       0x00000000       0x27 ../TowerDefence_bsp/\libhal_bsp.a(alt_lseek.o)
 .comment       0x00000000       0x27 ../TowerDefence_bsp/\libhal_bsp.a(alt_main.o)
 .comment       0x00000000       0x27 ../TowerDefence_bsp/\libhal_bsp.a(alt_malloc_lock.o)
 .comment       0x00000000       0x27 ../TowerDefence_bsp/\libhal_bsp.a(alt_read.o)
 .comment       0x00000000       0x27 ../TowerDefence_bsp/\libhal_bsp.a(alt_release_fd.o)
 .comment       0x00000000       0x27 ../TowerDefence_bsp/\libhal_bsp.a(alt_sbrk.o)
 .comment       0x00000000       0x27 ../TowerDefence_bsp/\libhal_bsp.a(alt_tick.o)
 .comment       0x00000000       0x27 ../TowerDefence_bsp/\libhal_bsp.a(alt_usleep.o)
 .comment       0x00000000       0x27 ../TowerDefence_bsp/\libhal_bsp.a(alt_write.o)
 .comment       0x00000000       0x27 ../TowerDefence_bsp/\libhal_bsp.a(alt_sys_init.o)
 .comment       0x00000000       0x27 ../TowerDefence_bsp/\libhal_bsp.a(altera_avalon_jtag_uart_fd.o)
 .comment       0x00000000       0x27 ../TowerDefence_bsp/\libhal_bsp.a(altera_avalon_jtag_uart_init.o)
 .comment       0x00000000       0x27 ../TowerDefence_bsp/\libhal_bsp.a(altera_avalon_jtag_uart_ioctl.o)
 .comment       0x00000000       0x27 ../TowerDefence_bsp/\libhal_bsp.a(altera_avalon_jtag_uart_read.o)
 .comment       0x00000000       0x27 ../TowerDefence_bsp/\libhal_bsp.a(altera_avalon_jtag_uart_write.o)
 .comment       0x00000000       0x27 ../TowerDefence_bsp/\libhal_bsp.a(altera_avalon_timer_sc.o)
 .comment       0x00000000       0x27 ../TowerDefence_bsp/\libhal_bsp.a(altera_avalon_timer_vars.o)
 .comment       0x00000000       0x27 ../TowerDefence_bsp/\libhal_bsp.a(altera_up_avalon_video_character_buffer_with_dma.o)
 .comment       0x00000000       0x27 ../TowerDefence_bsp/\libhal_bsp.a(altera_up_avalon_video_pixel_buffer_dma.o)
 .comment       0x00000000       0x27 ../TowerDefence_bsp/\libhal_bsp.a(altera_up_sd_card_avalon_interface.o)
 .comment       0x00000000       0x27 ../TowerDefence_bsp/\libhal_bsp.a(alt_busy_sleep.o)
 .comment       0x00000000       0x27 ../TowerDefence_bsp/\libhal_bsp.a(alt_dcache_flush_all.o)
 .comment       0x00000000       0x27 ../TowerDefence_bsp/\libhal_bsp.a(alt_dev_llist_insert.o)
 .comment       0x00000000       0x27 ../TowerDefence_bsp/\libhal_bsp.a(alt_do_ctors.o)
 .comment       0x00000000       0x27 ../TowerDefence_bsp/\libhal_bsp.a(alt_do_dtors.o)
 .comment       0x00000000       0x27 ../TowerDefence_bsp/\libhal_bsp.a(alt_find_dev.o)
 .comment       0x00000000       0x27 ../TowerDefence_bsp/\libhal_bsp.a(alt_icache_flush_all.o)
 .comment       0x00000000       0x27 ../TowerDefence_bsp/\libhal_bsp.a(alt_iic.o)
 .comment       0x00000000       0x27 ../TowerDefence_bsp/\libhal_bsp.a(alt_iic_isr_register.o)
 .comment       0x00000000       0x27 ../TowerDefence_bsp/\libhal_bsp.a(alt_io_redirect.o)
 .comment       0x00000000       0x27 ../TowerDefence_bsp/\libhal_bsp.a(alt_irq_handler.o)
 .comment       0x00000000       0x27 ../TowerDefence_bsp/\libhal_bsp.a(alt_irq_vars.o)
 .comment       0x00000000       0x27 ../TowerDefence_bsp/\libhal_bsp.a(alt_open.o)
 .comment       0x00000000       0x27 ../TowerDefence_bsp/\libhal_bsp.a(altera_nios2_qsys_irq.o)
 .comment       0x00000000       0x27 ../TowerDefence_bsp/\libhal_bsp.a(alt_find_file.o)
 .comment       0x00000000       0x27 ../TowerDefence_bsp/\libhal_bsp.a(alt_get_fd.o)
 .comment       0x00000000       0x27 ../TowerDefence_bsp/\libhal_bsp.a(alt_icache_flush.o)
 .comment       0x00000000       0x27 c:/altera/12.0sp2/nios2eds/bin/gnu/h-i686-mingw32/bin/../lib/gcc/nios2-elf/4.1.2/../../../../nios2-elf/lib\libc.a(lib_a-atexit.o)
 .comment       0x00000000       0x27 c:/altera/12.0sp2/nios2eds/bin/gnu/h-i686-mingw32/bin/../lib/gcc/nios2-elf/4.1.2/../../../../nios2-elf/lib\libc.a(lib_a-exit.o)
 .comment       0x00000000       0x27 c:/altera/12.0sp2/nios2eds/bin/gnu/h-i686-mingw32/bin/../lib/gcc/nios2-elf/4.1.2/../../../../nios2-elf/lib\libc.a(lib_a-memcmp.o)
 .comment       0x00000000       0x27 c:/altera/12.0sp2/nios2eds/bin/gnu/h-i686-mingw32/bin/../lib/gcc/nios2-elf/4.1.2/../../../../nios2-elf/lib\libc.a(lib_a-strcmp.o)
 .comment       0x00000000       0x27 c:/altera/12.0sp2/nios2eds/bin/gnu/h-i686-mingw32/bin/../lib/gcc/nios2-elf/4.1.2/../../../../nios2-elf/lib\libc.a(lib_a-__atexit.o)
 .comment       0x00000000       0x27 c:/altera/12.0sp2/nios2eds/bin/gnu/h-i686-mingw32/bin/../lib/gcc/nios2-elf/4.1.2/../../../../nios2-elf/lib\libc.a(lib_a-__call_atexit.o)
 .comment       0x00000000       0x27 ../TowerDefence_bsp/\libhal_bsp.a(alt_exit.o)

.debug
 *(.debug)

.line
 *(.line)

.debug_srcinfo
 *(.debug_srcinfo)

.debug_sfnames
 *(.debug_sfnames)

.debug_aranges  0x00000000      0xd58
 *(.debug_aranges)
 .debug_aranges
                0x00000000       0x28 ../TowerDefence_bsp//obj/HAL/src/crt0.o
 .debug_aranges
                0x00000028       0x20 obj/default/Env.o
 .debug_aranges
                0x00000048       0x20 obj/default/Game.o
 .debug_aranges
                0x00000068       0x20 obj/default/Object.o
 .debug_aranges
                0x00000088       0x20 obj/default/animation.o
 .debug_aranges
                0x000000a8       0x20 c:/altera/12.0sp2/nios2eds/bin/gnu/h-i686-mingw32/bin/../lib/gcc/nios2-elf/4.1.2/../../../../nios2-elf/lib\libm.a(lib_a-w_sqrt.o)
 .debug_aranges
                0x000000c8       0x20 c:/altera/12.0sp2/nios2eds/bin/gnu/h-i686-mingw32/bin/../lib/gcc/nios2-elf/4.1.2/../../../../nios2-elf/lib\libm.a(lib_a-e_sqrt.o)
 .debug_aranges
                0x000000e8       0x20 c:/altera/12.0sp2/nios2eds/bin/gnu/h-i686-mingw32/bin/../lib/gcc/nios2-elf/4.1.2/../../../../nios2-elf/lib\libm.a(lib_a-s_isnand.o)
 .debug_aranges
                0x00000108       0x20 c:/altera/12.0sp2/nios2eds/bin/gnu/h-i686-mingw32/bin/../lib/gcc/nios2-elf/4.1.2/../../../../nios2-elf/lib\libm.a(lib_a-s_matherr.o)
 .debug_aranges
                0x00000128       0x20 c:/altera/12.0sp2/nios2eds/bin/gnu/h-i686-mingw32/bin/../lib/gcc/nios2-elf/4.1.2\libgcc.a(_le_sf.o)
 .debug_aranges
                0x00000148       0x20 c:/altera/12.0sp2/nios2eds/bin/gnu/h-i686-mingw32/bin/../lib/gcc/nios2-elf/4.1.2\libgcc.a(_si_to_sf.o)
 .debug_aranges
                0x00000168       0x20 c:/altera/12.0sp2/nios2eds/bin/gnu/h-i686-mingw32/bin/../lib/gcc/nios2-elf/4.1.2\libgcc.a(_sf_to_df.o)
 .debug_aranges
                0x00000188       0x20 c:/altera/12.0sp2/nios2eds/bin/gnu/h-i686-mingw32/bin/../lib/gcc/nios2-elf/4.1.2\libgcc.a(_addsub_df.o)
 .debug_aranges
                0x000001a8       0x20 c:/altera/12.0sp2/nios2eds/bin/gnu/h-i686-mingw32/bin/../lib/gcc/nios2-elf/4.1.2\libgcc.a(_mul_df.o)
 .debug_aranges
                0x000001c8       0x20 c:/altera/12.0sp2/nios2eds/bin/gnu/h-i686-mingw32/bin/../lib/gcc/nios2-elf/4.1.2\libgcc.a(_div_df.o)
 .debug_aranges
                0x000001e8       0x20 c:/altera/12.0sp2/nios2eds/bin/gnu/h-i686-mingw32/bin/../lib/gcc/nios2-elf/4.1.2\libgcc.a(_lt_df.o)
 .debug_aranges
                0x00000208       0x20 c:/altera/12.0sp2/nios2eds/bin/gnu/h-i686-mingw32/bin/../lib/gcc/nios2-elf/4.1.2\libgcc.a(_make_df.o)
 .debug_aranges
                0x00000228       0x20 c:/altera/12.0sp2/nios2eds/bin/gnu/h-i686-mingw32/bin/../lib/gcc/nios2-elf/4.1.2\libgcc.a(_df_to_sf.o)
 .debug_aranges
                0x00000248       0x20 c:/altera/12.0sp2/nios2eds/bin/gnu/h-i686-mingw32/bin/../lib/gcc/nios2-elf/4.1.2\libgcc.a(lib2-divmod.o)
 .debug_aranges
                0x00000268       0x20 c:/altera/12.0sp2/nios2eds/bin/gnu/h-i686-mingw32/bin/../lib/gcc/nios2-elf/4.1.2\libgcc.a(_muldi3.o)
 .debug_aranges
                0x00000288       0x20 c:/altera/12.0sp2/nios2eds/bin/gnu/h-i686-mingw32/bin/../lib/gcc/nios2-elf/4.1.2\libgcc.a(_clzsi2.o)
 .debug_aranges
                0x000002a8       0x20 c:/altera/12.0sp2/nios2eds/bin/gnu/h-i686-mingw32/bin/../lib/gcc/nios2-elf/4.1.2\libgcc.a(_pack_sf.o)
 .debug_aranges
                0x000002c8       0x20 c:/altera/12.0sp2/nios2eds/bin/gnu/h-i686-mingw32/bin/../lib/gcc/nios2-elf/4.1.2\libgcc.a(_unpack_sf.o)
 .debug_aranges
                0x000002e8       0x20 c:/altera/12.0sp2/nios2eds/bin/gnu/h-i686-mingw32/bin/../lib/gcc/nios2-elf/4.1.2\libgcc.a(_fpcmp_parts_sf.o)
 .debug_aranges
                0x00000308       0x20 c:/altera/12.0sp2/nios2eds/bin/gnu/h-i686-mingw32/bin/../lib/gcc/nios2-elf/4.1.2\libgcc.a(_make_sf.o)
 .debug_aranges
                0x00000328       0x20 c:/altera/12.0sp2/nios2eds/bin/gnu/h-i686-mingw32/bin/../lib/gcc/nios2-elf/4.1.2\libgcc.a(_pack_df.o)
 .debug_aranges
                0x00000348       0x20 c:/altera/12.0sp2/nios2eds/bin/gnu/h-i686-mingw32/bin/../lib/gcc/nios2-elf/4.1.2\libgcc.a(_unpack_df.o)
 .debug_aranges
                0x00000368       0x20 c:/altera/12.0sp2/nios2eds/bin/gnu/h-i686-mingw32/bin/../lib/gcc/nios2-elf/4.1.2\libgcc.a(_fpcmp_parts_df.o)
 .debug_aranges
                0x00000388       0x20 c:/altera/12.0sp2/nios2eds/bin/gnu/h-i686-mingw32/bin/../lib/gcc/nios2-elf/4.1.2/../../../../nios2-elf/lib\libc.a(lib_a-errno.o)
 .debug_aranges
                0x000003a8       0x20 c:/altera/12.0sp2/nios2eds/bin/gnu/h-i686-mingw32/bin/../lib/gcc/nios2-elf/4.1.2/../../../../nios2-elf/lib\libc.a(lib_a-malloc.o)
 .debug_aranges
                0x000003c8       0x20 c:/altera/12.0sp2/nios2eds/bin/gnu/h-i686-mingw32/bin/../lib/gcc/nios2-elf/4.1.2/../../../../nios2-elf/lib\libc.a(lib_a-mallocr.o)
 .debug_aranges
                0x000003e8       0x20 c:/altera/12.0sp2/nios2eds/bin/gnu/h-i686-mingw32/bin/../lib/gcc/nios2-elf/4.1.2/../../../../nios2-elf/lib\libc.a(lib_a-puts.o)
 .debug_aranges
                0x00000408       0x20 c:/altera/12.0sp2/nios2eds/bin/gnu/h-i686-mingw32/bin/../lib/gcc/nios2-elf/4.1.2/../../../../nios2-elf/lib\libc.a(lib_a-rand.o)
 .debug_aranges
                0x00000428       0x20 c:/altera/12.0sp2/nios2eds/bin/gnu/h-i686-mingw32/bin/../lib/gcc/nios2-elf/4.1.2/../../../../nios2-elf/lib\libc.a(lib_a-sbrkr.o)
 .debug_aranges
                0x00000448       0x20 c:/altera/12.0sp2/nios2eds/bin/gnu/h-i686-mingw32/bin/../lib/gcc/nios2-elf/4.1.2/../../../../nios2-elf/lib\libc.a(lib_a-strlen.o)
 .debug_aranges
                0x00000468       0x20 c:/altera/12.0sp2/nios2eds/bin/gnu/h-i686-mingw32/bin/../lib/gcc/nios2-elf/4.1.2/../../../../nios2-elf/lib\libc.a(lib_a-freer.o)
 .debug_aranges
                0x00000488       0x20 c:/altera/12.0sp2/nios2eds/bin/gnu/h-i686-mingw32/bin/../lib/gcc/nios2-elf/4.1.2/../../../../nios2-elf/lib\libc.a(lib_a-fvwrite.o)
 .debug_aranges
                0x000004a8       0x20 c:/altera/12.0sp2/nios2eds/bin/gnu/h-i686-mingw32/bin/../lib/gcc/nios2-elf/4.1.2/../../../../nios2-elf/lib\libc.a(lib_a-memchr.o)
 .debug_aranges
                0x000004c8       0x20 c:/altera/12.0sp2/nios2eds/bin/gnu/h-i686-mingw32/bin/../lib/gcc/nios2-elf/4.1.2/../../../../nios2-elf/lib\libc.a(lib_a-memcpy.o)
 .debug_aranges
                0x000004e8       0x20 c:/altera/12.0sp2/nios2eds/bin/gnu/h-i686-mingw32/bin/../lib/gcc/nios2-elf/4.1.2/../../../../nios2-elf/lib\libc.a(lib_a-memmove.o)
 .debug_aranges
                0x00000508       0x20 c:/altera/12.0sp2/nios2eds/bin/gnu/h-i686-mingw32/bin/../lib/gcc/nios2-elf/4.1.2/../../../../nios2-elf/lib\libc.a(lib_a-reallocr.o)
 .debug_aranges
                0x00000528       0x20 c:/altera/12.0sp2/nios2eds/bin/gnu/h-i686-mingw32/bin/../lib/gcc/nios2-elf/4.1.2/../../../../nios2-elf/lib\libc.a(lib_a-wsetup.o)
 .debug_aranges
                0x00000548       0x20 c:/altera/12.0sp2/nios2eds/bin/gnu/h-i686-mingw32/bin/../lib/gcc/nios2-elf/4.1.2/../../../../nios2-elf/lib\libc.a(lib_a-fflush.o)
 .debug_aranges
                0x00000568       0x20 c:/altera/12.0sp2/nios2eds/bin/gnu/h-i686-mingw32/bin/../lib/gcc/nios2-elf/4.1.2/../../../../nios2-elf/lib\libc.a(lib_a-findfp.o)
 .debug_aranges
                0x00000588       0x20 c:/altera/12.0sp2/nios2eds/bin/gnu/h-i686-mingw32/bin/../lib/gcc/nios2-elf/4.1.2/../../../../nios2-elf/lib\libc.a(lib_a-fwalk.o)
 .debug_aranges